stm32_adafruit_lcd.c:117:9:BSP_LCD_Init	16	static
stm32_adafruit_lcd.c:143:10:BSP_LCD_GetXSize	8	static
stm32_adafruit_lcd.c:153:10:BSP_LCD_GetYSize	8	static
stm32_adafruit_lcd.c:163:10:BSP_LCD_GetTextColor	4	static
stm32_adafruit_lcd.c:173:10:BSP_LCD_GetBackColor	4	static
stm32_adafruit_lcd.c:183:6:BSP_LCD_SetTextColor	16	static
stm32_adafruit_lcd.c:193:6:BSP_LCD_SetBackColor	16	static
stm32_adafruit_lcd.c:203:6:BSP_LCD_SetFont	16	static
stm32_adafruit_lcd.c:213:11:BSP_LCD_GetFont	4	static
stm32_adafruit_lcd.c:223:6:BSP_LCD_Clear	32	static
stm32_adafruit_lcd.c:229:6:BSP_LCD_Draw_Text	32	static
stm32_adafruit_lcd.c:239:6:BSP_LCD_Draw_Char_Simple	48	static
stm32_adafruit_lcd.c:263:6:BSP_LCD_Draw_Char	4952	static
stm32_adafruit_lcd.c:325:6:BSP_LCD_DrawPixel	16	static
stm32_adafruit_lcd.c:340:6:BSP_LCD_DrawHLine	32	static
stm32_adafruit_lcd.c:364:6:BSP_LCD_DrawVLine	32	static
stm32_adafruit_lcd.c:389:6:BSP_LCD_DrawLine	56	static
stm32_adafruit_lcd.c:464:6:BSP_LCD_DrawRect	24	static
stm32_adafruit_lcd.c:482:6:BSP_LCD_DrawCircle	32	static
stm32_adafruit_lcd.c:522:6:BSP_LCD_DrawPolygon	32	static
stm32_adafruit_lcd.c:550:6:BSP_LCD_DrawEllipse	56	static
stm32_adafruit_lcd.c:583:6:BSP_LCD_DrawBitmap	32	static
stm32_adafruit_lcd.c:611:6:BSP_LCD_FillRect	32	static
stm32_adafruit_lcd.c:623:6:BSP_LCD_FillCircle	32	static
stm32_adafruit_lcd.c:670:6:BSP_LCD_FillPolygon	64	static
stm32_adafruit_lcd.c:738:6:BSP_LCD_FillEllipse	56	static
stm32_adafruit_lcd.c:769:6:BSP_LCD_DisplayOn	8	static
stm32_adafruit_lcd.c:779:6:BSP_LCD_DisplayOff	8	static
stm32_adafruit_lcd.c:799:6:BSP_LCD_FillTriangle	72	static
stm32_adafruit_lcd.c:888:13:SetDisplayWindow	24	static
stm32_adafruit_lcd.c:901:10:BSP_LCD_ReadID	8	static
stm32_adafruit_lcd.c:915:10:BSP_LCD_ReadPixel	16	static
stm32_adafruit_lcd.c:932:6:BSP_LCD_DrawRGB16Image	32	static
stm32_adafruit_lcd.c:946:6:BSP_LCD_ReadRGB16Image	32	static
stm32_adafruit_lcd.c:958:6:BSP_LCD_Scroll	16	static
