Archive member included to satisfy reference by file (symbol)

f:/stm32cubeide_1.3.0/stm32cubeide/plugins/com.st.stm32cube.ide.mcu.externaltools.gnu-tools-for-stm32.9-2020-q2-update.win32_2.0.0.202105311346/tools/bin/../lib/gcc/arm-none-eabi/9.3.1/../../../../arm-none-eabi/lib/thumb/v7-m/nofp\libstdc++_nano.a(del_ops.o)
                              ./Core/Src/FlickerFreeText.o (operator delete(void*, unsigned int))
f:/stm32cubeide_1.3.0/stm32cubeide/plugins/com.st.stm32cube.ide.mcu.externaltools.gnu-tools-for-stm32.9-2020-q2-update.win32_2.0.0.202105311346/tools/bin/../lib/gcc/arm-none-eabi/9.3.1/../../../../arm-none-eabi/lib/thumb/v7-m/nofp\libstdc++_nano.a(del_opv.o)
                              ./Core/Src/FlickerFreeText.o (operator delete[](void*))
f:/stm32cubeide_1.3.0/stm32cubeide/plugins/com.st.stm32cube.ide.mcu.externaltools.gnu-tools-for-stm32.9-2020-q2-update.win32_2.0.0.202105311346/tools/bin/../lib/gcc/arm-none-eabi/9.3.1/../../../../arm-none-eabi/lib/thumb/v7-m/nofp\libstdc++_nano.a(new_op.o)
                              ./Core/Src/FlickerFreeText.o (operator new(unsigned int))
f:/stm32cubeide_1.3.0/stm32cubeide/plugins/com.st.stm32cube.ide.mcu.externaltools.gnu-tools-for-stm32.9-2020-q2-update.win32_2.0.0.202105311346/tools/bin/../lib/gcc/arm-none-eabi/9.3.1/../../../../arm-none-eabi/lib/thumb/v7-m/nofp\libstdc++_nano.a(new_opv.o)
                              ./Core/Src/FlickerFreeText.o (operator new[](unsigned int))
f:/stm32cubeide_1.3.0/stm32cubeide/plugins/com.st.stm32cube.ide.mcu.externaltools.gnu-tools-for-stm32.9-2020-q2-update.win32_2.0.0.202105311346/tools/bin/../lib/gcc/arm-none-eabi/9.3.1/../../../../arm-none-eabi/lib/thumb/v7-m/nofp\libstdc++_nano.a(del_op.o)
                              f:/stm32cubeide_1.3.0/stm32cubeide/plugins/com.st.stm32cube.ide.mcu.externaltools.gnu-tools-for-stm32.9-2020-q2-update.win32_2.0.0.202105311346/tools/bin/../lib/gcc/arm-none-eabi/9.3.1/../../../../arm-none-eabi/lib/thumb/v7-m/nofp\libstdc++_nano.a(del_ops.o) (operator delete(void*))
f:/stm32cubeide_1.3.0/stm32cubeide/plugins/com.st.stm32cube.ide.mcu.externaltools.gnu-tools-for-stm32.9-2020-q2-update.win32_2.0.0.202105311346/tools/bin/../lib/gcc/arm-none-eabi/9.3.1/../../../../arm-none-eabi/lib/thumb/v7-m/nofp\libstdc++_nano.a(new_handler.o)
                              f:/stm32cubeide_1.3.0/stm32cubeide/plugins/com.st.stm32cube.ide.mcu.externaltools.gnu-tools-for-stm32.9-2020-q2-update.win32_2.0.0.202105311346/tools/bin/../lib/gcc/arm-none-eabi/9.3.1/../../../../arm-none-eabi/lib/thumb/v7-m/nofp\libstdc++_nano.a(new_op.o) (std::get_new_handler())
f:/stm32cubeide_1.3.0/stm32cubeide/plugins/com.st.stm32cube.ide.mcu.externaltools.gnu-tools-for-stm32.9-2020-q2-update.win32_2.0.0.202105311346/tools/bin/../lib/gcc/arm-none-eabi/9.3.1/../../../../arm-none-eabi/lib/thumb/v7-m/nofp\libc_nano.a(lib_a-abort.o)
                              f:/stm32cubeide_1.3.0/stm32cubeide/plugins/com.st.stm32cube.ide.mcu.externaltools.gnu-tools-for-stm32.9-2020-q2-update.win32_2.0.0.202105311346/tools/bin/../lib/gcc/arm-none-eabi/9.3.1/../../../../arm-none-eabi/lib/thumb/v7-m/nofp\libstdc++_nano.a(new_op.o) (abort)
f:/stm32cubeide_1.3.0/stm32cubeide/plugins/com.st.stm32cube.ide.mcu.externaltools.gnu-tools-for-stm32.9-2020-q2-update.win32_2.0.0.202105311346/tools/bin/../lib/gcc/arm-none-eabi/9.3.1/../../../../arm-none-eabi/lib/thumb/v7-m/nofp\libc_nano.a(lib_a-errno.o)
                              ./Core/Src/syscalls.o (__errno)
f:/stm32cubeide_1.3.0/stm32cubeide/plugins/com.st.stm32cube.ide.mcu.externaltools.gnu-tools-for-stm32.9-2020-q2-update.win32_2.0.0.202105311346/tools/bin/../lib/gcc/arm-none-eabi/9.3.1/../../../../arm-none-eabi/lib/thumb/v7-m/nofp\libc_nano.a(lib_a-exit.o)
                              f:/stm32cubeide_1.3.0/stm32cubeide/plugins/com.st.stm32cube.ide.mcu.externaltools.gnu-tools-for-stm32.9-2020-q2-update.win32_2.0.0.202105311346/tools/bin/../lib/gcc/arm-none-eabi/9.3.1/../../../../arm-none-eabi/lib/thumb/v7-m/nofp/crt0.o (exit)
f:/stm32cubeide_1.3.0/stm32cubeide/plugins/com.st.stm32cube.ide.mcu.externaltools.gnu-tools-for-stm32.9-2020-q2-update.win32_2.0.0.202105311346/tools/bin/../lib/gcc/arm-none-eabi/9.3.1/../../../../arm-none-eabi/lib/thumb/v7-m/nofp\libc_nano.a(lib_a-impure.o)
                              f:/stm32cubeide_1.3.0/stm32cubeide/plugins/com.st.stm32cube.ide.mcu.externaltools.gnu-tools-for-stm32.9-2020-q2-update.win32_2.0.0.202105311346/tools/bin/../lib/gcc/arm-none-eabi/9.3.1/../../../../arm-none-eabi/lib/thumb/v7-m/nofp\libc_nano.a(lib_a-exit.o) (_global_impure_ptr)
f:/stm32cubeide_1.3.0/stm32cubeide/plugins/com.st.stm32cube.ide.mcu.externaltools.gnu-tools-for-stm32.9-2020-q2-update.win32_2.0.0.202105311346/tools/bin/../lib/gcc/arm-none-eabi/9.3.1/../../../../arm-none-eabi/lib/thumb/v7-m/nofp\libc_nano.a(lib_a-init.o)
[...]
Memory Configuration

Name             Origin             Length             Attributes
RAM              0x0000000020000000 0x0000000000005000 xrw
FLASH            0x0000000008000000 0x0000000000020000 xr
*default*        0x0000000000000000 0xffffffffffffffff

Linker script and memory map

LOAD f:/stm32cubeide_1.3.0/stm32cubeide/plugins/com.st.stm32cube.ide.mcu.externaltools.gnu-tools-for-stm32.9-2020-q2-update.win32_2.0.0.202105311346/tools/bin/../lib/gcc/arm-none-eabi/9.3.1/thumb/v7-m/nofp/crti.o
LOAD f:/stm32cubeide_1.3.0/stm32cubeide/plugins/com.st.stm32cube.ide.mcu.externaltools.gnu-tools-for-stm32.9-2020-q2-update.win32_2.0.0.202105311346/tools/bin/../lib/gcc/arm-none-eabi/9.3.1/thumb/v7-m/nofp/crtbegin.o
LOAD f:/stm32cubeide_1.3.0/stm32cubeide/plugins/com.st.stm32cube.ide.mcu.externaltools.gnu-tools-for-stm32.9-2020-q2-update.win32_2.0.0.202105311346/tools/bin/../lib/gcc/arm-none-eabi/9.3.1/../../../../arm-none-eabi/lib/thumb/v7-m/nofp/crt0.o
LOAD ./Core/Src/FlickerFreeChar.o
LOAD ./Core/Src/FlickerFreeText.o
LOAD ./Core/Src/LCDTelemetry.o
LOAD ./Core/Src/MainPage.o
LOAD ./Core/Src/OutLapPage.o
LOAD ./Core/Src/cppmain.o
LOAD ./Core/Src/main.o
LOAD ./Core/Src/stm32f1xx_hal_msp.o
LOAD ./Core/Src/stm32f1xx_it.o
LOAD ./Core/Src/syscalls.o
LOAD ./Core/Src/sysmem.o
LOAD ./Core/Src/system_stm32f1xx.o
LOAD ./Core/Src/ws2812.o
LOAD ./Core/Src/Lcd/Fonts/FreeSans12pt7b.o
LOAD ./Core/Src/Lcd/Fonts/FreeSans18pt7b.o
LOAD ./Core/Src/Lcd/Fonts/FreeSans24pt7b.o
LOAD ./Core/Src/Lcd/Fonts/FreeSans9pt7b.o
LOAD ./Core/Src/Lcd/Fonts/MokiLean18pt7b.o
LOAD ./Core/Src/Lcd/ili9488.o
LOAD ./Core/Src/Lcd/lcdts_io_gpio8.o
LOAD ./Core/Src/Lcd/stm32_adafruit_lcd.o
LOAD ./Core/Src/Lcd/stm32_adafruit_ts.o
LOAD ./Core/Startup/startup_stm32f103c8tx.o
LOAD ./Drivers/STM32F1xx_HAL_Driver/Src/stm32f1xx_hal.o
LOAD ./Drivers/STM32F1xx_HAL_Driver/Src/stm32f1xx_hal_adc.o
LOAD ./Drivers/STM32F1xx_HAL_Driver/Src/stm32f1xx_hal_adc_ex.o
LOAD ./Drivers/STM32F1xx_HAL_Driver/Src/stm32f1xx_hal_cortex.o
LOAD ./Drivers/STM32F1xx_HAL_Driver/Src/stm32f1xx_hal_dma.o
LOAD ./Drivers/STM32F1xx_HAL_Driver/Src/stm32f1xx_hal_exti.o
LOAD ./Drivers/STM32F1xx_HAL_Driver/Src/stm32f1xx_hal_flash.o
LOAD ./Drivers/STM32F1xx_HAL_Driver/Src/stm32f1xx_hal_flash_ex.o
LOAD ./Drivers/STM32F1xx_HAL_Driver/Src/stm32f1xx_hal_gpio.o
LOAD ./Drivers/STM32F1xx_HAL_Driver/Src/stm32f1xx_hal_gpio_ex.o
LOAD ./Drivers/STM32F1xx_HAL_Driver/Src/stm32f1xx_hal_i2c.o
LOAD ./Drivers/STM32F1xx_HAL_Driver/Src/stm32f1xx_hal_pwr.o
LOAD ./Drivers/STM32F1xx_HAL_Driver/Src/stm32f1xx_hal_rcc.o
LOAD ./Drivers/STM32F1xx_HAL_Driver/Src/stm32f1xx_hal_rcc_ex.o
LOAD ./Drivers/STM32F1xx_HAL_Driver/Src/stm32f1xx_hal_tim.o
LOAD ./Drivers/STM32F1xx_HAL_Driver/Src/stm32f1xx_hal_tim_ex.o
START GROUP
LOAD f:/stm32cubeide_1.3.0/stm32cubeide/plugins/com.st.stm32cube.ide.mcu.externaltools.gnu-tools-for-stm32.9-2020-q2-update.win32_2.0.0.202105311346/tools/bin/../lib/gcc/arm-none-eabi/9.3.1/../../../../arm-none-eabi/lib/thumb/v7-m/nofp\libstdc++_nano.a
LOAD f:/stm32cubeide_1.3.0/stm32cubeide/plugins/com.st.stm32cube.ide.mcu.externaltools.gnu-tools-for-stm32.9-2020-q2-update.win32_2.0.0.202105311346/tools/bin/../lib/gcc/arm-none-eabi/9.3.1/../../../../arm-none-eabi/lib/thumb/v7-m/nofp\libsupc++_nano.a
END GROUP
LOAD f:/stm32cubeide_1.3.0/stm32cubeide/plugins/com.st.stm32cube.ide.mcu.externaltools.gnu-tools-for-stm32.9-2020-q2-update.win32_2.0.0.202105311346/tools/bin/../lib/gcc/arm-none-eabi/9.3.1/../../../../arm-none-eabi/lib/thumb/v7-m/nofp\libstdc++_nano.a
LOAD f:/stm32cubeide_1.3.0/stm32cubeide/plugins/com.st.stm32cube.ide.mcu.externaltools.gnu-tools-for-stm32.9-2020-q2-update.win32_2.0.0.202105311346/tools/bin/../lib/gcc/arm-none-eabi/9.3.1/../../../../arm-none-eabi/lib/thumb/v7-m/nofp\libm.a
LOAD f:/stm32cubeide_1.3.0/stm32cubeide/plugins/com.st.stm32cube.ide.mcu.externaltools.gnu-tools-for-stm32.9-2020-q2-update.win32_2.0.0.202105311346/tools/bin/../lib/gcc/arm-none-eabi/9.3.1/../../../../arm-none-eabi/lib/thumb/v7-m/nofp\libc_nano.a
START GROUP
LOAD f:/stm32cubeide_1.3.0/stm32cubeide/plugins/com.st.stm32cube.ide.mcu.externaltools.gnu-tools-for-stm32.9-2020-q2-update.win32_2.0.0.202105311346/tools/bin/../lib/gcc/arm-none-eabi/9.3.1/thumb/v7-m/nofp\libgcc.a
LOAD f:/stm32cubeide_1.3.0/stm32cubeide/plugins/com.st.stm32cube.ide.mcu.externaltools.gnu-tools-for-stm32.9-2020-q2-update.win32_2.0.0.202105311346/tools/bin/../lib/gcc/arm-none-eabi/9.3.1/../../../../arm-none-eabi/lib/thumb/v7-m/nofp\libc_nano.a
END GROUP
START GROUP
LOAD f:/stm32cubeide_1.3.0/stm32cubeide/plugins/com.st.stm32cube.ide.mcu.externaltools.gnu-tools-for-stm32.9-2020-q2-update.win32_2.0.0.202105311346/tools/bin/../lib/gcc/arm-none-eabi/9.3.1/thumb/v7-m/nofp\libgcc.a
LOAD f:/stm32cubeide_1.3.0/stm32cubeide/plugins/com.st.stm32cube.ide.mcu.externaltools.gnu-tools-for-stm32.9-2020-q2-update.win32_2.0.0.202105311346/tools/bin/../lib/gcc/arm-none-eabi/9.3.1/../../../../arm-none-eabi/lib/thumb/v7-m/nofp\libc_nano.a
LOAD f:/stm32cubeide_1.3.0/stm32cubeide/plugins/com.st.stm32cube.ide.mcu.externaltools.gnu-tools-for-stm32.9-2020-q2-update.win32_2.0.0.202105311346/tools/bin/../lib/gcc/arm-none-eabi/9.3.1/../../../../arm-none-eabi/lib/thumb/v7-m/nofp\libnosys.a
END GROUP
START GROUP
LOAD f:/stm32cubeide_1.3.0/stm32cubeide/plugins/com.st.stm32cube.ide.mcu.externaltools.gnu-tools-for-stm32.9-2020-q2-update.win32_2.0.0.202105311346/tools/bin/../lib/gcc/arm-none-eabi/9.3.1/thumb/v7-m/nofp\libgcc.a
LOAD f:/stm32cubeide_1.3.0/stm32cubeide/plugins/com.st.stm32cube.ide.mcu.externaltools.gnu-tools-for-stm32.9-2020-q2-update.win32_2.0.0.202105311346/tools/bin/../lib/gcc/arm-none-eabi/9.3.1/../../../../arm-none-eabi/lib/thumb/v7-m/nofp\libc_nano.a
LOAD f:/stm32cubeide_1.3.0/stm32cubeide/plugins/com.st.stm32cube.ide.mcu.externaltools.gnu-tools-for-stm32.9-2020-q2-update.win32_2.0.0.202105311346/tools/bin/../lib/gcc/arm-none-eabi/9.3.1/../../../../arm-none-eabi/lib/thumb/v7-m/nofp\libnosys.a
END GROUP
LOAD f:/stm32cubeide_1.3.0/stm32cubeide/plugins/com.st.stm32cube.ide.mcu.externaltools.gnu-tools-for-stm32.9-2020-q2-update.win32_2.0.0.202105311346/tools/bin/../lib/gcc/arm-none-eabi/9.3.1/thumb/v7-m/nofp/crtend.o
LOAD f:/stm32cubeide_1.3.0/stm32cubeide/plugins/com.st.stm32cube.ide.mcu.externaltools.gnu-tools-for-stm32.9-2020-q2-update.win32_2.0.0.202105311346/tools/bin/../lib/gcc/arm-none-eabi/9.3.1/thumb/v7-m/nofp/crtn.o
                0x0000000020005000                _estack = (ORIGIN (RAM) + LENGTH (RAM))
                0x0000000000000200                _Min_Heap_Size = 0x200
                0x0000000000000400                _Min_Stack_Size = 0x400

.isr_vector     0x0000000008000000      0x10c
                0x0000000008000000                . = ALIGN (0x4)
 *(.isr_vector)
 .isr_vector    0x0000000008000000      0x10c ./Core/Startup/startup_stm32f103c8tx.o
                0x0000000008000000                g_pfnVectors
                0x000000000800010c                . = ALIGN (0x4)

.text           0x000000000800010c     0xba58
                0x000000000800010c                . = ALIGN (0x4)
 *(.text)
 .text          0x000000000800010c       0x40 f:/stm32cubeide_1.3.0/stm32cubeide/plugins/com.st.stm32cube.ide.mcu.externaltools.gnu-tools-for-stm32.9-2020-q2-update.win32_2.0.0.202105311346/tools/bin/../lib/gcc/arm-none-eabi/9.3.1/thumb/v7-m/nofp/crtbegin.o
 *(.text*)
 .text._ZN15FlickerFreeCharC2Etth
                0x000000000800014c       0x40 ./Core/Src/FlickerFreeChar.o
                0x000000000800014c                FlickerFreeChar::FlickerFreeChar(unsigned short, unsigned short, unsigned char)
                0x000000000800014c                FlickerFreeChar::FlickerFreeChar(unsigned short, unsigned short, unsigned char)
 .text._ZN15FlickerFreeChar9Draw_CharEh
                0x000000000800018c       0x38 ./Core/Src/FlickerFreeChar.o
                0x000000000800018c                FlickerFreeChar::Draw_Char(unsigned char)
 .text._ZN15FlickerFreeTextC2EtthPhh
                0x00000000080001c4       0xf8 ./Core/Src/FlickerFreeText.o
                0x00000000080001c4                FlickerFreeText::FlickerFreeText(unsigned short, unsigned short, unsigned char, unsigned char*, unsigned char)
                0x00000000080001c4                FlickerFreeText::FlickerFreeText(unsigned short, unsigned short, unsigned char, unsigned char*, unsigned char)
 .text._ZN15FlickerFreeTextD2Ev
                0x00000000080002bc       0x64 ./Core/Src/FlickerFreeText.o
                0x00000000080002bc                FlickerFreeText::~FlickerFreeText()
                0x00000000080002bc                FlickerFreeText::~FlickerFreeText()
 .text._ZN15FlickerFreeText9Draw_TextEPhh
                0x0000000008000320       0x70 ./Core/Src/FlickerFreeText.o
                0x0000000008000320                FlickerFreeText::Draw_Text(unsigned char*, unsigned char)
 .text._ZN12LCDTelemetryC2Ev
                0x0000000008000390      0x17c ./Core/Src/LCDTelemetry.o
                0x0000000008000390                LCDTelemetry::LCDTelemetry()
                0x0000000008000390                LCDTelemetry::LCDTelemetry()
 .text._ZN12LCDTelemetry6UpdateE9Telemetry
                0x000000000800050c      0x6a4 ./Core/Src/LCDTelemetry.o
                0x000000000800050c                LCDTelemetry::Update(Telemetry)
 .text._ZN12LCDTelemetryD2Ev
                0x0000000008000bb0       0xd8 ./Core/Src/LCDTelemetry.o
                0x0000000008000bb0                LCDTelemetry::~LCDTelemetry()
                0x0000000008000bb0                LCDTelemetry::~LCDTelemetry()
 .text._ZN8MainPageC2EP9Telemetry
                0x0000000008000c88      0x374 ./Core/Src/MainPage.o
                0x0000000008000c88                MainPage::MainPage(Telemetry*)
                0x0000000008000c88                MainPage::MainPage(Telemetry*)
 .text._ZN8MainPage6StaticEv
                0x0000000008000ffc       0xd0 ./Core/Src/MainPage.o
                0x0000000008000ffc                MainPage::Static()
 .text._ZN8MainPage6UpdateE9Telemetryh
                0x00000000080010cc      0xb30 ./Core/Src/MainPage.o
                0x00000000080010cc                MainPage::Update(Telemetry, unsigned char)
 .text._ZN8MainPageD2Ev
                0x0000000008001bfc      0x1e0 ./Core/Src/MainPage.o
                0x0000000008001bfc                MainPage::~MainPage()
                0x0000000008001bfc                MainPage::~MainPage()
 .text._ZN8MainPage7DrawBarEhhtthh
                0x0000000008001ddc       0xba ./Core/Src/MainPage.o
                0x0000000008001ddc                MainPage::DrawBar(unsigned char, unsigned char, unsigned short, unsigned short, unsigned char, unsigned char)
 *fill*         0x0000000008001e96        0x2 
 .text._ZN10OutLapPageC2Ev
                0x0000000008001e98      0x2a4 ./Core/Src/OutLapPage.o
                0x0000000008001e98                OutLapPage::OutLapPage()
                0x0000000008001e98                OutLapPage::OutLapPage()
 .text._ZN10OutLapPage6StaticE9Telemetry
                0x000000000800213c       0x90 ./Core/Src/OutLapPage.o
                0x000000000800213c                OutLapPage::Static(Telemetry)
 .text._ZN10OutLapPage9StaticOutEv
                0x00000000080021cc      0x158 ./Core/Src/OutLapPage.o
                0x00000000080021cc                OutLapPage::StaticOut()
 .text._ZN10OutLapPage10StaticCoolEv
                0x0000000008002324      0x13c ./Core/Src/OutLapPage.o
                0x0000000008002324                OutLapPage::StaticCool()
 .text._ZN10OutLapPage6UpdateE9Telemetryh
                0x0000000008002460      0x818 ./Core/Src/OutLapPage.o
                0x0000000008002460                OutLapPage::Update(Telemetry, unsigned char)
 .text._ZN10OutLapPageD2Ev
                0x0000000008002c78      0x188 ./Core/Src/OutLapPage.o
                0x0000000008002c78                OutLapPage::~OutLapPage()
                0x0000000008002c78                OutLapPage::~OutLapPage()
 .text.HAL_ADC_ConvCpltCallback
                0x0000000008002e00       0x12 ./Core/Src/cppmain.o
                0x0000000008002e00                HAL_ADC_ConvCpltCallback
 *fill*         0x0000000008002e12        0x2 
 .text.HAL_I2C_ListenCpltCallback
                0x0000000008002e14       0x70 ./Core/Src/cppmain.o
                0x0000000008002e14                HAL_I2C_ListenCpltCallback
 .text.HAL_I2C_AddrCallback
                0x0000000008002e84       0x48 ./Core/Src/cppmain.o
                0x0000000008002e84                HAL_I2C_AddrCallback
 .text.HAL_I2C_MasterRxCpltCallback
                0x0000000008002ecc       0xe4 ./Core/Src/cppmain.o
                0x0000000008002ecc                HAL_I2C_MasterRxCpltCallback
 .text.HAL_I2C_ErrorCallback
                0x0000000008002fb0       0x50 ./Core/Src/cppmain.o
                0x0000000008002fb0                HAL_I2C_ErrorCallback
 .text.HAL_TIM_PWM_PulseFinishedCallback
                0x0000000008003000       0x18 ./Core/Src/cppmain.o
                0x0000000008003000                HAL_TIM_PWM_PulseFinishedCallback
 .text.HAL_TIM_PeriodElapsedCallback
                0x0000000008003018       0x94 ./Core/Src/cppmain.o
                0x0000000008003018                HAL_TIM_PeriodElapsedCallback
 .text.cppmain  0x00000000080030ac      0x13c ./Core/Src/cppmain.o
                0x00000000080030ac                cppmain
 .text.main     0x00000000080031e8       0x78 ./Core/Src/main.o
                0x00000000080031e8                main
 .text.SystemClock_Config
                0x0000000008003260       0xb6 ./Core/Src/main.o
                0x0000000008003260                SystemClock_Config
 *fill*         0x0000000008003316        0x2 
 .text.MX_ADC1_Init
                0x0000000008003318       0xf0 ./Core/Src/main.o
 .text.MX_I2C1_Init
                0x0000000008003408       0x5c ./Core/Src/main.o
 .text.MX_TIM2_Init
                0x0000000008003464       0xe8 ./Core/Src/main.o
 .text.MX_TIM3_Init
                0x000000000800354c       0x9c ./Core/Src/main.o
 .text.MX_TIM4_Init
                0x00000000080035e8       0x9c ./Core/Src/main.o
 .text.MX_DMA_Init
                0x0000000008003684       0x5c ./Core/Src/main.o
 .text.MX_GPIO_Init
                0x00000000080036e0       0xb0 ./Core/Src/main.o
 .text.Error_Handler
                0x0000000008003790        0xa ./Core/Src/main.o
                0x0000000008003790                Error_Handler
 *fill*         0x000000000800379a        0x2 
 .text.HAL_MspInit
                0x000000000800379c       0x64 ./Core/Src/stm32f1xx_hal_msp.o
                0x000000000800379c                HAL_MspInit
 .text.HAL_ADC_MspInit
                0x0000000008003800       0xd4 ./Core/Src/stm32f1xx_hal_msp.o
                0x0000000008003800                HAL_ADC_MspInit
 .text.HAL_I2C_MspInit
                0x00000000080038d4       0xf0 ./Core/Src/stm32f1xx_hal_msp.o
                0x00000000080038d4                HAL_I2C_MspInit
 .text.HAL_TIM_Base_MspInit
                0x00000000080039c4      0x100 ./Core/Src/stm32f1xx_hal_msp.o
                0x00000000080039c4                HAL_TIM_Base_MspInit
 .text.HAL_TIM_MspPostInit
                0x0000000008003ac4       0x8c ./Core/Src/stm32f1xx_hal_msp.o
                0x0000000008003ac4                HAL_TIM_MspPostInit
 .text.NMI_Handler
                0x0000000008003b50        0x6 ./Core/Src/stm32f1xx_it.o
                0x0000000008003b50                NMI_Handler
 .text.HardFault_Handler
                0x0000000008003b56        0x6 ./Core/Src/stm32f1xx_it.o
                0x0000000008003b56                HardFault_Handler
 .text.MemManage_Handler
                0x0000000008003b5c        0x6 ./Core/Src/stm32f1xx_it.o
                0x0000000008003b5c                MemManage_Handler
 .text.BusFault_Handler
                0x0000000008003b62        0x6 ./Core/Src/stm32f1xx_it.o
                0x0000000008003b62                BusFault_Handler
 .text.UsageFault_Handler
                0x0000000008003b68        0x6 ./Core/Src/stm32f1xx_it.o
                0x0000000008003b68                UsageFault_Handler
 .text.SVC_Handler
                0x0000000008003b6e        0xc ./Core/Src/stm32f1xx_it.o
                0x0000000008003b6e                SVC_Handler
 .text.DebugMon_Handler
                0x0000000008003b7a        0xc ./Core/Src/stm32f1xx_it.o
                0x0000000008003b7a                DebugMon_Handler
 .text.PendSV_Handler
                0x0000000008003b86        0xc ./Core/Src/stm32f1xx_it.o
                0x0000000008003b86                PendSV_Handler
 .text.SysTick_Handler
                0x0000000008003b92        0xc ./Core/Src/stm32f1xx_it.o
                0x0000000008003b92                SysTick_Handler
 *fill*         0x0000000008003b9e        0x2 
 .text.DMA1_Channel1_IRQHandler
                0x0000000008003ba0       0x14 ./Core/Src/stm32f1xx_it.o
                0x0000000008003ba0                DMA1_Channel1_IRQHandler
 .text.DMA1_Channel5_IRQHandler
                0x0000000008003bb4       0x14 ./Core/Src/stm32f1xx_it.o
                0x0000000008003bb4                DMA1_Channel5_IRQHandler
 .text.DMA1_Channel7_IRQHandler
                0x0000000008003bc8       0x14 ./Core/Src/stm32f1xx_it.o
                0x0000000008003bc8                DMA1_Channel7_IRQHandler
 .text.TIM3_IRQHandler
                0x0000000008003bdc       0x14 ./Core/Src/stm32f1xx_it.o
                0x0000000008003bdc                TIM3_IRQHandler
 .text.TIM4_IRQHandler
                0x0000000008003bf0       0x14 ./Core/Src/stm32f1xx_it.o
                0x0000000008003bf0                TIM4_IRQHandler
 .text.I2C1_EV_IRQHandler
                0x0000000008003c04       0x14 ./Core/Src/stm32f1xx_it.o
                0x0000000008003c04                I2C1_EV_IRQHandler
 .text.I2C1_ER_IRQHandler
                0x0000000008003c18       0x14 ./Core/Src/stm32f1xx_it.o
                0x0000000008003c18                I2C1_ER_IRQHandler
 .text._getpid  0x0000000008003c2c        0xe ./Core/Src/syscalls.o
                0x0000000008003c2c                _getpid
 .text._kill    0x0000000008003c3a       0x20 ./Core/Src/syscalls.o
                0x0000000008003c3a                _kill
 .text._exit    0x0000000008003c5a       0x14 ./Core/Src/syscalls.o
                0x0000000008003c5a                _exit
 *fill*         0x0000000008003c6e        0x2 
 .text._sbrk    0x0000000008003c70       0x6c ./Core/Src/sysmem.o
                0x0000000008003c70                _sbrk
 .text.SystemInit
                0x0000000008003cdc        0xc ./Core/Src/system_stm32f1xx.o
                0x0000000008003cdc                SystemInit
 .text._Z13ws2812_setLEDiiii
                0x0000000008003ce8       0x58 ./Core/Src/ws2812.o
                0x0000000008003ce8                ws2812_setLED(int, int, int, int)
 .text._Z11ws2812_initv
                0x0000000008003d40       0x34 ./Core/Src/ws2812.o
                0x0000000008003d40                ws2812_init()
 .text._Z12ws1212_setup9Telemetry
                0x0000000008003d74      0x1ac ./Core/Src/ws2812.o
                0x0000000008003d74                ws1212_setup(Telemetry)
 .text.ili9488_Init
                0x0000000008003f20      0x124 ./Core/Src/Lcd/ili9488.o
                0x0000000008003f20                ili9488_Init
 .text.ili9488_DisplayOn
                0x0000000008004044       0x14 ./Core/Src/Lcd/ili9488.o
                0x0000000008004044                ili9488_DisplayOn
 .text.ili9488_DisplayOff
                0x0000000008004058       0x14 ./Core/Src/Lcd/ili9488.o
                0x0000000008004058                ili9488_DisplayOff
 .text.ili9488_GetLcdPixelWidth
                0x000000000800406c       0x10 ./Core/Src/Lcd/ili9488.o
                0x000000000800406c                ili9488_GetLcdPixelWidth
 .text.ili9488_GetLcdPixelHeight
                0x000000000800407c       0x10 ./Core/Src/Lcd/ili9488.o
                0x000000000800407c                ili9488_GetLcdPixelHeight
 .text.ili9488_ReadID
                0x000000000800408c       0x44 ./Core/Src/Lcd/ili9488.o
                0x000000000800408c                ili9488_ReadID
 .text.ili9488_SetCursor
                0x00000000080040d0       0x84 ./Core/Src/Lcd/ili9488.o
                0x00000000080040d0                ili9488_SetCursor
 .text.ili9488_WritePixel
                0x0000000008004154       0x94 ./Core/Src/Lcd/ili9488.o
                0x0000000008004154                ili9488_WritePixel
 .text.ili9488_ReadPixel
                0x00000000080041e8       0x94 ./Core/Src/Lcd/ili9488.o
                0x00000000080041e8                ili9488_ReadPixel
 .text.ili9488_SetDisplayWindow
                0x000000000800427c       0xb2 ./Core/Src/Lcd/ili9488.o
                0x000000000800427c                ili9488_SetDisplayWindow
 .text.ili9488_DrawHLine
                0x000000000800432e       0x36 ./Core/Src/Lcd/ili9488.o
                0x000000000800432e                ili9488_DrawHLine
 .text.ili9488_DrawVLine
                0x0000000008004364       0x38 ./Core/Src/Lcd/ili9488.o
                0x0000000008004364                ili9488_DrawVLine
 .text.ili9488_FillRect
                0x000000000800439c       0x46 ./Core/Src/Lcd/ili9488.o
                0x000000000800439c                ili9488_FillRect
 .text.ili9488_DrawBitmap
                0x00000000080043e2       0xae ./Core/Src/Lcd/ili9488.o
                0x00000000080043e2                ili9488_DrawBitmap
 .text.ili9488_DrawRGBImage
                0x0000000008004490       0x46 ./Core/Src/Lcd/ili9488.o
                0x0000000008004490                ili9488_DrawRGBImage
 .text.ili9488_ReadRGBImage
                0x00000000080044d6       0x4c ./Core/Src/Lcd/ili9488.o
                0x00000000080044d6                ili9488_ReadRGBImage
 *fill*         0x0000000008004522        0x2 
 .text.ili9488_Scroll
                0x0000000008004524       0xc0 ./Core/Src/Lcd/ili9488.o
                0x0000000008004524                ili9488_Scroll
 .text.LCD_Delay
                0x00000000080045e4       0x16 ./Core/Src/Lcd/lcdts_io_gpio8.o
                0x00000000080045e4                LCD_Delay
 .text.LCD_IO_Bl_OnOff
                0x00000000080045fa       0x14 ./Core/Src/Lcd/lcdts_io_gpio8.o
                0x00000000080045fa                LCD_IO_Bl_OnOff
 *fill*         0x000000000800460e        0x2 
 .text.LCD_IO_Init
                0x0000000008004610       0xc8 ./Core/Src/Lcd/lcdts_io_gpio8.o
                0x0000000008004610                LCD_IO_Init
 .text.LCD_IO_WriteCmd8
                0x00000000080046d8       0x60 ./Core/Src/Lcd/lcdts_io_gpio8.o
                0x00000000080046d8                LCD_IO_WriteCmd8
 .text.LCD_IO_WriteData8
                0x0000000008004738       0x50 ./Core/Src/Lcd/lcdts_io_gpio8.o
                0x0000000008004738                LCD_IO_WriteData8
 .text.LCD_IO_WriteData16
                0x0000000008004788       0x78 ./Core/Src/Lcd/lcdts_io_gpio8.o
                0x0000000008004788                LCD_IO_WriteData16
 .text.LCD_IO_WriteCmd8DataFill16
                0x0000000008004800       0xbc ./Core/Src/Lcd/lcdts_io_gpio8.o
                0x0000000008004800                LCD_IO_WriteCmd8DataFill16
 .text.LCD_IO_WriteCmd8MultipleData8
                0x00000000080048bc       0x98 ./Core/Src/Lcd/lcdts_io_gpio8.o
                0x00000000080048bc                LCD_IO_WriteCmd8MultipleData8
 .text.LCD_IO_WriteCmd8MultipleData16
                0x0000000008004954       0xc4 ./Core/Src/Lcd/lcdts_io_gpio8.o
                0x0000000008004954                LCD_IO_WriteCmd8MultipleData16
 .text.LCD_IO_ReadCmd8MultipleData8
                0x0000000008004a18       0xcc ./Core/Src/Lcd/lcdts_io_gpio8.o
                0x0000000008004a18                LCD_IO_ReadCmd8MultipleData8
 .text.LCD_IO_ReadCmd8MultipleData16
                0x0000000008004ae4       0xf4 ./Core/Src/Lcd/lcdts_io_gpio8.o
                0x0000000008004ae4                LCD_IO_ReadCmd8MultipleData16
 .text.BSP_LCD_Init
                0x0000000008004bd8       0x3c ./Core/Src/Lcd/stm32_adafruit_lcd.o
                0x0000000008004bd8                BSP_LCD_Init
 .text.BSP_LCD_GetXSize
                0x0000000008004c14       0x18 ./Core/Src/Lcd/stm32_adafruit_lcd.o
                0x0000000008004c14                BSP_LCD_GetXSize
 .text.BSP_LCD_GetYSize
                0x0000000008004c2c       0x18 ./Core/Src/Lcd/stm32_adafruit_lcd.o
                0x0000000008004c2c                BSP_LCD_GetYSize
 .text.BSP_LCD_SetTextColor
                0x0000000008004c44       0x20 ./Core/Src/Lcd/stm32_adafruit_lcd.o
                0x0000000008004c44                BSP_LCD_SetTextColor
 .text.BSP_LCD_SetBackColor
                0x0000000008004c64       0x20 ./Core/Src/Lcd/stm32_adafruit_lcd.o
                0x0000000008004c64                BSP_LCD_SetBackColor
 .text.BSP_LCD_SetFont
                0x0000000008004c84       0x1c ./Core/Src/Lcd/stm32_adafruit_lcd.o
                0x0000000008004c84                BSP_LCD_SetFont
 .text.BSP_LCD_GetFont
                0x0000000008004ca0       0x14 ./Core/Src/Lcd/stm32_adafruit_lcd.o
                0x0000000008004ca0                BSP_LCD_GetFont
 .text.BSP_LCD_Clear
                0x0000000008004cb4       0x3c ./Core/Src/Lcd/stm32_adafruit_lcd.o
                0x0000000008004cb4                BSP_LCD_Clear
 .text.BSP_LCD_Draw_Text
                0x0000000008004cf0       0x70 ./Core/Src/Lcd/stm32_adafruit_lcd.o
                0x0000000008004cf0                BSP_LCD_Draw_Text
 .text.BSP_LCD_Draw_Char_Simple
                0x0000000008004d60      0x140 ./Core/Src/Lcd/stm32_adafruit_lcd.o
                0x0000000008004d60                BSP_LCD_Draw_Char_Simple
 .text.BSP_LCD_Draw_Char
                0x0000000008004ea0      0x5d8 ./Core/Src/Lcd/stm32_adafruit_lcd.o
                0x0000000008004ea0                BSP_LCD_Draw_Char
 .text.BSP_LCD_FillRect
                0x0000000008005478       0x48 ./Core/Src/Lcd/stm32_adafruit_lcd.o
                0x0000000008005478                BSP_LCD_FillRect
 .text.Reset_Handler
                0x00000000080054c0       0x48 ./Core/Startup/startup_stm32f103c8tx.o
                0x00000000080054c0                Reset_Handler
 .text.Default_Handler
                0x0000000008005508        0x2 ./Core/Startup/startup_stm32f103c8tx.o
                0x0000000008005508                RTC_Alarm_IRQHandler
                0x0000000008005508                EXTI2_IRQHandler
                0x0000000008005508                TIM1_CC_IRQHandler
                0x0000000008005508                PVD_IRQHandler
                0x0000000008005508                EXTI3_IRQHandler
                0x0000000008005508                EXTI0_IRQHandler
                0x0000000008005508                I2C2_EV_IRQHandler
                0x0000000008005508                ADC1_2_IRQHandler
                0x0000000008005508                SPI1_IRQHandler
                0x0000000008005508                TAMPER_IRQHandler
                0x0000000008005508                DMA1_Channel4_IRQHandler
                0x0000000008005508                USART3_IRQHandler
                0x0000000008005508                RTC_IRQHandler
                0x0000000008005508                CAN1_RX1_IRQHandler
                0x0000000008005508                DMA1_Channel6_IRQHandler
                0x0000000008005508                RCC_IRQHandler
                0x0000000008005508                TIM1_TRG_COM_IRQHandler
                0x0000000008005508                Default_Handler
                0x0000000008005508                EXTI15_10_IRQHandler
                0x0000000008005508                EXTI9_5_IRQHandler
                0x0000000008005508                SPI2_IRQHandler
                0x0000000008005508                EXTI4_IRQHandler
                0x0000000008005508                USB_LP_CAN1_RX0_IRQHandler
                0x0000000008005508                USB_HP_CAN1_TX_IRQHandler
                0x0000000008005508                DMA1_Channel3_IRQHandler
                0x0000000008005508                TIM1_UP_IRQHandler
                0x0000000008005508                WWDG_IRQHandler
                0x0000000008005508                TIM2_IRQHandler
                0x0000000008005508                TIM1_BRK_IRQHandler
                0x0000000008005508                EXTI1_IRQHandler
                0x0000000008005508                USART2_IRQHandler
                0x0000000008005508                I2C2_ER_IRQHandler
                0x0000000008005508                DMA1_Channel2_IRQHandler
                0x0000000008005508                CAN1_SCE_IRQHandler
                0x0000000008005508                FLASH_IRQHandler
                0x0000000008005508                USART1_IRQHandler
                0x0000000008005508                USBWakeUp_IRQHandler
 *fill*         0x000000000800550a        0x2 
 .text.HAL_Init
                0x000000000800550c       0x2c ./Drivers/STM32F1xx_HAL_Driver/Src/stm32f1xx_hal.o
                0x000000000800550c                HAL_Init
 .text.HAL_InitTick
                0x0000000008005538       0x60 ./Drivers/STM32F1xx_HAL_Driver/Src/stm32f1xx_hal.o
                0x0000000008005538                HAL_InitTick
 .text.HAL_IncTick
                0x0000000008005598       0x24 ./Drivers/STM32F1xx_HAL_Driver/Src/stm32f1xx_hal.o
                0x0000000008005598                HAL_IncTick
 .text.HAL_GetTick
                0x00000000080055bc       0x14 ./Drivers/STM32F1xx_HAL_Driver/Src/stm32f1xx_hal.o
                0x00000000080055bc                HAL_GetTick
 .text.HAL_Delay
                0x00000000080055d0       0x48 ./Drivers/STM32F1xx_HAL_Driver/Src/stm32f1xx_hal.o
                0x00000000080055d0                HAL_Delay
 .text.HAL_ADC_Init
                0x0000000008005618      0x1b0 ./Drivers/STM32F1xx_HAL_Driver/Src/stm32f1xx_hal_adc.o
                0x0000000008005618                HAL_ADC_Init
 .text.HAL_ADC_Start_DMA
                0x00000000080057c8      0x1bc ./Drivers/STM32F1xx_HAL_Driver/Src/stm32f1xx_hal_adc.o
                0x00000000080057c8                HAL_ADC_Start_DMA
 .text.HAL_ADC_ConvHalfCpltCallback
                0x0000000008005984       0x12 ./Drivers/STM32F1xx_HAL_Driver/Src/stm32f1xx_hal_adc.o
                0x0000000008005984                HAL_ADC_ConvHalfCpltCallback
 .text.HAL_ADC_ErrorCallback
                0x0000000008005996       0x12 ./Drivers/STM32F1xx_HAL_Driver/Src/stm32f1xx_hal_adc.o
                0x0000000008005996                HAL_ADC_ErrorCallback
 .text.HAL_ADC_ConfigChannel
                0x00000000080059a8      0x1f0 ./Drivers/STM32F1xx_HAL_Driver/Src/stm32f1xx_hal_adc.o
                0x00000000080059a8                HAL_ADC_ConfigChannel
 .text.ADC_Enable
                0x0000000008005b98       0xb4 ./Drivers/STM32F1xx_HAL_Driver/Src/stm32f1xx_hal_adc.o
                0x0000000008005b98                ADC_Enable
 .text.ADC_ConversionStop_Disable
                0x0000000008005c4c       0x82 ./Drivers/STM32F1xx_HAL_Driver/Src/stm32f1xx_hal_adc.o
                0x0000000008005c4c                ADC_ConversionStop_Disable
 .text.ADC_DMAConvCplt
                0x0000000008005cce       0x7c ./Drivers/STM32F1xx_HAL_Driver/Src/stm32f1xx_hal_adc.o
                0x0000000008005cce                ADC_DMAConvCplt
 .text.ADC_DMAHalfConvCplt
                0x0000000008005d4a       0x1c ./Drivers/STM32F1xx_HAL_Driver/Src/stm32f1xx_hal_adc.o
                0x0000000008005d4a                ADC_DMAHalfConvCplt
 .text.ADC_DMAError
                0x0000000008005d66       0x34 ./Drivers/STM32F1xx_HAL_Driver/Src/stm32f1xx_hal_adc.o
                0x0000000008005d66                ADC_DMAError
 *fill*         0x0000000008005d9a        0x2 
 .text.__NVIC_SetPriorityGrouping
                0x0000000008005d9c       0x48 ./Drivers/STM32F1xx_HAL_Driver/Src/stm32f1xx_hal_cortex.o
 .text.__NVIC_GetPriorityGrouping
                0x0000000008005de4       0x1c ./Drivers/STM32F1xx_HAL_Driver/Src/stm32f1xx_hal_cortex.o
 .text.__NVIC_EnableIRQ
                0x0000000008005e00       0x38 ./Drivers/STM32F1xx_HAL_Driver/Src/stm32f1xx_hal_cortex.o
 .text.__NVIC_SetPriority
                0x0000000008005e38       0x54 ./Drivers/STM32F1xx_HAL_Driver/Src/stm32f1xx_hal_cortex.o
 .text.NVIC_EncodePriority
                0x0000000008005e8c       0x64 ./Drivers/STM32F1xx_HAL_Driver/Src/stm32f1xx_hal_cortex.o
 .text.SysTick_Config
                0x0000000008005ef0       0x44 ./Drivers/STM32F1xx_HAL_Driver/Src/stm32f1xx_hal_cortex.o
 .text.HAL_NVIC_SetPriorityGrouping
                0x0000000008005f34       0x16 ./Drivers/STM32F1xx_HAL_Driver/Src/stm32f1xx_hal_cortex.o
                0x0000000008005f34                HAL_NVIC_SetPriorityGrouping
 .text.HAL_NVIC_SetPriority
                0x0000000008005f4a       0x38 ./Drivers/STM32F1xx_HAL_Driver/Src/stm32f1xx_hal_cortex.o
                0x0000000008005f4a                HAL_NVIC_SetPriority
 .text.HAL_NVIC_EnableIRQ
                0x0000000008005f82       0x1c ./Drivers/STM32F1xx_HAL_Driver/Src/stm32f1xx_hal_cortex.o
                0x0000000008005f82                HAL_NVIC_EnableIRQ
 .text.HAL_SYSTICK_Config
                0x0000000008005f9e       0x18 ./Drivers/STM32F1xx_HAL_Driver/Src/stm32f1xx_hal_cortex.o
                0x0000000008005f9e                HAL_SYSTICK_Config
 *fill*         0x0000000008005fb6        0x2 
 .text.HAL_DMA_Init
                0x0000000008005fb8       0xb4 ./Drivers/STM32F1xx_HAL_Driver/Src/stm32f1xx_hal_dma.o
                0x0000000008005fb8                HAL_DMA_Init
 .text.HAL_DMA_Start_IT
                0x000000000800606c       0xbe ./Drivers/STM32F1xx_HAL_Driver/Src/stm32f1xx_hal_dma.o
                0x000000000800606c                HAL_DMA_Start_IT
 *fill*         0x000000000800612a        0x2 
 .text.HAL_DMA_Abort_IT
                0x000000000800612c       0xec ./Drivers/STM32F1xx_HAL_Driver/Src/stm32f1xx_hal_dma.o
                0x000000000800612c                HAL_DMA_Abort_IT
 .text.HAL_DMA_IRQHandler
                0x0000000008006218      0x20c ./Drivers/STM32F1xx_HAL_Driver/Src/stm32f1xx_hal_dma.o
                0x0000000008006218                HAL_DMA_IRQHandler
 .text.HAL_DMA_GetState
                0x0000000008006424       0x18 ./Drivers/STM32F1xx_HAL_Driver/Src/stm32f1xx_hal_dma.o
                0x0000000008006424                HAL_DMA_GetState
 .text.DMA_SetConfig
                0x000000000800643c       0x5a ./Drivers/STM32F1xx_HAL_Driver/Src/stm32f1xx_hal_dma.o
 *fill*         0x0000000008006496        0x2 
 .text.HAL_GPIO_Init
                0x0000000008006498      0x308 ./Drivers/STM32F1xx_HAL_Driver/Src/stm32f1xx_hal_gpio.o
                0x0000000008006498                HAL_GPIO_Init
 .text.HAL_GPIO_WritePin
                0x00000000080067a0       0x30 ./Drivers/STM32F1xx_HAL_Driver/Src/stm32f1xx_hal_gpio.o
                0x00000000080067a0                HAL_GPIO_WritePin
 .text.HAL_I2C_Init
                0x00000000080067d0      0x288 ./Drivers/STM32F1xx_HAL_Driver/Src/stm32f1xx_hal_i2c.o
                0x00000000080067d0                HAL_I2C_Init
 .text.HAL_I2C_Master_Transmit
                0x0000000008006a58      0x1fc ./Drivers/STM32F1xx_HAL_Driver/Src/stm32f1xx_hal_i2c.o
                0x0000000008006a58                HAL_I2C_Master_Transmit
 .text.HAL_I2C_Master_Receive_DMA
                0x0000000008006c54      0x250 ./Drivers/STM32F1xx_HAL_Driver/Src/stm32f1xx_hal_i2c.o
                0x0000000008006c54                HAL_I2C_Master_Receive_DMA
 .text.HAL_I2C_Slave_Seq_Transmit_DMA
                0x0000000008006ea4      0x274 ./Drivers/STM32F1xx_HAL_Driver/Src/stm32f1xx_hal_i2c.o
                0x0000000008006ea4                HAL_I2C_Slave_Seq_Transmit_DMA
 .text.HAL_I2C_Slave_Seq_Receive_DMA
                0x0000000008007118      0x274 ./Drivers/STM32F1xx_HAL_Driver/Src/stm32f1xx_hal_i2c.o
                0x0000000008007118                HAL_I2C_Slave_Seq_Receive_DMA
 .text.HAL_I2C_EnableListen_IT
                0x000000000800738c       0x6a ./Drivers/STM32F1xx_HAL_Driver/Src/stm32f1xx_hal_i2c.o
                0x000000000800738c                HAL_I2C_EnableListen_IT
 .text.HAL_I2C_DisableListen_IT
                0x00000000080073f6       0x74 ./Drivers/STM32F1xx_HAL_Driver/Src/stm32f1xx_hal_i2c.o
                0x00000000080073f6                HAL_I2C_DisableListen_IT
 .text.HAL_I2C_EV_IRQHandler
                0x000000000800746a      0x2e2 ./Drivers/STM32F1xx_HAL_Driver/Src/stm32f1xx_hal_i2c.o
                0x000000000800746a                HAL_I2C_EV_IRQHandler
 .text.HAL_I2C_ER_IRQHandler
                0x000000000800774c      0x15e ./Drivers/STM32F1xx_HAL_Driver/Src/stm32f1xx_hal_i2c.o
                0x000000000800774c                HAL_I2C_ER_IRQHandler
 .text.HAL_I2C_MasterTxCpltCallback
                0x00000000080078aa       0x12 ./Drivers/STM32F1xx_HAL_Driver/Src/stm32f1xx_hal_i2c.o
                0x00000000080078aa                HAL_I2C_MasterTxCpltCallback
 .text.HAL_I2C_SlaveTxCpltCallback
                0x00000000080078bc       0x12 ./Drivers/STM32F1xx_HAL_Driver/Src/stm32f1xx_hal_i2c.o
                0x00000000080078bc                HAL_I2C_SlaveTxCpltCallback
 .text.HAL_I2C_SlaveRxCpltCallback
                0x00000000080078ce       0x12 ./Drivers/STM32F1xx_HAL_Driver/Src/stm32f1xx_hal_i2c.o
                0x00000000080078ce                HAL_I2C_SlaveRxCpltCallback
 .text.HAL_I2C_MemTxCpltCallback
                0x00000000080078e0       0x12 ./Drivers/STM32F1xx_HAL_Driver/Src/stm32f1xx_hal_i2c.o
                0x00000000080078e0                HAL_I2C_MemTxCpltCallback
 .text.HAL_I2C_MemRxCpltCallback
                0x00000000080078f2       0x12 ./Drivers/STM32F1xx_HAL_Driver/Src/stm32f1xx_hal_i2c.o
                0x00000000080078f2                HAL_I2C_MemRxCpltCallback
 .text.HAL_I2C_AbortCpltCallback
                0x0000000008007904       0x12 ./Drivers/STM32F1xx_HAL_Driver/Src/stm32f1xx_hal_i2c.o
                0x0000000008007904                HAL_I2C_AbortCpltCallback
 .text.I2C_MasterTransmit_TXE
                0x0000000008007916      0x138 ./Drivers/STM32F1xx_HAL_Driver/Src/stm32f1xx_hal_i2c.o
 .text.I2C_MasterTransmit_BTF
                0x0000000008007a4e       0xec ./Drivers/STM32F1xx_HAL_Driver/Src/stm32f1xx_hal_i2c.o
 .text.I2C_MemoryTransmit_TXE_BTF
                0x0000000008007b3a      0x128 ./Drivers/STM32F1xx_HAL_Driver/Src/stm32f1xx_hal_i2c.o
 .text.I2C_MasterReceive_RXNE
                0x0000000008007c62      0x162 ./Drivers/STM32F1xx_HAL_Driver/Src/stm32f1xx_hal_i2c.o
 .text.I2C_MasterReceive_BTF
                0x0000000008007dc4      0x1d4 ./Drivers/STM32F1xx_HAL_Driver/Src/stm32f1xx_hal_i2c.o
 .text.I2C_Master_SB
                0x0000000008007f98      0x10a ./Drivers/STM32F1xx_HAL_Driver/Src/stm32f1xx_hal_i2c.o
 .text.I2C_Master_ADD10
                0x00000000080080a2       0x52 ./Drivers/STM32F1xx_HAL_Driver/Src/stm32f1xx_hal_i2c.o
 .text.I2C_Master_ADDR
                0x00000000080080f4      0x336 ./Drivers/STM32F1xx_HAL_Driver/Src/stm32f1xx_hal_i2c.o
 .text.I2C_SlaveTransmit_TXE
                0x000000000800842a       0x7a ./Drivers/STM32F1xx_HAL_Driver/Src/stm32f1xx_hal_i2c.o
 .text.I2C_SlaveTransmit_BTF
                0x00000000080084a4       0x40 ./Drivers/STM32F1xx_HAL_Driver/Src/stm32f1xx_hal_i2c.o
 .text.I2C_SlaveReceive_RXNE
                0x00000000080084e4       0x7c ./Drivers/STM32F1xx_HAL_Driver/Src/stm32f1xx_hal_i2c.o
 .text.I2C_SlaveReceive_BTF
                0x0000000008008560       0x42 ./Drivers/STM32F1xx_HAL_Driver/Src/stm32f1xx_hal_i2c.o
 .text.I2C_Slave_ADDR
                0x00000000080085a2       0x94 ./Drivers/STM32F1xx_HAL_Driver/Src/stm32f1xx_hal_i2c.o
 *fill*         0x0000000008008636        0x2 
 .text.I2C_Slave_STOPF
                0x0000000008008638      0x260 ./Drivers/STM32F1xx_HAL_Driver/Src/stm32f1xx_hal_i2c.o
 .text.I2C_Slave_AF
                0x0000000008008898       0xe0 ./Drivers/STM32F1xx_HAL_Driver/Src/stm32f1xx_hal_i2c.o
 .text.I2C_ITError
                0x0000000008008978      0x264 ./Drivers/STM32F1xx_HAL_Driver/Src/stm32f1xx_hal_i2c.o
 .text.I2C_MasterRequestWrite
                0x0000000008008bdc      0x104 ./Drivers/STM32F1xx_HAL_Driver/Src/stm32f1xx_hal_i2c.o
 .text.I2C_DMAXferCplt
                0x0000000008008ce0      0x1aa ./Drivers/STM32F1xx_HAL_Driver/Src/stm32f1xx_hal_i2c.o
 .text.I2C_DMAError
                0x0000000008008e8a       0x6e ./Drivers/STM32F1xx_HAL_Driver/Src/stm32f1xx_hal_i2c.o
 .text.I2C_DMAAbort
                0x0000000008008ef8      0x150 ./Drivers/STM32F1xx_HAL_Driver/Src/stm32f1xx_hal_i2c.o
 .text.I2C_WaitOnFlagUntilTimeout
                0x0000000008009048       0xae ./Drivers/STM32F1xx_HAL_Driver/Src/stm32f1xx_hal_i2c.o
 .text.I2C_WaitOnMasterAddressFlagUntilTimeout
                0x00000000080090f6       0xfe ./Drivers/STM32F1xx_HAL_Driver/Src/stm32f1xx_hal_i2c.o
 .text.I2C_WaitOnTXEFlagUntilTimeout
                0x00000000080091f4       0x82 ./Drivers/STM32F1xx_HAL_Driver/Src/stm32f1xx_hal_i2c.o
 .text.I2C_WaitOnBTFFlagUntilTimeout
                0x0000000008009276       0x82 ./Drivers/STM32F1xx_HAL_Driver/Src/stm32f1xx_hal_i2c.o
 .text.I2C_WaitOnSTOPRequestThroughIT
                0x00000000080092f8       0x64 ./Drivers/STM32F1xx_HAL_Driver/Src/stm32f1xx_hal_i2c.o
 .text.I2C_IsAcknowledgeFailed
                0x000000000800935c       0x5c ./Drivers/STM32F1xx_HAL_Driver/Src/stm32f1xx_hal_i2c.o
 .text.I2C_ConvertOtherXferOptions
                0x00000000080093b8       0x34 ./Drivers/STM32F1xx_HAL_Driver/Src/stm32f1xx_hal_i2c.o
 .text.HAL_RCC_OscConfig
                0x00000000080093ec      0x500 ./Drivers/STM32F1xx_HAL_Driver/Src/stm32f1xx_hal_rcc.o
                0x00000000080093ec                HAL_RCC_OscConfig
 .text.HAL_RCC_ClockConfig
                0x00000000080098ec      0x1d4 ./Drivers/STM32F1xx_HAL_Driver/Src/stm32f1xx_hal_rcc.o
                0x00000000080098ec                HAL_RCC_ClockConfig
 .text.HAL_RCC_GetSysClockFreq
                0x0000000008009ac0       0xc0 ./Drivers/STM32F1xx_HAL_Driver/Src/stm32f1xx_hal_rcc.o
                0x0000000008009ac0                HAL_RCC_GetSysClockFreq
 .text.HAL_RCC_GetHCLKFreq
                0x0000000008009b80       0x14 ./Drivers/STM32F1xx_HAL_Driver/Src/stm32f1xx_hal_rcc.o
                0x0000000008009b80                HAL_RCC_GetHCLKFreq
 .text.HAL_RCC_GetPCLK1Freq
                0x0000000008009b94       0x28 ./Drivers/STM32F1xx_HAL_Driver/Src/stm32f1xx_hal_rcc.o
                0x0000000008009b94                HAL_RCC_GetPCLK1Freq
 .text.RCC_Delay
                0x0000000008009bbc       0x3c ./Drivers/STM32F1xx_HAL_Driver/Src/stm32f1xx_hal_rcc.o
 .text.HAL_RCCEx_PeriphCLKConfig
                0x0000000008009bf8      0x16c ./Drivers/STM32F1xx_HAL_Driver/Src/stm32f1xx_hal_rcc_ex.o
                0x0000000008009bf8                HAL_RCCEx_PeriphCLKConfig
 .text.HAL_TIM_Base_Init
                0x0000000008009d64       0x9e ./Drivers/STM32F1xx_HAL_Driver/Src/stm32f1xx_hal_tim.o
                0x0000000008009d64                HAL_TIM_Base_Init
 *fill*         0x0000000008009e02        0x2 
 .text.HAL_TIM_Base_Start_IT
                0x0000000008009e04       0xa4 ./Drivers/STM32F1xx_HAL_Driver/Src/stm32f1xx_hal_tim.o
                0x0000000008009e04                HAL_TIM_Base_Start_IT
 .text.HAL_TIM_PWM_Init
                0x0000000008009ea8       0x9e ./Drivers/STM32F1xx_HAL_Driver/Src/stm32f1xx_hal_tim.o
                0x0000000008009ea8                HAL_TIM_PWM_Init
 .text.HAL_TIM_PWM_MspInit
                0x0000000008009f46       0x12 ./Drivers/STM32F1xx_HAL_Driver/Src/stm32f1xx_hal_tim.o
                0x0000000008009f46                HAL_TIM_PWM_MspInit
 .text.HAL_TIM_PWM_Start_DMA
                0x0000000008009f58      0x334 ./Drivers/STM32F1xx_HAL_Driver/Src/stm32f1xx_hal_tim.o
                0x0000000008009f58                HAL_TIM_PWM_Start_DMA
 .text.HAL_TIM_PWM_Stop_DMA
                0x000000000800a28c      0x17c ./Drivers/STM32F1xx_HAL_Driver/Src/stm32f1xx_hal_tim.o
                0x000000000800a28c                HAL_TIM_PWM_Stop_DMA
 .text.HAL_TIM_IRQHandler
                0x000000000800a408      0x210 ./Drivers/STM32F1xx_HAL_Driver/Src/stm32f1xx_hal_tim.o
                0x000000000800a408                HAL_TIM_IRQHandler
 .text.HAL_TIM_PWM_ConfigChannel
                0x000000000800a618      0x17c ./Drivers/STM32F1xx_HAL_Driver/Src/stm32f1xx_hal_tim.o
                0x000000000800a618                HAL_TIM_PWM_ConfigChannel
 .text.HAL_TIM_ConfigClockSource
                0x000000000800a794      0x188 ./Drivers/STM32F1xx_HAL_Driver/Src/stm32f1xx_hal_tim.o
                0x000000000800a794                HAL_TIM_ConfigClockSource
 .text.HAL_TIM_OC_DelayElapsedCallback
                0x000000000800a91c       0x12 ./Drivers/STM32F1xx_HAL_Driver/Src/stm32f1xx_hal_tim.o
                0x000000000800a91c                HAL_TIM_OC_DelayElapsedCallback
 .text.HAL_TIM_IC_CaptureCallback
                0x000000000800a92e       0x12 ./Drivers/STM32F1xx_HAL_Driver/Src/stm32f1xx_hal_tim.o
                0x000000000800a92e                HAL_TIM_IC_CaptureCallback
 .text.HAL_TIM_PWM_PulseFinishedHalfCpltCallback
                0x000000000800a940       0x12 ./Drivers/STM32F1xx_HAL_Driver/Src/stm32f1xx_hal_tim.o
                0x000000000800a940                HAL_TIM_PWM_PulseFinishedHalfCpltCallback
 .text.HAL_TIM_TriggerCallback
                0x000000000800a952       0x12 ./Drivers/STM32F1xx_HAL_Driver/Src/stm32f1xx_hal_tim.o
                0x000000000800a952                HAL_TIM_TriggerCallback
 .text.HAL_TIM_ErrorCallback
                0x000000000800a964       0x12 ./Drivers/STM32F1xx_HAL_Driver/Src/stm32f1xx_hal_tim.o
                0x000000000800a964                HAL_TIM_ErrorCallback
 .text.TIM_DMAError
                0x000000000800a976       0x92 ./Drivers/STM32F1xx_HAL_Driver/Src/stm32f1xx_hal_tim.o
                0x000000000800a976                TIM_DMAError
 .text.TIM_DMADelayPulseCplt
                0x000000000800aa08       0xa8 ./Drivers/STM32F1xx_HAL_Driver/Src/stm32f1xx_hal_tim.o
 .text.TIM_DMADelayPulseHalfCplt
                0x000000000800aab0       0x68 ./Drivers/STM32F1xx_HAL_Driver/Src/stm32f1xx_hal_tim.o
                0x000000000800aab0                TIM_DMADelayPulseHalfCplt
 .text.TIM_Base_SetConfig
                0x000000000800ab18       0xc4 ./Drivers/STM32F1xx_HAL_Driver/Src/stm32f1xx_hal_tim.o
                0x000000000800ab18                TIM_Base_SetConfig
 .text.TIM_OC1_SetConfig
                0x000000000800abdc       0xcc ./Drivers/STM32F1xx_HAL_Driver/Src/stm32f1xx_hal_tim.o
 .text.TIM_OC2_SetConfig
                0x000000000800aca8       0xd4 ./Drivers/STM32F1xx_HAL_Driver/Src/stm32f1xx_hal_tim.o
                0x000000000800aca8                TIM_OC2_SetConfig
 .text.TIM_OC3_SetConfig
                0x000000000800ad7c       0xd4 ./Drivers/STM32F1xx_HAL_Driver/Src/stm32f1xx_hal_tim.o
 .text.TIM_OC4_SetConfig
                0x000000000800ae50       0x9c ./Drivers/STM32F1xx_HAL_Driver/Src/stm32f1xx_hal_tim.o
 .text.TIM_TI1_ConfigInputStage
                0x000000000800aeec       0x5c ./Drivers/STM32F1xx_HAL_Driver/Src/stm32f1xx_hal_tim.o
 .text.TIM_TI2_ConfigInputStage
                0x000000000800af48       0x5e ./Drivers/STM32F1xx_HAL_Driver/Src/stm32f1xx_hal_tim.o
 .text.TIM_ITRx_SetConfig
                0x000000000800afa6       0x34 ./Drivers/STM32F1xx_HAL_Driver/Src/stm32f1xx_hal_tim.o
 .text.TIM_ETR_SetConfig
                0x000000000800afda       0x3e ./Drivers/STM32F1xx_HAL_Driver/Src/stm32f1xx_hal_tim.o
                0x000000000800afda                TIM_ETR_SetConfig
 .text.TIM_CCxChannelCmd
                0x000000000800b018       0x48 ./Drivers/STM32F1xx_HAL_Driver/Src/stm32f1xx_hal_tim.o
                0x000000000800b018                TIM_CCxChannelCmd
 .text.HAL_TIMEx_MasterConfigSynchronization
                0x000000000800b060       0xbc ./Drivers/STM32F1xx_HAL_Driver/Src/stm32f1xx_hal_tim_ex.o
                0x000000000800b060                HAL_TIMEx_MasterConfigSynchronization
 .text.HAL_TIMEx_CommutCallback
                0x000000000800b11c       0x12 ./Drivers/STM32F1xx_HAL_Driver/Src/stm32f1xx_hal_tim_ex.o
                0x000000000800b11c                HAL_TIMEx_CommutCallback
 .text.HAL_TIMEx_BreakCallback
                0x000000000800b12e       0x12 ./Drivers/STM32F1xx_HAL_Driver/Src/stm32f1xx_hal_tim_ex.o
                0x000000000800b12e                HAL_TIMEx_BreakCallback
 .text._ZdlPvj  0x000000000800b140        0x4 f:/stm32cubeide_1.3.0/stm32cubeide/plugins/com.st.stm32cube.ide.mcu.externaltools.gnu-tools-for-stm32.9-2020-q2-update.win32_2.0.0.202105311346/tools/bin/../lib/gcc/arm-none-eabi/9.3.1/../../../../arm-none-eabi/lib/thumb/v7-m/nofp\libstdc++_nano.a(del_ops.o)
                0x000000000800b140                operator delete(void*, unsigned int)
 .text._ZdaPv   0x000000000800b144        0x4 f:/stm32cubeide_1.3.0/stm32cubeide/plugins/com.st.stm32cube.ide.mcu.externaltools.gnu-tools-for-stm32.9-2020-q2-update.win32_2.0.0.202105311346/tools/bin/../lib/gcc/arm-none-eabi/9.3.1/../../../../arm-none-eabi/lib/thumb/v7-m/nofp\libstdc++_nano.a(del_opv.o)
                0x000000000800b144                operator delete[](void*)
 .text._Znwj    0x000000000800b148       0x22 f:/stm32cubeide_1.3.0/stm32cubeide/plugins/com.st.stm32cube.ide.mcu.externaltools.gnu-tools-for-stm32.9-2020-q2-update.win32_2.0.0.202105311346/tools/bin/../lib/gcc/arm-none-eabi/9.3.1/../../../../arm-none-eabi/lib/thumb/v7-m/nofp\libstdc++_nano.a(new_op.o)
                0x000000000800b148                operator new(unsigned int)
 .text._Znaj    0x000000000800b16a        0x4 f:/stm32cubeide_1.3.0/stm32cubeide/plugins/com.st.stm32cube.ide.mcu.externaltools.gnu-tools-for-stm32.9-2020-q2-update.win32_2.0.0.202105311346/tools/bin/../lib/gcc/arm-none-eabi/9.3.1/../../../../arm-none-eabi/lib/thumb/v7-m/nofp\libstdc++_nano.a(new_opv.o)
                0x000000000800b16a                operator new[](unsigned int)
 .text._ZdlPv   0x000000000800b16e        0x4 f:/stm32cubeide_1.3.0/stm32cubeide/plugins/com.st.stm32cube.ide.mcu.externaltools.gnu-tools-for-stm32.9-2020-q2-update.win32_2.0.0.202105311346/tools/bin/../lib/gcc/arm-none-eabi/9.3.1/../../../../arm-none-eabi/lib/thumb/v7-m/nofp\libstdc++_nano.a(del_op.o)
                0x000000000800b16e                operator delete(void*)
 *fill*         0x000000000800b172        0x2 
 .text._ZSt15get_new_handlerv
                0x000000000800b174       0x10 f:/stm32cubeide_1.3.0/stm32cubeide/plugins/com.st.stm32cube.ide.mcu.externaltools.gnu-tools-for-stm32.9-2020-q2-update.win32_2.0.0.202105311346/tools/bin/../lib/gcc/arm-none-eabi/9.3.1/../../../../arm-none-eabi/lib/thumb/v7-m/nofp\libstdc++_nano.a(new_handler.o)
                0x000000000800b174                std::get_new_handler()
 .text.abort    0x000000000800b184        0xe f:/stm32cubeide_1.3.0/stm32cubeide/plugins/com.st.stm32cube.ide.mcu.externaltools.gnu-tools-for-stm32.9-2020-q2-update.win32_2.0.0.202105311346/tools/bin/../lib/gcc/arm-none-eabi/9.3.1/../../../../arm-none-eabi/lib/thumb/v7-m/nofp\libc_nano.a(lib_a-abort.o)
                0x000000000800b184                abort
 *fill*         0x000000000800b192        0x2 
 .text.__errno  0x000000000800b194        0xc f:/stm32cubeide_1.3.0/stm32cubeide/plugins/com.st.stm32cube.ide.mcu.externaltools.gnu-tools-for-stm32.9-2020-q2-update.win32_2.0.0.202105311346/tools/bin/../lib/gcc/arm-none-eabi/9.3.1/../../../../arm-none-eabi/lib/thumb/v7-m/nofp\libc_nano.a(lib_a-errno.o)
                0x000000000800b194                __errno
 .text.__libc_init_array
                0x000000000800b1a0       0x48 f:/stm32cubeide_1.3.0/stm32cubeide/plugins/com.st.stm32cube.ide.mcu.externaltools.gnu-tools-for-stm32.9-2020-q2-update.win32_2.0.0.202105311346/tools/bin/../lib/gcc/arm-none-eabi/9.3.1/../../../../arm-none-eabi/lib/thumb/v7-m/nofp\libc_nano.a(lib_a-init.o)
                0x000000000800b1a0                __libc_init_array
 .text.malloc   0x000000000800b1e8       0x10 f:/stm32cubeide_1.3.0/stm32cubeide/plugins/com.st.stm32cube.ide.mcu.externaltools.gnu-tools-for-stm32.9-2020-q2-update.win32_2.0.0.202105311346/tools/bin/../lib/gcc/arm-none-eabi/9.3.1/../../../../arm-none-eabi/lib/thumb/v7-m/nofp\libc_nano.a(lib_a-malloc.o)
                0x000000000800b1e8                malloc
 .text.free     0x000000000800b1f8       0x10 f:/stm32cubeide_1.3.0/stm32cubeide/plugins/com.st.stm32cube.ide.mcu.externaltools.gnu-tools-for-stm32.9-2020-q2-update.win32_2.0.0.202105311346/tools/bin/../lib/gcc/arm-none-eabi/9.3.1/../../../../arm-none-eabi/lib/thumb/v7-m/nofp\libc_nano.a(lib_a-malloc.o)
                0x000000000800b1f8                free
 .text.memcpy   0x000000000800b208       0x1c f:/stm32cubeide_1.3.0/stm32cubeide/plugins/com.st.stm32cube.ide.mcu.externaltools.gnu-tools-for-stm32.9-2020-q2-update.win32_2.0.0.202105311346/tools/bin/../lib/gcc/arm-none-eabi/9.3.1/../../../../arm-none-eabi/lib/thumb/v7-m/nofp\libc_nano.a(lib_a-memcpy-stub.o)
                0x000000000800b208                memcpy
 .text.memset   0x000000000800b224       0x10 f:/stm32cubeide_1.3.0/stm32cubeide/plugins/com.st.stm32cube.ide.mcu.externaltools.gnu-tools-for-stm32.9-2020-q2-update.win32_2.0.0.202105311346/tools/bin/../lib/gcc/arm-none-eabi/9.3.1/../../../../arm-none-eabi/lib/thumb/v7-m/nofp\libc_nano.a(lib_a-memset.o)
                0x000000000800b224                memset
 .text._free_r  0x000000000800b234       0x98 f:/stm32cubeide_1.3.0/stm32cubeide/plugins/com.st.stm32cube.ide.mcu.externaltools.gnu-tools-for-stm32.9-2020-q2-update.win32_2.0.0.202105311346/tools/bin/../lib/gcc/arm-none-eabi/9.3.1/../../../../arm-none-eabi/lib/thumb/v7-m/nofp\libc_nano.a(lib_a-nano-freer.o)
                0x000000000800b234                _free_r
 .text._malloc_r
                0x000000000800b2cc       0xb4 f:/stm32cubeide_1.3.0/stm32cubeide/plugins/com.st.stm32cube.ide.mcu.externaltools.gnu-tools-for-stm32.9-2020-q2-update.win32_2.0.0.202105311346/tools/bin/../lib/gcc/arm-none-eabi/9.3.1/../../../../arm-none-eabi/lib/thumb/v7-m/nofp\libc_nano.a(lib_a-nano-mallocr.o)
                0x000000000800b2cc                _malloc_r
 .text._sbrk_r  0x000000000800b380       0x20 f:/stm32cubeide_1.3.0/stm32cubeide/plugins/com.st.stm32cube.ide.mcu.externaltools.gnu-tools-for-stm32.9-2020-q2-update.win32_2.0.0.202105311346/tools/bin/../lib/gcc/arm-none-eabi/9.3.1/../../../../arm-none-eabi/lib/thumb/v7-m/nofp\libc_nano.a(lib_a-sbrkr.o)
                0x000000000800b380                _sbrk_r
 .text._raise_r
                0x000000000800b3a0       0x50 f:/stm32cubeide_1.3.0/stm32cubeide/plugins/com.st.stm32cube.ide.mcu.externaltools.gnu-tools-for-stm32.9-2020-q2-update.win32_2.0.0.202105311346/tools/bin/../lib/gcc/arm-none-eabi/9.3.1/../../../../arm-none-eabi/lib/thumb/v7-m/nofp\libc_nano.a(lib_a-signal.o)
                0x000000000800b3a0                _raise_r
 .text.raise    0x000000000800b3f0       0x10 f:/stm32cubeide_1.3.0/stm32cubeide/plugins/com.st.stm32cube.ide.mcu.externaltools.gnu-tools-for-stm32.9-2020-q2-update.win32_2.0.0.202105311346/tools/bin/../lib/gcc/arm-none-eabi/9.3.1/../../../../arm-none-eabi/lib/thumb/v7-m/nofp\libc_nano.a(lib_a-signal.o)
                0x000000000800b3f0                raise
 .text._kill_r  0x000000000800b400       0x24 f:/stm32cubeide_1.3.0/stm32cubeide/plugins/com.st.stm32cube.ide.mcu.externaltools.gnu-tools-for-stm32.9-2020-q2-update.win32_2.0.0.202105311346/tools/bin/../lib/gcc/arm-none-eabi/9.3.1/../../../../arm-none-eabi/lib/thumb/v7-m/nofp\libc_nano.a(lib_a-signalr.o)
                0x000000000800b400                _kill_r
 .text._getpid_r
                0x000000000800b424        0x4 f:/stm32cubeide_1.3.0/stm32cubeide/plugins/com.st.stm32cube.ide.mcu.externaltools.gnu-tools-for-stm32.9-2020-q2-update.win32_2.0.0.202105311346/tools/bin/../lib/gcc/arm-none-eabi/9.3.1/../../../../arm-none-eabi/lib/thumb/v7-m/nofp\libc_nano.a(lib_a-signalr.o)
                0x000000000800b424                _getpid_r
 .text.snprintf
                0x000000000800b428       0x68 f:/stm32cubeide_1.3.0/stm32cubeide/plugins/com.st.stm32cube.ide.mcu.externaltools.gnu-tools-for-stm32.9-2020-q2-update.win32_2.0.0.202105311346/tools/bin/../lib/gcc/arm-none-eabi/9.3.1/../../../../arm-none-eabi/lib/thumb/v7-m/nofp\libc_nano.a(lib_a-snprintf.o)
                0x000000000800b428                sniprintf
                0x000000000800b428                snprintf
 .text.strcpy   0x000000000800b490       0x10 f:/stm32cubeide_1.3.0/stm32cubeide/plugins/com.st.stm32cube.ide.mcu.externaltools.gnu-tools-for-stm32.9-2020-q2-update.win32_2.0.0.202105311346/tools/bin/../lib/gcc/arm-none-eabi/9.3.1/../../../../arm-none-eabi/lib/thumb/v7-m/nofp\libc_nano.a(lib_a-strcpy.o)
                0x000000000800b490                strcpy
 .text.__malloc_lock
                0x000000000800b4a0        0xc f:/stm32cubeide_1.3.0/stm32cubeide/plugins/com.st.stm32cube.ide.mcu.externaltools.gnu-tools-for-stm32.9-2020-q2-update.win32_2.0.0.202105311346/tools/bin/../lib/gcc/arm-none-eabi/9.3.1/../../../../arm-none-eabi/lib/thumb/v7-m/nofp\libc_nano.a(lib_a-mlock.o)
                0x000000000800b4a0                __malloc_lock
 .text.__malloc_unlock
                0x000000000800b4ac        0xc f:/stm32cubeide_1.3.0/stm32cubeide/plugins/com.st.stm32cube.ide.mcu.externaltools.gnu-tools-for-stm32.9-2020-q2-update.win32_2.0.0.202105311346/tools/bin/../lib/gcc/arm-none-eabi/9.3.1/../../../../arm-none-eabi/lib/thumb/v7-m/nofp\libc_nano.a(lib_a-mlock.o)
                0x000000000800b4ac                __malloc_unlock
 .text.__ssputs_r
                0x000000000800b4b8       0xb6 f:/stm32cubeide_1.3.0/stm32cubeide/plugins/com.st.stm32cube.ide.mcu.externaltools.gnu-tools-for-stm32.9-2020-q2-update.win32_2.0.0.202105311346/tools/bin/../lib/gcc/arm-none-eabi/9.3.1/../../../../arm-none-eabi/lib/thumb/v7-m/nofp\libc_nano.a(lib_a-nano-svfprintf.o)
                0x000000000800b4b8                __ssputs_r
 *fill*         0x000000000800b56e        0x2 
 .text._svfprintf_r
                0x000000000800b570      0x200 f:/stm32cubeide_1.3.0/stm32cubeide/plugins/com.st.stm32cube.ide.mcu.externaltools.gnu-tools-for-stm32.9-2020-q2-update.win32_2.0.0.202105311346/tools/bin/../lib/gcc/arm-none-eabi/9.3.1/../../../../arm-none-eabi/lib/thumb/v7-m/nofp\libc_nano.a(lib_a-nano-svfprintf.o)
                0x000000000800b570                _svfiprintf_r
                0x000000000800b570                _svfprintf_r
 .text._printf_common
                0x000000000800b770       0xde f:/stm32cubeide_1.3.0/stm32cubeide/plugins/com.st.stm32cube.ide.mcu.externaltools.gnu-tools-for-stm32.9-2020-q2-update.win32_2.0.0.202105311346/tools/bin/../lib/gcc/arm-none-eabi/9.3.1/../../../../arm-none-eabi/lib/thumb/v7-m/nofp\libc_nano.a(lib_a-nano-vfprintf_i.o)
                0x000000000800b770                _printf_common
 *fill*         0x000000000800b84e        0x2 
 .text._printf_i
                0x000000000800b850      0x24c f:/stm32cubeide_1.3.0/stm32cubeide/plugins/com.st.stm32cube.ide.mcu.externaltools.gnu-tools-for-stm32.9-2020-q2-update.win32_2.0.0.202105311346/tools/bin/../lib/gcc/arm-none-eabi/9.3.1/../../../../arm-none-eabi/lib/thumb/v7-m/nofp\libc_nano.a(lib_a-nano-vfprintf_i.o)
                0x000000000800b850                _printf_i
 .text.__retarget_lock_acquire_recursive
                0x000000000800ba9c        0x2 f:/stm32cubeide_1.3.0/stm32cubeide/plugins/com.st.stm32cube.ide.mcu.externaltools.gnu-tools-for-stm32.9-2020-q2-update.win32_2.0.0.202105311346/tools/bin/../lib/gcc/arm-none-eabi/9.3.1/../../../../arm-none-eabi/lib/thumb/v7-m/nofp\libc_nano.a(lib_a-lock.o)
                0x000000000800ba9c                __retarget_lock_acquire_recursive
 .text.__retarget_lock_release_recursive
                0x000000000800ba9e        0x2 f:/stm32cubeide_1.3.0/stm32cubeide/plugins/com.st.stm32cube.ide.mcu.externaltools.gnu-tools-for-stm32.9-2020-q2-update.win32_2.0.0.202105311346/tools/bin/../lib/gcc/arm-none-eabi/9.3.1/../../../../arm-none-eabi/lib/thumb/v7-m/nofp\libc_nano.a(lib_a-lock.o)
                0x000000000800ba9e                __retarget_lock_release_recursive
 .text.memchr   0x000000000800baa0       0x1c f:/stm32cubeide_1.3.0/stm32cubeide/plugins/com.st.stm32cube.ide.mcu.externaltools.gnu-tools-for-stm32.9-2020-q2-update.win32_2.0.0.202105311346/tools/bin/../lib/gcc/arm-none-eabi/9.3.1/../../../../arm-none-eabi/lib/thumb/v7-m/nofp\libc_nano.a(lib_a-memchr-stub.o)
                0x000000000800baa0                memchr
 .text.memmove  0x000000000800babc       0x34 f:/stm32cubeide_1.3.0/stm32cubeide/plugins/com.st.stm32cube.ide.mcu.externaltools.gnu-tools-for-stm32.9-2020-q2-update.win32_2.0.0.202105311346/tools/bin/../lib/gcc/arm-none-eabi/9.3.1/../../../../arm-none-eabi/lib/thumb/v7-m/nofp\libc_nano.a(lib_a-memmove.o)
                0x000000000800babc                memmove
 .text._realloc_r
                0x000000000800baf0       0x4c f:/stm32cubeide_1.3.0/stm32cubeide/plugins/com.st.stm32cube.ide.mcu.externaltools.gnu-tools-for-stm32.9-2020-q2-update.win32_2.0.0.202105311346/tools/bin/../lib/gcc/arm-none-eabi/9.3.1/../../../../arm-none-eabi/lib/thumb/v7-m/nofp\libc_nano.a(lib_a-nano-reallocr.o)
                0x000000000800baf0                _realloc_r
 .text._malloc_usable_size_r
                0x000000000800bb3c       0x10 f:/stm32cubeide_1.3.0/stm32cubeide/plugins/com.st.stm32cube.ide.mcu.externaltools.gnu-tools-for-stm32.9-2020-q2-update.win32_2.0.0.202105311346/tools/bin/../lib/gcc/arm-none-eabi/9.3.1/../../../../arm-none-eabi/lib/thumb/v7-m/nofp\libc_nano.a(lib_a-nano-msizer.o)
                0x000000000800bb3c                _malloc_usable_size_r
 *(.glue_7)
 .glue_7        0x000000000800bb4c        0x0 linker stubs
 *(.glue_7t)
 .glue_7t       0x000000000800bb4c        0x0 linker stubs
 *(.eh_frame)
 .eh_frame      0x000000000800bb4c        0x0 f:/stm32cubeide_1.3.0/stm32cubeide/plugins/com.st.stm32cube.ide.mcu.externaltools.gnu-tools-for-stm32.9-2020-q2-update.win32_2.0.0.202105311346/tools/bin/../lib/gcc/arm-none-eabi/9.3.1/thumb/v7-m/nofp/crtbegin.o
 *(.init)
 .init          0x000000000800bb4c        0x4 f:/stm32cubeide_1.3.0/stm32cubeide/plugins/com.st.stm32cube.ide.mcu.externaltools.gnu-tools-for-stm32.9-2020-q2-update.win32_2.0.0.202105311346/tools/bin/../lib/gcc/arm-none-eabi/9.3.1/thumb/v7-m/nofp/crti.o
                0x000000000800bb4c                _init
 .init          0x000000000800bb50        0x8 f:/stm32cubeide_1.3.0/stm32cubeide/plugins/com.st.stm32cube.ide.mcu.externaltools.gnu-tools-for-stm32.9-2020-q2-update.win32_2.0.0.202105311346/tools/bin/../lib/gcc/arm-none-eabi/9.3.1/thumb/v7-m/nofp/crtn.o
 *(.fini)
 .fini          0x000000000800bb58        0x4 f:/stm32cubeide_1.3.0/stm32cubeide/plugins/com.st.stm32cube.ide.mcu.externaltools.gnu-tools-for-stm32.9-2020-q2-update.win32_2.0.0.202105311346/tools/bin/../lib/gcc/arm-none-eabi/9.3.1/thumb/v7-m/nofp/crti.o
                0x000000000800bb58                _fini
 .fini          0x000000000800bb5c        0x8 f:/stm32cubeide_1.3.0/stm32cubeide/plugins/com.st.stm32cube.ide.mcu.externaltools.gnu-tools-for-stm32.9-2020-q2-update.win32_2.0.0.202105311346/tools/bin/../lib/gcc/arm-none-eabi/9.3.1/thumb/v7-m/nofp/crtn.o
                0x000000000800bb64                . = ALIGN (0x4)
                0x000000000800bb64                _etext = .

.vfp11_veneer   0x000000000800bb64        0x0
 .vfp11_veneer  0x000000000800bb64        0x0 linker stubs

.v4_bx          0x000000000800bb64        0x0
 .v4_bx         0x000000000800bb64        0x0 linker stubs

.iplt           0x000000000800bb64        0x0
 .iplt          0x000000000800bb64        0x0 f:/stm32cubeide_1.3.0/stm32cubeide/plugins/com.st.stm32cube.ide.mcu.externaltools.gnu-tools-for-stm32.9-2020-q2-update.win32_2.0.0.202105311346/tools/bin/../lib/gcc/arm-none-eabi/9.3.1/thumb/v7-m/nofp/crtbegin.o

.rodata         0x000000000800bb64     0x68e8
                0x000000000800bb64                . = ALIGN (0x4)
 *(.rodata)
 .rodata        0x000000000800bb64       0x9c ./Core/Src/LCDTelemetry.o
 .rodata        0x000000000800bc00       0xc2 ./Core/Src/MainPage.o
 *fill*         0x000000000800bcc2        0x2 
 .rodata        0x000000000800bcc4       0xbe ./Core/Src/OutLapPage.o
 *fill*         0x000000000800bd82        0x2 
 .rodata        0x000000000800bd84       0x31 ./Core/Src/Lcd/ili9488.o
 *fill*         0x000000000800bdb5        0x3 
 .rodata        0x000000000800bdb8       0x10 ./Drivers/STM32F1xx_HAL_Driver/Src/stm32f1xx_hal_rcc.o
 *(.rodata*)
 .rodata._ZL9increment
                0x000000000800bdc8       0x10 ./Core/Src/cppmain.o
 .rodata.AHBPrescTable
                0x000000000800bdd8       0x10 ./Core/Src/system_stm32f1xx.o
                0x000000000800bdd8                AHBPrescTable
 .rodata.APBPrescTable
                0x000000000800bde8        0x8 ./Core/Src/system_stm32f1xx.o
                0x000000000800bde8                APBPrescTable
 .rodata.FreeSans12pt7bBitmaps
                0x000000000800bdf0      0x7b1 ./Core/Src/Lcd/Fonts/FreeSans12pt7b.o
                0x000000000800bdf0                FreeSans12pt7bBitmaps
 *fill*         0x000000000800c5a1        0x3 
 .rodata.FreeSans12pt7bGlyphs
                0x000000000800c5a4      0x2f8 ./Core/Src/Lcd/Fonts/FreeSans12pt7b.o
                0x000000000800c5a4                FreeSans12pt7bGlyphs
 .rodata.FreeSans12pt7b
                0x000000000800c89c        0xc ./Core/Src/Lcd/Fonts/FreeSans12pt7b.o
                0x000000000800c89c                FreeSans12pt7b
 .rodata.FreeSans18pt7bBitmaps
                0x000000000800c8a8     0x103f ./Core/Src/Lcd/Fonts/FreeSans18pt7b.o
                0x000000000800c8a8                FreeSans18pt7bBitmaps
 *fill*         0x000000000800d8e7        0x1 
 .rodata.FreeSans18pt7bGlyphs
                0x000000000800d8e8      0x2f8 ./Core/Src/Lcd/Fonts/FreeSans18pt7b.o
                0x000000000800d8e8                FreeSans18pt7bGlyphs
 .rodata.FreeSans18pt7b
                0x000000000800dbe0        0xc ./Core/Src/Lcd/Fonts/FreeSans18pt7b.o
                0x000000000800dbe0                FreeSans18pt7b
 .rodata.FreeSans24pt7bBitmaps
                0x000000000800dbec     0x1d28 ./Core/Src/Lcd/Fonts/FreeSans24pt7b.o
                0x000000000800dbec                FreeSans24pt7bBitmaps
 .rodata.FreeSans24pt7bGlyphs
                0x000000000800f914      0x2f8 ./Core/Src/Lcd/Fonts/FreeSans24pt7b.o
                0x000000000800f914                FreeSans24pt7bGlyphs
 .rodata.FreeSans24pt7b
                0x000000000800fc0c        0xc ./Core/Src/Lcd/Fonts/FreeSans24pt7b.o
                0x000000000800fc0c                FreeSans24pt7b
 .rodata.FreeSans9pt7bBitmaps
                0x000000000800fc18      0x47e ./Core/Src/Lcd/Fonts/FreeSans9pt7b.o
                0x000000000800fc18                FreeSans9pt7bBitmaps
 *fill*         0x0000000008010096        0x2 
 .rodata.FreeSans9pt7bGlyphs
                0x0000000008010098      0x2f8 ./Core/Src/Lcd/Fonts/FreeSans9pt7b.o
                0x0000000008010098                FreeSans9pt7bGlyphs
 .rodata.FreeSans9pt7b
                0x0000000008010390        0xc ./Core/Src/Lcd/Fonts/FreeSans9pt7b.o
                0x0000000008010390                FreeSans9pt7b
 .rodata.MokiLean18pt7bBitmaps
                0x000000000801039c     0x1d75 ./Core/Src/Lcd/Fonts/MokiLean18pt7b.o
                0x000000000801039c                MokiLean18pt7bBitmaps
 *fill*         0x0000000008012111        0x3 
 .rodata.MokiLean18pt7bGlyphs
                0x0000000008012114      0x2f8 ./Core/Src/Lcd/Fonts/MokiLean18pt7b.o
                0x0000000008012114                MokiLean18pt7bGlyphs
 .rodata.MokiLean18pt7b
                0x000000000801240c        0xc ./Core/Src/Lcd/Fonts/MokiLean18pt7b.o
                0x000000000801240c                MokiLean18pt7b
 .rodata._svfprintf_r.str1.1
                0x0000000008012418       0x11 f:/stm32cubeide_1.3.0/stm32cubeide/plugins/com.st.stm32cube.ide.mcu.externaltools.gnu-tools-for-stm32.9-2020-q2-update.win32_2.0.0.202105311346/tools/bin/../lib/gcc/arm-none-eabi/9.3.1/../../../../arm-none-eabi/lib/thumb/v7-m/nofp\libc_nano.a(lib_a-nano-svfprintf.o)
 .rodata._printf_i.str1.1
                0x0000000008012429       0x22 f:/stm32cubeide_1.3.0/stm32cubeide/plugins/com.st.stm32cube.ide.mcu.externaltools.gnu-tools-for-stm32.9-2020-q2-update.win32_2.0.0.202105311346/tools/bin/../lib/gcc/arm-none-eabi/9.3.1/../../../../arm-none-eabi/lib/thumb/v7-m/nofp\libc_nano.a(lib_a-nano-vfprintf_i.o)
                0x000000000801244c                . = ALIGN (0x4)
 *fill*         0x000000000801244b        0x1 

.rel.dyn        0x000000000801244c        0x0
 .rel.iplt      0x000000000801244c        0x0 f:/stm32cubeide_1.3.0/stm32cubeide/plugins/com.st.stm32cube.ide.mcu.externaltools.gnu-tools-for-stm32.9-2020-q2-update.win32_2.0.0.202105311346/tools/bin/../lib/gcc/arm-none-eabi/9.3.1/thumb/v7-m/nofp/crtbegin.o

.ARM.extab      0x000000000801244c        0x0
                0x000000000801244c                . = ALIGN (0x4)
 *(.ARM.extab* .gnu.linkonce.armextab.*)
                0x000000000801244c                . = ALIGN (0x4)

.ARM            0x000000000801244c        0x0
                0x000000000801244c                . = ALIGN (0x4)
                0x000000000801244c                __exidx_start = .
 *(.ARM.exidx*)
                0x000000000801244c                __exidx_end = .
                0x000000000801244c                . = ALIGN (0x4)

.preinit_array  0x000000000801244c        0x0
                0x000000000801244c                . = ALIGN (0x4)
                0x000000000801244c                PROVIDE (__preinit_array_start = .)
 *(.preinit_array*)
                0x000000000801244c                PROVIDE (__preinit_array_end = .)
                0x000000000801244c                . = ALIGN (0x4)

.init_array     0x000000000801244c        0x4
                0x000000000801244c                . = ALIGN (0x4)
                0x000000000801244c                PROVIDE (__init_array_start = .)
 *(SORT_BY_NAME(.init_array.*))
 *(.init_array*)
 .init_array    0x000000000801244c        0x4 f:/stm32cubeide_1.3.0/stm32cubeide/plugins/com.st.stm32cube.ide.mcu.externaltools.gnu-tools-for-stm32.9-2020-q2-update.win32_2.0.0.202105311346/tools/bin/../lib/gcc/arm-none-eabi/9.3.1/thumb/v7-m/nofp/crtbegin.o
                0x0000000008012450                PROVIDE (__init_array_end = .)
                0x0000000008012450                . = ALIGN (0x4)

.fini_array     0x0000000008012450        0x4
                0x0000000008012450                . = ALIGN (0x4)
                [!provide]                        PROVIDE (__fini_array_start = .)
 *(SORT_BY_NAME(.fini_array.*))
 *(.fini_array*)
 .fini_array    0x0000000008012450        0x4 f:/stm32cubeide_1.3.0/stm32cubeide/plugins/com.st.stm32cube.ide.mcu.externaltools.gnu-tools-for-stm32.9-2020-q2-update.win32_2.0.0.202105311346/tools/bin/../lib/gcc/arm-none-eabi/9.3.1/thumb/v7-m/nofp/crtbegin.o
                [!provide]                        PROVIDE (__fini_array_end = .)
                0x0000000008012454                . = ALIGN (0x4)
                0x0000000008012454                _sidata = LOADADDR (.data)

.data           0x0000000020000000       0xbc load address 0x0000000008012454
                0x0000000020000000                . = ALIGN (0x4)
                0x0000000020000000                _sdata = .
 *(.data)
 *(.data*)
 .data.running  0x0000000020000000        0x1 ./Core/Src/cppmain.o
                0x0000000020000000                running
 .data.first    0x0000000020000001        0x1 ./Core/Src/cppmain.o
                0x0000000020000001                first
 *fill*         0x0000000020000002        0x2 
 .data.SystemCoreClock
                0x0000000020000004        0x4 ./Core/Src/system_stm32f1xx.o
                0x0000000020000004                SystemCoreClock
 .data.ili9488_drv
                0x0000000020000008       0x44 ./Core/Src/Lcd/ili9488.o
                0x0000000020000008                ili9488_drv
 .data.lcd_drv  0x000000002000004c        0x4 ./Core/Src/Lcd/ili9488.o
                0x000000002000004c                lcd_drv
 .data.uwTickPrio
                0x0000000020000050        0x4 ./Drivers/STM32F1xx_HAL_Driver/Src/stm32f1xx_hal.o
                0x0000000020000050                uwTickPrio
 .data.uwTickFreq
                0x0000000020000054        0x1 ./Drivers/STM32F1xx_HAL_Driver/Src/stm32f1xx_hal.o
                0x0000000020000054                uwTickFreq
 *fill*         0x0000000020000055        0x3 
 .data._impure_ptr
                0x0000000020000058        0x4 f:/stm32cubeide_1.3.0/stm32cubeide/plugins/com.st.stm32cube.ide.mcu.externaltools.gnu-tools-for-stm32.9-2020-q2-update.win32_2.0.0.202105311346/tools/bin/../lib/gcc/arm-none-eabi/9.3.1/../../../../arm-none-eabi/lib/thumb/v7-m/nofp\libc_nano.a(lib_a-impure.o)
                0x0000000020000058                _impure_ptr
 .data.impure_data
                0x000000002000005c       0x60 f:/stm32cubeide_1.3.0/stm32cubeide/plugins/com.st.stm32cube.ide.mcu.externaltools.gnu-tools-for-stm32.9-2020-q2-update.win32_2.0.0.202105311346/tools/bin/../lib/gcc/arm-none-eabi/9.3.1/../../../../arm-none-eabi/lib/thumb/v7-m/nofp\libc_nano.a(lib_a-impure.o)
                0x00000000200000bc                . = ALIGN (0x4)
                0x00000000200000bc                _edata = .

.igot.plt       0x00000000200000bc        0x0 load address 0x0000000008012510
 .igot.plt      0x00000000200000bc        0x0 f:/stm32cubeide_1.3.0/stm32cubeide/plugins/com.st.stm32cube.ide.mcu.externaltools.gnu-tools-for-stm32.9-2020-q2-update.win32_2.0.0.202105311346/tools/bin/../lib/gcc/arm-none-eabi/9.3.1/thumb/v7-m/nofp/crtbegin.o
                0x00000000200000bc                . = ALIGN (0x4)

.bss            0x00000000200000bc      0x7c4 load address 0x0000000008012510
                0x00000000200000bc                _sbss = .
                0x00000000200000bc                __bss_start__ = _sbss
 *(.bss)
 .bss           0x00000000200000bc       0x1c f:/stm32cubeide_1.3.0/stm32cubeide/plugins/com.st.stm32cube.ide.mcu.externaltools.gnu-tools-for-stm32.9-2020-q2-update.win32_2.0.0.202105311346/tools/bin/../lib/gcc/arm-none-eabi/9.3.1/thumb/v7-m/nofp/crtbegin.o
 *(.bss*)
 .bss.button_buf
                0x00000000200000d8        0x2 ./Core/Src/cppmain.o
                0x00000000200000d8                button_buf
 *fill*         0x00000000200000da        0x2 
 .bss.button_buf2
                0x00000000200000dc        0x2 ./Core/Src/cppmain.o
                0x00000000200000dc                button_buf2
 *fill*         0x00000000200000de        0x2 
 .bss.ADC_BUF   0x00000000200000e0       0x14 ./Core/Src/cppmain.o
                0x00000000200000e0                ADC_BUF
 .bss.error     0x00000000200000f4        0x1 ./Core/Src/cppmain.o
                0x00000000200000f4                error
 *fill*         0x00000000200000f5        0x3 
 .bss.telemetry
                0x00000000200000f8       0x5c ./Core/Src/cppmain.o
                0x00000000200000f8                telemetry
 .bss.lastTick  0x0000000020000154        0x4 ./Core/Src/cppmain.o
                0x0000000020000154                lastTick
 .bss.count2    0x0000000020000158        0x2 ./Core/Src/cppmain.o
                0x0000000020000158                count2
 .bss.count     0x000000002000015a        0x2 ./Core/Src/cppmain.o
                0x000000002000015a                count
 .bss.i2cError  0x000000002000015c        0x2 ./Core/Src/cppmain.o
                0x000000002000015c                i2cError
 *fill*         0x000000002000015e        0x2 
 .bss.lastTick2
                0x0000000020000160        0x4 ./Core/Src/cppmain.o
                0x0000000020000160                lastTick2
 .bss.value     0x0000000020000164        0x4 ./Core/Src/cppmain.o
                0x0000000020000164                value
 .bss.value2    0x0000000020000168        0x4 ./Core/Src/cppmain.o
                0x0000000020000168                value2
 .bss.lastState
                0x000000002000016c        0x1 ./Core/Src/cppmain.o
                0x000000002000016c                lastState
 .bss.listening
                0x000000002000016d        0x1 ./Core/Src/cppmain.o
                0x000000002000016d                listening
 *fill*         0x000000002000016e        0x2 
 .bss.__sbrk_heap_end
                0x0000000020000170        0x4 ./Core/Src/sysmem.o
 .bss.BUF_DMA   0x0000000020000174      0x454 ./Core/Src/ws2812.o
                0x0000000020000174                BUF_DMA
 .bss.LED_Data  0x00000000200005c8       0x54 ./Core/Src/ws2812.o
                0x00000000200005c8                LED_Data
 .bss.Is_ili9488_Initialized
                0x000000002000061c        0x1 ./Core/Src/Lcd/ili9488.o
 *fill*         0x000000002000061d        0x3 
 .bss.scrparam.6599
                0x0000000020000620        0x8 ./Core/Src/Lcd/ili9488.o
 .bss._ZN12_GLOBAL__N_113__new_handlerE
                0x0000000020000628        0x4 f:/stm32cubeide_1.3.0/stm32cubeide/plugins/com.st.stm32cube.ide.mcu.externaltools.gnu-tools-for-stm32.9-2020-q2-update.win32_2.0.0.202105311346/tools/bin/../lib/gcc/arm-none-eabi/9.3.1/../../../../arm-none-eabi/lib/thumb/v7-m/nofp\libstdc++_nano.a(new_handler.o)
 .bss.__malloc_free_list
                0x000000002000062c        0x4 f:/stm32cubeide_1.3.0/stm32cubeide/plugins/com.st.stm32cube.ide.mcu.externaltools.gnu-tools-for-stm32.9-2020-q2-update.win32_2.0.0.202105311346/tools/bin/../lib/gcc/arm-none-eabi/9.3.1/../../../../arm-none-eabi/lib/thumb/v7-m/nofp\libc_nano.a(lib_a-nano-mallocr.o)
                0x000000002000062c                __malloc_free_list
 .bss.__malloc_sbrk_start
                0x0000000020000630        0x4 f:/stm32cubeide_1.3.0/stm32cubeide/plugins/com.st.stm32cube.ide.mcu.externaltools.gnu-tools-for-stm32.9-2020-q2-update.win32_2.0.0.202105311346/tools/bin/../lib/gcc/arm-none-eabi/9.3.1/../../../../arm-none-eabi/lib/thumb/v7-m/nofp\libc_nano.a(lib_a-nano-mallocr.o)
                0x0000000020000630                __malloc_sbrk_start
 *(COMMON)
 COMMON         0x0000000020000634      0x228 ./Core/Src/main.o
                0x0000000020000634                hdma_tim2_ch1
                0x0000000020000678                htim4
                0x00000000200006c0                hi2c1
                0x0000000020000714                htim3
                0x000000002000075c                hadc1
                0x000000002000078c                hdma_adc1
                0x00000000200007d0                hdma_i2c1_rx
                0x0000000020000814                htim2
 COMMON         0x000000002000085c        0x1 ./Core/Src/Lcd/lcdts_io_gpio8.o
                0x000000002000085c                lcd_data8
 *fill*         0x000000002000085d        0x3 
 COMMON         0x0000000020000860        0xc ./Core/Src/Lcd/stm32_adafruit_lcd.o
                0x0000000020000860                DrawProp
 COMMON         0x000000002000086c        0x4 ./Drivers/STM32F1xx_HAL_Driver/Src/stm32f1xx_hal.o
                0x000000002000086c                uwTick
 COMMON         0x0000000020000870        0x4 f:/stm32cubeide_1.3.0/stm32cubeide/plugins/com.st.stm32cube.ide.mcu.externaltools.gnu-tools-for-stm32.9-2020-q2-update.win32_2.0.0.202105311346/tools/bin/../lib/gcc/arm-none-eabi/9.3.1/../../../../arm-none-eabi/lib/thumb/v7-m/nofp\libc_nano.a(lib_a-reent.o)
                0x0000000020000870                errno
 COMMON         0x0000000020000874        0x9 f:/stm32cubeide_1.3.0/stm32cubeide/plugins/com.st.stm32cube.ide.mcu.externaltools.gnu-tools-for-stm32.9-2020-q2-update.win32_2.0.0.202105311346/tools/bin/../lib/gcc/arm-none-eabi/9.3.1/../../../../arm-none-eabi/lib/thumb/v7-m/nofp\libc_nano.a(lib_a-lock.o)
                0x0000000020000874                __lock___atexit_recursive_mutex
                0x0000000020000875                __lock___arc4random_mutex
                0x0000000020000876                __lock___env_recursive_mutex
                0x0000000020000877                __lock___sinit_recursive_mutex
                0x0000000020000878                __lock___malloc_recursive_mutex
                0x0000000020000879                __lock___at_quick_exit_mutex
                0x000000002000087a                __lock___dd_hash_mutex
                0x000000002000087b                __lock___tz_mutex
                0x000000002000087c                __lock___sfp_recursive_mutex
                0x0000000020000880                . = ALIGN (0x4)
 *fill*         0x000000002000087d        0x3 
                0x0000000020000880                _ebss = .
                0x0000000020000880                __bss_end__ = _ebss

._user_heap_stack
                0x0000000020000880      0x600 load address 0x0000000008012510
                0x0000000020000880                . = ALIGN (0x8)
                [!provide]                        PROVIDE (end = .)
                0x0000000020000880                PROVIDE (_end = .)
                0x0000000020000a80                . = (. + _Min_Heap_Size)
 *fill*         0x0000000020000880      0x200 
                0x0000000020000e80                . = (. + _Min_Stack_Size)
 *fill*         0x0000000020000a80      0x400 
                0x0000000020000e80                . = ALIGN (0x8)

/DISCARD/
 libc.a(*)
 libm.a(*)
 libgcc.a(*)

.ARM.attributes
                0x0000000000000000       0x29
 *(.ARM.attributes)
 .ARM.attributes
                0x0000000000000000       0x1d f:/stm32cubeide_1.3.0/stm32cubeide/plugins/com.st.stm32cube.ide.mcu.externaltools.gnu-tools-for-stm32.9-2020-q2-update.win32_2.0.0.202105311346/tools/bin/../lib/gcc/arm-none-eabi/9.3.1/thumb/v7-m/nofp/crti.o
 .ARM.attributes
                0x000000000000001d       0x2d f:/stm32cubeide_1.3.0/stm32cubeide/plugins/com.st.stm32cube.ide.mcu.externaltools.gnu-tools-for-stm32.9-2020-q2-update.win32_2.0.0.202105311346/tools/bin/../lib/gcc/arm-none-eabi/9.3.1/thumb/v7-m/nofp/crtbegin.o
 .ARM.attributes
                0x000000000000004a       0x2d ./Core/Src/FlickerFreeChar.o
 .ARM.attributes
                0x0000000000000077       0x2d ./Core/Src/FlickerFreeText.o
 .ARM.attributes
                0x00000000000000a4       0x2d ./Core/Src/LCDTelemetry.o
 .ARM.attributes
                0x00000000000000d1       0x2d ./Core/Src/MainPage.o
 .ARM.attributes
                0x00000000000000fe       0x2d ./Core/Src/OutLapPage.o
 .ARM.attributes
                0x000000000000012b       0x2d ./Core/Src/cppmain.o
 .ARM.attributes
                0x0000000000000158       0x2d ./Core/Src/main.o
 .ARM.attributes
                0x0000000000000185       0x2d ./Core/Src/stm32f1xx_hal_msp.o
 .ARM.attributes
                0x00000000000001b2       0x2d ./Core/Src/stm32f1xx_it.o
 .ARM.attributes
                0x00000000000001df       0x2d ./Core/Src/syscalls.o
 .ARM.attributes
                0x000000000000020c       0x2d ./Core/Src/sysmem.o
 .ARM.attributes
                0x0000000000000239       0x2d ./Core/Src/system_stm32f1xx.o
 .ARM.attributes
                0x0000000000000266       0x2d ./Core/Src/ws2812.o
 .ARM.attributes
                0x0000000000000293       0x33 ./Core/Src/Lcd/Fonts/FreeSans12pt7b.o
 .ARM.attributes
                0x00000000000002c6       0x33 ./Core/Src/Lcd/Fonts/FreeSans18pt7b.o
 .ARM.attributes
                0x00000000000002f9       0x33 ./Core/Src/Lcd/Fonts/FreeSans24pt7b.o
 .ARM.attributes
                0x000000000000032c       0x33 ./Core/Src/Lcd/Fonts/FreeSans9pt7b.o
 .ARM.attributes
                0x000000000000035f       0x33 ./Core/Src/Lcd/Fonts/MokiLean18pt7b.o
 .ARM.attributes
                0x0000000000000392       0x2d ./Core/Src/Lcd/ili9488.o
 .ARM.attributes
                0x00000000000003bf       0x2d ./Core/Src/Lcd/lcdts_io_gpio8.o
 .ARM.attributes
                0x00000000000003ec       0x2d ./Core/Src/Lcd/stm32_adafruit_lcd.o
 .ARM.attributes
                0x0000000000000419       0x21 ./Core/Startup/startup_stm32f103c8tx.o
 .ARM.attributes
                0x000000000000043a       0x2d ./Drivers/STM32F1xx_HAL_Driver/Src/stm32f1xx_hal.o
 .ARM.attributes
                0x0000000000000467       0x2d ./Drivers/STM32F1xx_HAL_Driver/Src/stm32f1xx_hal_adc.o
 .ARM.attributes
                0x0000000000000494       0x2d ./Drivers/STM32F1xx_HAL_Driver/Src/stm32f1xx_hal_cortex.o
 .ARM.attributes
                0x00000000000004c1       0x2d ./Drivers/STM32F1xx_HAL_Driver/Src/stm32f1xx_hal_dma.o
 .ARM.attributes
                0x00000000000004ee       0x2d ./Drivers/STM32F1xx_HAL_Driver/Src/stm32f1xx_hal_gpio.o
 .ARM.attributes
                0x000000000000051b       0x2d ./Drivers/STM32F1xx_HAL_Driver/Src/stm32f1xx_hal_i2c.o
 .ARM.attributes
                0x0000000000000548       0x2d ./Drivers/STM32F1xx_HAL_Driver/Src/stm32f1xx_hal_rcc.o
 .ARM.attributes
                0x0000000000000575       0x2d ./Drivers/STM32F1xx_HAL_Driver/Src/stm32f1xx_hal_rcc_ex.o
 .ARM.attributes
                0x00000000000005a2       0x2d ./Drivers/STM32F1xx_HAL_Driver/Src/stm32f1xx_hal_tim.o
 .ARM.attributes
                0x00000000000005cf       0x2d ./Drivers/STM32F1xx_HAL_Driver/Src/stm32f1xx_hal_tim_ex.o
 .ARM.attributes
                0x00000000000005fc       0x2d f:/stm32cubeide_1.3.0/stm32cubeide/plugins/com.st.stm32cube.ide.mcu.externaltools.gnu-tools-for-stm32.9-2020-q2-update.win32_2.0.0.202105311346/tools/bin/../lib/gcc/arm-none-eabi/9.3.1/../../../../arm-none-eabi/lib/thumb/v7-m/nofp\libstdc++_nano.a(del_ops.o)
 .ARM.attributes
                0x0000000000000629       0x2d f:/stm32cubeide_1.3.0/stm32cubeide/plugins/com.st.stm32cube.ide.mcu.externaltools.gnu-tools-for-stm32.9-2020-q2-update.win32_2.0.0.202105311346/tools/bin/../lib/gcc/arm-none-eabi/9.3.1/../../../../arm-none-eabi/lib/thumb/v7-m/nofp\libstdc++_nano.a(del_opv.o)
 .ARM.attributes
                0x0000000000000656       0x2d f:/stm32cubeide_1.3.0/stm32cubeide/plugins/com.st.stm32cube.ide.mcu.externaltools.gnu-tools-for-stm32.9-2020-q2-update.win32_2.0.0.202105311346/tools/bin/../lib/gcc/arm-none-eabi/9.3.1/../../../../arm-none-eabi/lib/thumb/v7-m/nofp\libstdc++_nano.a(new_op.o)
 .ARM.attributes
                0x0000000000000683       0x2d f:/stm32cubeide_1.3.0/stm32cubeide/plugins/com.st.stm32cube.ide.mcu.externaltools.gnu-tools-for-stm32.9-2020-q2-update.win32_2.0.0.202105311346/tools/bin/../lib/gcc/arm-none-eabi/9.3.1/../../../../arm-none-eabi/lib/thumb/v7-m/nofp\libstdc++_nano.a(new_opv.o)
 .ARM.attributes
                0x00000000000006b0       0x2d f:/stm32cubeide_1.3.0/stm32cubeide/plugins/com.st.stm32cube.ide.mcu.externaltools.gnu-tools-for-stm32.9-2020-q2-update.win32_2.0.0.202105311346/tools/bin/../lib/gcc/arm-none-eabi/9.3.1/../../../../arm-none-eabi/lib/thumb/v7-m/nofp\libstdc++_nano.a(del_op.o)
 .ARM.attributes
                0x00000000000006dd       0x2d f:/stm32cubeide_1.3.0/stm32cubeide/plugins/com.st.stm32cube.ide.mcu.externaltools.gnu-tools-for-stm32.9-2020-q2-update.win32_2.0.0.202105311346/tools/bin/../lib/gcc/arm-none-eabi/9.3.1/../../../../arm-none-eabi/lib/thumb/v7-m/nofp\libstdc++_nano.a(new_handler.o)
 .ARM.attributes
                0x000000000000070a       0x2d f:/stm32cubeide_1.3.0/stm32cubeide/plugins/com.st.stm32cube.ide.mcu.externaltools.gnu-tools-for-stm32.9-2020-q2-update.win32_2.0.0.202105311346/tools/bin/../lib/gcc/arm-none-eabi/9.3.1/../../../../arm-none-eabi/lib/thumb/v7-m/nofp\libc_nano.a(lib_a-abort.o)
 .ARM.attributes
                0x0000000000000737       0x2d f:/stm32cubeide_1.3.0/stm32cubeide/plugins/com.st.stm32cube.ide.mcu.externaltools.gnu-tools-for-stm32.9-2020-q2-update.win32_2.0.0.202105311346/tools/bin/../lib/gcc/arm-none-eabi/9.3.1/../../../../arm-none-eabi/lib/thumb/v7-m/nofp\libc_nano.a(lib_a-errno.o)
 .ARM.attributes
                0x0000000000000764       0x2d f:/stm32cubeide_1.3.0/stm32cubeide/plugins/com.st.stm32cube.ide.mcu.externaltools.gnu-tools-for-stm32.9-2020-q2-update.win32_2.0.0.202105311346/tools/bin/../lib/gcc/arm-none-eabi/9.3.1/../../../../arm-none-eabi/lib/thumb/v7-m/nofp\libc_nano.a(lib_a-impure.o)
 .ARM.attributes
                0x0000000000000791       0x2d f:/stm32cubeide_1.3.0/stm32cubeide/plugins/com.st.stm32cube.ide.mcu.externaltools.gnu-tools-for-stm32.9-2020-q2-update.win32_2.0.0.202105311346/tools/bin/../lib/gcc/arm-none-eabi/9.3.1/../../../../arm-none-eabi/lib/thumb/v7-m/nofp\libc_nano.a(lib_a-init.o)
 .ARM.attributes
                0x00000000000007be       0x2d f:/stm32cubeide_1.3.0/stm32cubeide/plugins/com.st.stm32cube.ide.mcu.externaltools.gnu-tools-for-stm32.9-2020-q2-update.win32_2.0.0.202105311346/tools/bin/../lib/gcc/arm-none-eabi/9.3.1/../../../../arm-none-eabi/lib/thumb/v7-m/nofp\libc_nano.a(lib_a-malloc.o)
 .ARM.attributes
                0x00000000000007eb       0x2d f:/stm32cubeide_1.3.0/stm32cubeide/plugins/com.st.stm32cube.ide.mcu.externaltools.gnu-tools-for-stm32.9-2020-q2-update.win32_2.0.0.202105311346/tools/bin/../lib/gcc/arm-none-eabi/9.3.1/../../../../arm-none-eabi/lib/thumb/v7-m/nofp\libc_nano.a(lib_a-memcpy-stub.o)
 .ARM.attributes
                0x0000000000000818       0x2d f:/stm32cubeide_1.3.0/stm32cubeide/plugins/com.st.stm32cube.ide.mcu.externaltools.gnu-tools-for-stm32.9-2020-q2-update.win32_2.0.0.202105311346/tools/bin/../lib/gcc/arm-none-eabi/9.3.1/../../../../arm-none-eabi/lib/thumb/v7-m/nofp\libc_nano.a(lib_a-memset.o)
 .ARM.attributes
                0x0000000000000845       0x2d f:/stm32cubeide_1.3.0/stm32cubeide/plugins/com.st.stm32cube.ide.mcu.externaltools.gnu-tools-for-stm32.9-2020-q2-update.win32_2.0.0.202105311346/tools/bin/../lib/gcc/arm-none-eabi/9.3.1/../../../../arm-none-eabi/lib/thumb/v7-m/nofp\libc_nano.a(lib_a-nano-freer.o)
 .ARM.attributes
                0x0000000000000872       0x2d f:/stm32cubeide_1.3.0/stm32cubeide/plugins/com.st.stm32cube.ide.mcu.externaltools.gnu-tools-for-stm32.9-2020-q2-update.win32_2.0.0.202105311346/tools/bin/../lib/gcc/arm-none-eabi/9.3.1/../../../../arm-none-eabi/lib/thumb/v7-m/nofp\libc_nano.a(lib_a-nano-mallocr.o)
 .ARM.attributes
                0x000000000000089f       0x2d f:/stm32cubeide_1.3.0/stm32cubeide/plugins/com.st.stm32cube.ide.mcu.externaltools.gnu-tools-for-stm32.9-2020-q2-update.win32_2.0.0.202105311346/tools/bin/../lib/gcc/arm-none-eabi/9.3.1/../../../../arm-none-eabi/lib/thumb/v7-m/nofp\libc_nano.a(lib_a-sbrkr.o)
 .ARM.attributes
                0x00000000000008cc       0x2d f:/stm32cubeide_1.3.0/stm32cubeide/plugins/com.st.stm32cube.ide.mcu.externaltools.gnu-tools-for-stm32.9-2020-q2-update.win32_2.0.0.202105311346/tools/bin/../lib/gcc/arm-none-eabi/9.3.1/../../../../arm-none-eabi/lib/thumb/v7-m/nofp\libc_nano.a(lib_a-signal.o)
 .ARM.attributes
                0x00000000000008f9       0x2d f:/stm32cubeide_1.3.0/stm32cubeide/plugins/com.st.stm32cube.ide.mcu.externaltools.gnu-tools-for-stm32.9-2020-q2-update.win32_2.0.0.202105311346/tools/bin/../lib/gcc/arm-none-eabi/9.3.1/../../../../arm-none-eabi/lib/thumb/v7-m/nofp\libc_nano.a(lib_a-signalr.o)
 .ARM.attributes
                0x0000000000000926       0x2d f:/stm32cubeide_1.3.0/stm32cubeide/plugins/com.st.stm32cube.ide.mcu.externaltools.gnu-tools-for-stm32.9-2020-q2-update.win32_2.0.0.202105311346/tools/bin/../lib/gcc/arm-none-eabi/9.3.1/../../../../arm-none-eabi/lib/thumb/v7-m/nofp\libc_nano.a(lib_a-snprintf.o)
 .ARM.attributes
                0x0000000000000953       0x2d f:/stm32cubeide_1.3.0/stm32cubeide/plugins/com.st.stm32cube.ide.mcu.externaltools.gnu-tools-for-stm32.9-2020-q2-update.win32_2.0.0.202105311346/tools/bin/../lib/gcc/arm-none-eabi/9.3.1/../../../../arm-none-eabi/lib/thumb/v7-m/nofp\libc_nano.a(lib_a-strcpy.o)
 .ARM.attributes
                0x0000000000000980       0x2d f:/stm32cubeide_1.3.0/stm32cubeide/plugins/com.st.stm32cube.ide.mcu.externaltools.gnu-tools-for-stm32.9-2020-q2-update.win32_2.0.0.202105311346/tools/bin/../lib/gcc/arm-none-eabi/9.3.1/../../../../arm-none-eabi/lib/thumb/v7-m/nofp\libc_nano.a(lib_a-mlock.o)
 .ARM.attributes
                0x00000000000009ad       0x2d f:/stm32cubeide_1.3.0/stm32cubeide/plugins/com.st.stm32cube.ide.mcu.externaltools.gnu-tools-for-stm32.9-2020-q2-update.win32_2.0.0.202105311346/tools/bin/../lib/gcc/arm-none-eabi/9.3.1/../../../../arm-none-eabi/lib/thumb/v7-m/nofp\libc_nano.a(lib_a-nano-svfprintf.o)
 .ARM.attributes
                0x00000000000009da       0x2d f:/stm32cubeide_1.3.0/stm32cubeide/plugins/com.st.stm32cube.ide.mcu.externaltools.gnu-tools-for-stm32.9-2020-q2-update.win32_2.0.0.202105311346/tools/bin/../lib/gcc/arm-none-eabi/9.3.1/../../../../arm-none-eabi/lib/thumb/v7-m/nofp\libc_nano.a(lib_a-nano-vfprintf_i.o)
 .ARM.attributes
                0x0000000000000a07       0x2d f:/stm32cubeide_1.3.0/stm32cubeide/plugins/com.st.stm32cube.ide.mcu.externaltools.gnu-tools-for-stm32.9-2020-q2-update.win32_2.0.0.202105311346/tools/bin/../lib/gcc/arm-none-eabi/9.3.1/../../../../arm-none-eabi/lib/thumb/v7-m/nofp\libc_nano.a(lib_a-reent.o)
 .ARM.attributes
                0x0000000000000a34       0x2d f:/stm32cubeide_1.3.0/stm32cubeide/plugins/com.st.stm32cube.ide.mcu.externaltools.gnu-tools-for-stm32.9-2020-q2-update.win32_2.0.0.202105311346/tools/bin/../lib/gcc/arm-none-eabi/9.3.1/../../../../arm-none-eabi/lib/thumb/v7-m/nofp\libc_nano.a(lib_a-lock.o)
 .ARM.attributes
                0x0000000000000a61       0x2d f:/stm32cubeide_1.3.0/stm32cubeide/plugins/com.st.stm32cube.ide.mcu.externaltools.gnu-tools-for-stm32.9-2020-q2-update.win32_2.0.0.202105311346/tools/bin/../lib/gcc/arm-none-eabi/9.3.1/../../../../arm-none-eabi/lib/thumb/v7-m/nofp\libc_nano.a(lib_a-memchr-stub.o)
 .ARM.attributes
                0x0000000000000a8e       0x2d f:/stm32cubeide_1.3.0/stm32cubeide/plugins/com.st.stm32cube.ide.mcu.externaltools.gnu-tools-for-stm32.9-2020-q2-update.win32_2.0.0.202105311346/tools/bin/../lib/gcc/arm-none-eabi/9.3.1/../../../../arm-none-eabi/lib/thumb/v7-m/nofp\libc_nano.a(lib_a-memmove.o)
 .ARM.attributes
                0x0000000000000abb       0x2d f:/stm32cubeide_1.3.0/stm32cubeide/plugins/com.st.stm32cube.ide.mcu.externaltools.gnu-tools-for-stm32.9-2020-q2-update.win32_2.0.0.202105311346/tools/bin/../lib/gcc/arm-none-eabi/9.3.1/../../../../arm-none-eabi/lib/thumb/v7-m/nofp\libc_nano.a(lib_a-nano-reallocr.o)
 .ARM.attributes