ili9488.c:306:10:ili9488_GetLcdPixelWidth	0	static
ili9488.c:317:10:ili9488_GetLcdPixelHeight	0	static
ili9488.c:788:6:ili9488_ts_GetXY	0	static
ili9488.c:727:6:ili9488_ts_Init	8	static
ili9488.c:222:6:ili9488_Init	8	static
ili9488.c:360:6:ili9488_SetCursor	16	static
ili9488.c:429:6:ili9488_SetDisplayWindow	24	static
ili9488.c:278:6:ili9488_DisplayOn	8	static
ili9488.c:292:6:ili9488_DisplayOff	8	static
ili9488.c:328:10:ili9488_ReadID	16	static
ili9488.c:386:6:ili9488_WritePixel	24	static
ili9488.c:405:10:ili9488_ReadPixel	24	static
ili9488.c:518:6:ili9488_DrawBitmap	16	static
ili9488.c:617:6:ili9488_Scroll	16	static
ili9488.c:735:9:ili9488_ts_DetectTouch	32	static
ili9488.c:479:6:ili9488_DrawVLine	24	static
ili9488.c:465:6:ili9488_DrawHLine	24	static
ili9488.c:494:6:ili9488_FillRect	32	static
ili9488.c:563:6:ili9488_DrawRGBImage	32	static
ili9488.c:595:6:ili9488_ReadRGBImage	32	static
