stm32_adafruit_lcd.c:117:9:BSP_LCD_Init	8	static
stm32_adafruit_lcd.c:143:10:BSP_LCD_GetXSize	0	static
stm32_adafruit_lcd.c:153:10:BSP_LCD_GetYSize	0	static
stm32_adafruit_lcd.c:163:10:BSP_LCD_GetTextColor	0	static
stm32_adafruit_lcd.c:173:10:BSP_LCD_GetBackColor	0	static
stm32_adafruit_lcd.c:183:6:BSP_LCD_SetTextColor	0	static
stm32_adafruit_lcd.c:193:6:BSP_LCD_SetBackColor	0	static
stm32_adafruit_lcd.c:203:6:BSP_LCD_SetFont	0	static
stm32_adafruit_lcd.c:213:11:BSP_LCD_GetFont	0	static
stm32_adafruit_lcd.c:223:6:BSP_LCD_Clear	24	static
stm32_adafruit_lcd.c:239:6:BSP_LCD_Draw_Char_Simple	72	static
stm32_adafruit_lcd.c:229:6:BSP_LCD_Draw_Text	32	static
stm32_adafruit_lcd.c:263:6:BSP_LCD_Draw_Char	4992	static
stm32_adafruit_lcd.c:325:6:BSP_LCD_DrawPixel	0	static
stm32_adafruit_lcd.c:340:6:BSP_LCD_DrawHLine	32	static
stm32_adafruit_lcd.c:364:6:BSP_LCD_DrawVLine	32	static
stm32_adafruit_lcd.c:389:6:BSP_LCD_DrawLine	56	static
stm32_adafruit_lcd.c:464:6:BSP_LCD_DrawRect	48	static
stm32_adafruit_lcd.c:482:6:BSP_LCD_DrawCircle	64	static
stm32_adafruit_lcd.c:522:6:BSP_LCD_DrawPolygon	64	static
stm32_adafruit_lcd.c:550:6:BSP_LCD_DrawEllipse	64	static
stm32_adafruit_lcd.c:583:6:BSP_LCD_DrawBitmap	24	static
stm32_adafruit_lcd.c:611:6:BSP_LCD_FillRect	24	static
stm32_adafruit_lcd.c:623:6:BSP_LCD_FillCircle	64	static
stm32_adafruit_lcd.c:738:6:BSP_LCD_FillEllipse	64	static
stm32_adafruit_lcd.c:769:6:BSP_LCD_DisplayOn	0	static
stm32_adafruit_lcd.c:779:6:BSP_LCD_DisplayOff	0	static
stm32_adafruit_lcd.c:799:6:BSP_LCD_FillTriangle	88	static
stm32_adafruit_lcd.c:670:6:BSP_LCD_FillPolygon	56	static
stm32_adafruit_lcd.c:901:10:BSP_LCD_ReadID	0	static
stm32_adafruit_lcd.c:915:10:BSP_LCD_ReadPixel	0	static
stm32_adafruit_lcd.c:932:6:BSP_LCD_DrawRGB16Image	4	static
stm32_adafruit_lcd.c:946:6:BSP_LCD_ReadRGB16Image	4	static
stm32_adafruit_lcd.c:958:6:BSP_LCD_Scroll	0	static
