Archive member included to satisfy reference by file (symbol)

f:/stm32cubeide_1.3.0/stm32cubeide/plugins/com.st.stm32cube.ide.mcu.externaltools.gnu-tools-for-stm32.9-2020-q2-update.win32_2.0.0.202105311346/tools/bin/../lib/gcc/arm-none-eabi/9.3.1/../../../../arm-none-eabi/lib/thumb/v7-m/nofp\libstdc++_nano.a(del_ops.o)
                              ./Core/Src/FlickerFreeText.o (operator delete(void*, unsigned int))
f:/stm32cubeide_1.3.0/stm32cubeide/plugins/com.st.stm32cube.ide.mcu.externaltools.gnu-tools-for-stm32.9-2020-q2-update.win32_2.0.0.202105311346/tools/bin/../lib/gcc/arm-none-eabi/9.3.1/../../../../arm-none-eabi/lib/thumb/v7-m/nofp\libstdc++_nano.a(del_opv.o)
                              ./Core/Src/FlickerFreeText.o (operator delete[](void*))
f:/stm32cubeide_1.3.0/stm32cubeide/plugins/com.st.stm32cube.ide.mcu.externaltools.gnu-tools-for-stm32.9-2020-q2-update.win32_2.0.0.202105311346/tools/bin/../lib/gcc/arm-none-eabi/9.3.1/../../../../arm-none-eabi/lib/thumb/v7-m/nofp\libstdc++_nano.a(new_op.o)
                              ./Core/Src/FlickerFreeText.o (operator new(unsigned int))
f:/stm32cubeide_1.3.0/stm32cubeide/plugins/com.st.stm32cube.ide.mcu.externaltools.gnu-tools-for-stm32.9-2020-q2-update.win32_2.0.0.202105311346/tools/bin/../lib/gcc/arm-none-eabi/9.3.1/../../../../arm-none-eabi/lib/thumb/v7-m/nofp\libstdc++_nano.a(new_opv.o)
                              ./Core/Src/FlickerFreeText.o (operator new[](unsigned int))
f:/stm32cubeide_1.3.0/stm32cubeide/plugins/com.st.stm32cube.ide.mcu.externaltools.gnu-tools-for-stm32.9-2020-q2-update.win32_2.0.0.202105311346/tools/bin/../lib/gcc/arm-none-eabi/9.3.1/../../../../arm-none-eabi/lib/thumb/v7-m/nofp\libstdc++_nano.a(del_op.o)
                              f:/stm32cubeide_1.3.0/stm32cubeide/plugins/com.st.stm32cube.ide.mcu.externaltools.gnu-tools-for-stm32.9-2020-q2-update.win32_2.0.0.202105311346/tools/bin/../lib/gcc/arm-none-eabi/9.3.1/../../../../arm-none-eabi/lib/thumb/v7-m/nofp\libstdc++_nano.a(del_ops.o) (operator delete(void*))
f:/stm32cubeide_1.3.0/stm32cubeide/plugins/com.st.stm32cube.ide.mcu.externaltools.gnu-tools-for-stm32.9-2020-q2-update.win32_2.0.0.202105311346/tools/bin/../lib/gcc/arm-none-eabi/9.3.1/../../../../arm-none-eabi/lib/thumb/v7-m/nofp\libstdc++_nano.a(new_handler.o)
                              f:/stm32cubeide_1.3.0/stm32cubeide/plugins/com.st.stm32cube.ide.mcu.externaltools.gnu-tools-for-stm32.9-2020-q2-update.win32_2.0.0.202105311346/tools/bin/../lib/gcc/arm-none-eabi/9.3.1/../../../../arm-none-eabi/lib/thumb/v7-m/nofp\libstdc++_nano.a(new_op.o) (std::get_new_handler())
f:/stm32cubeide_1.3.0/stm32cubeide/plugins/com.st.stm32cube.ide.mcu.externaltools.gnu-tools-for-stm32.9-2020-q2-update.win32_2.0.0.202105311346/tools/bin/../lib/gcc/arm-none-eabi/9.3.1/../../../../arm-none-eabi/lib/thumb/v7-m/nofp\libc_nano.a(lib_a-abort.o)
                              f:/stm32cubeide_1.3.0/stm32cubeide/plugins/com.st.stm32cube.ide.mcu.externaltools.gnu-tools-for-stm32.9-2020-q2-update.win32_2.0.0.202105311346/tools/bin/../lib/gcc/arm-none-eabi/9.3.1/../../../../arm-none-eabi/lib/thumb/v7-m/nofp\libstdc++_nano.a(new_op.o) (abort)
f:/stm32cubeide_1.3.0/stm32cubeide/plugins/com.st.stm32cube.ide.mcu.externaltools.gnu-tools-for-stm32.9-2020-q2-update.win32_2.0.0.202105311346/tools/bin/../lib/gcc/arm-none-eabi/9.3.1/../../../../arm-none-eabi/lib/thumb/v7-m/nofp\libc_nano.a(lib_a-errno.o)
                              ./Core/Src/syscalls.o (__errno)
f:/stm32cubeide_1.3.0/stm32cubeide/plugins/com.st.stm32cube.ide.mcu.externaltools.gnu-tools-for-stm32.9-2020-q2-update.win32_2.0.0.202105311346/tools/bin/../lib/gcc/arm-none-eabi/9.3.1/../../../../arm-none-eabi/lib/thumb/v7-m/nofp\libc_nano.a(lib_a-exit.o)
                              f:/stm32cubeide_1.3.0/stm32cubeide/plugins/com.st.stm32cube.ide.mcu.externaltools.gnu-tools-for-stm32.9-2020-q2-update.win32_2.0.0.202105311346/tools/bin/../lib/gcc/arm-none-eabi/9.3.1/../../../../arm-none-eabi/lib/thumb/v7-m/nofp/crt0.o (exit)
f:/stm32cubeide_1.3.0/stm32cubeide/plugins/com.st.stm32cube.ide.mcu.externaltools.gnu-tools-for-stm32.9-2020-q2-update.win32_2.0.0.202105311346/tools/bin/../lib/gcc/arm-none-eabi/9.3.1/../../../../arm-none-eabi/lib/thumb/v7-m/nofp\libc_nano.a(lib_a-impure.o)
                              f:/stm32cubeide_1.3.0/stm32cubeide/plugins/com.st.stm32cube.ide.mcu.externaltools.gnu-tools-for-stm32.9-2020-q2-update.win32_2.0.0.202105311346/tools/bin/../lib/gcc/arm-none-eabi/9.3.1/../../../../arm-none-eabi/lib/thumb/v7-m/nofp\libc_nano.a(lib_a-exit.o) (_global_impure_ptr)
f:/stm32cubeide_1.3.0/stm32cubeide/plugins/com.st.stm32cube.ide.mcu.externaltools.gnu-tools-for-stm32.9-2020-q2-update.win32_2.0.0.202105311346/tools/bin/../lib/gcc/arm-none-eabi/9.3.1/../../../../arm-none-eabi/lib/thumb/v7-m/nofp\libc_nano.a(lib_a-init.o)
[...]
Memory Configuration

Name             Origin             Length             Attributes
RAM              0x0000000020000000 0x0000000000005000 xrw
FLASH            0x0000000008000000 0x0000000000020000 xr
*default*        0x0000000000000000 0xffffffffffffffff

Linker script and memory map

LOAD f:/stm32cubeide_1.3.0/stm32cubeide/plugins/com.st.stm32cube.ide.mcu.externaltools.gnu-tools-for-stm32.9-2020-q2-update.win32_2.0.0.202105311346/tools/bin/../lib/gcc/arm-none-eabi/9.3.1/thumb/v7-m/nofp/crti.o
LOAD f:/stm32cubeide_1.3.0/stm32cubeide/plugins/com.st.stm32cube.ide.mcu.externaltools.gnu-tools-for-stm32.9-2020-q2-update.win32_2.0.0.202105311346/tools/bin/../lib/gcc/arm-none-eabi/9.3.1/thumb/v7-m/nofp/crtbegin.o
LOAD f:/stm32cubeide_1.3.0/stm32cubeide/plugins/com.st.stm32cube.ide.mcu.externaltools.gnu-tools-for-stm32.9-2020-q2-update.win32_2.0.0.202105311346/tools/bin/../lib/gcc/arm-none-eabi/9.3.1/../../../../arm-none-eabi/lib/thumb/v7-m/nofp/crt0.o
LOAD ./Core/Src/FlickerFreeChar.o
LOAD ./Core/Src/FlickerFreeText.o
LOAD ./Core/Src/LCDTelemetry.o
LOAD ./Core/Src/MainPage.o
LOAD ./Core/Src/cppmain.o
LOAD ./Core/Src/main.o
LOAD ./Core/Src/stm32f1xx_hal_msp.o
LOAD ./Core/Src/stm32f1xx_it.o
LOAD ./Core/Src/syscalls.o
LOAD ./Core/Src/sysmem.o
LOAD ./Core/Src/system_stm32f1xx.o
LOAD ./Core/Src/ws2812.o
LOAD ./Core/Src/Lcd/ili9488.o
LOAD ./Core/Src/Lcd/lcdts_io_gpio8.o
LOAD ./Core/Src/Lcd/stm32_adafruit_lcd.o
LOAD ./Core/Src/Lcd/stm32_adafruit_ts.o
LOAD ./Core/Startup/startup_stm32f103c8tx.o
LOAD ./Drivers/STM32F1xx_HAL_Driver/Src/stm32f1xx_hal.o
LOAD ./Drivers/STM32F1xx_HAL_Driver/Src/stm32f1xx_hal_adc.o
LOAD ./Drivers/STM32F1xx_HAL_Driver/Src/stm32f1xx_hal_adc_ex.o
LOAD ./Drivers/STM32F1xx_HAL_Driver/Src/stm32f1xx_hal_cortex.o
LOAD ./Drivers/STM32F1xx_HAL_Driver/Src/stm32f1xx_hal_dma.o
LOAD ./Drivers/STM32F1xx_HAL_Driver/Src/stm32f1xx_hal_exti.o
LOAD ./Drivers/STM32F1xx_HAL_Driver/Src/stm32f1xx_hal_flash.o
LOAD ./Drivers/STM32F1xx_HAL_Driver/Src/stm32f1xx_hal_flash_ex.o
LOAD ./Drivers/STM32F1xx_HAL_Driver/Src/stm32f1xx_hal_gpio.o
LOAD ./Drivers/STM32F1xx_HAL_Driver/Src/stm32f1xx_hal_gpio_ex.o
LOAD ./Drivers/STM32F1xx_HAL_Driver/Src/stm32f1xx_hal_i2c.o
LOAD ./Drivers/STM32F1xx_HAL_Driver/Src/stm32f1xx_hal_pcd.o
LOAD ./Drivers/STM32F1xx_HAL_Driver/Src/stm32f1xx_hal_pcd_ex.o
LOAD ./Drivers/STM32F1xx_HAL_Driver/Src/stm32f1xx_hal_pwr.o
LOAD ./Drivers/STM32F1xx_HAL_Driver/Src/stm32f1xx_hal_rcc.o
LOAD ./Drivers/STM32F1xx_HAL_Driver/Src/stm32f1xx_hal_rcc_ex.o
LOAD ./Drivers/STM32F1xx_HAL_Driver/Src/stm32f1xx_hal_tim.o
LOAD ./Drivers/STM32F1xx_HAL_Driver/Src/stm32f1xx_hal_tim_ex.o
LOAD ./Drivers/STM32F1xx_HAL_Driver/Src/stm32f1xx_ll_usb.o
LOAD ./Middlewares/ST/STM32_USB_Device_Library/Class/CDC/Src/usbd_cdc.o
LOAD ./Middlewares/ST/STM32_USB_Device_Library/Core/Src/usbd_core.o
LOAD ./Middlewares/ST/STM32_USB_Device_Library/Core/Src/usbd_ctlreq.o
LOAD ./Middlewares/ST/STM32_USB_Device_Library/Core/Src/usbd_ioreq.o
LOAD ./USB_DEVICE/App/usb_device.o
LOAD ./USB_DEVICE/App/usbd_cdc_if.o
LOAD ./USB_DEVICE/App/usbd_desc.o
LOAD ./USB_DEVICE/Target/usbd_conf.o
START GROUP
LOAD f:/stm32cubeide_1.3.0/stm32cubeide/plugins/com.st.stm32cube.ide.mcu.externaltools.gnu-tools-for-stm32.9-2020-q2-update.win32_2.0.0.202105311346/tools/bin/../lib/gcc/arm-none-eabi/9.3.1/../../../../arm-none-eabi/lib/thumb/v7-m/nofp\libstdc++_nano.a
LOAD f:/stm32cubeide_1.3.0/stm32cubeide/plugins/com.st.stm32cube.ide.mcu.externaltools.gnu-tools-for-stm32.9-2020-q2-update.win32_2.0.0.202105311346/tools/bin/../lib/gcc/arm-none-eabi/9.3.1/../../../../arm-none-eabi/lib/thumb/v7-m/nofp\libsupc++_nano.a
END GROUP
LOAD f:/stm32cubeide_1.3.0/stm32cubeide/plugins/com.st.stm32cube.ide.mcu.externaltools.gnu-tools-for-stm32.9-2020-q2-update.win32_2.0.0.202105311346/tools/bin/../lib/gcc/arm-none-eabi/9.3.1/../../../../arm-none-eabi/lib/thumb/v7-m/nofp\libstdc++_nano.a
LOAD f:/stm32cubeide_1.3.0/stm32cubeide/plugins/com.st.stm32cube.ide.mcu.externaltools.gnu-tools-for-stm32.9-2020-q2-update.win32_2.0.0.202105311346/tools/bin/../lib/gcc/arm-none-eabi/9.3.1/../../../../arm-none-eabi/lib/thumb/v7-m/nofp\libm.a
LOAD f:/stm32cubeide_1.3.0/stm32cubeide/plugins/com.st.stm32cube.ide.mcu.externaltools.gnu-tools-for-stm32.9-2020-q2-update.win32_2.0.0.202105311346/tools/bin/../lib/gcc/arm-none-eabi/9.3.1/../../../../arm-none-eabi/lib/thumb/v7-m/nofp\libc_nano.a
START GROUP
LOAD f:/stm32cubeide_1.3.0/stm32cubeide/plugins/com.st.stm32cube.ide.mcu.externaltools.gnu-tools-for-stm32.9-2020-q2-update.win32_2.0.0.202105311346/tools/bin/../lib/gcc/arm-none-eabi/9.3.1/thumb/v7-m/nofp\libgcc.a
LOAD f:/stm32cubeide_1.3.0/stm32cubeide/plugins/com.st.stm32cube.ide.mcu.externaltools.gnu-tools-for-stm32.9-2020-q2-update.win32_2.0.0.202105311346/tools/bin/../lib/gcc/arm-none-eabi/9.3.1/../../../../arm-none-eabi/lib/thumb/v7-m/nofp\libc_nano.a
END GROUP
START GROUP
LOAD f:/stm32cubeide_1.3.0/stm32cubeide/plugins/com.st.stm32cube.ide.mcu.externaltools.gnu-tools-for-stm32.9-2020-q2-update.win32_2.0.0.202105311346/tools/bin/../lib/gcc/arm-none-eabi/9.3.1/thumb/v7-m/nofp\libgcc.a
LOAD f:/stm32cubeide_1.3.0/stm32cubeide/plugins/com.st.stm32cube.ide.mcu.externaltools.gnu-tools-for-stm32.9-2020-q2-update.win32_2.0.0.202105311346/tools/bin/../lib/gcc/arm-none-eabi/9.3.1/../../../../arm-none-eabi/lib/thumb/v7-m/nofp\libc_nano.a
LOAD f:/stm32cubeide_1.3.0/stm32cubeide/plugins/com.st.stm32cube.ide.mcu.externaltools.gnu-tools-for-stm32.9-2020-q2-update.win32_2.0.0.202105311346/tools/bin/../lib/gcc/arm-none-eabi/9.3.1/../../../../arm-none-eabi/lib/thumb/v7-m/nofp\libnosys.a
END GROUP
START GROUP
LOAD f:/stm32cubeide_1.3.0/stm32cubeide/plugins/com.st.stm32cube.ide.mcu.externaltools.gnu-tools-for-stm32.9-2020-q2-update.win32_2.0.0.202105311346/tools/bin/../lib/gcc/arm-none-eabi/9.3.1/thumb/v7-m/nofp\libgcc.a
LOAD f:/stm32cubeide_1.3.0/stm32cubeide/plugins/com.st.stm32cube.ide.mcu.externaltools.gnu-tools-for-stm32.9-2020-q2-update.win32_2.0.0.202105311346/tools/bin/../lib/gcc/arm-none-eabi/9.3.1/../../../../arm-none-eabi/lib/thumb/v7-m/nofp\libc_nano.a
LOAD f:/stm32cubeide_1.3.0/stm32cubeide/plugins/com.st.stm32cube.ide.mcu.externaltools.gnu-tools-for-stm32.9-2020-q2-update.win32_2.0.0.202105311346/tools/bin/../lib/gcc/arm-none-eabi/9.3.1/../../../../arm-none-eabi/lib/thumb/v7-m/nofp\libnosys.a
END GROUP
LOAD f:/stm32cubeide_1.3.0/stm32cubeide/plugins/com.st.stm32cube.ide.mcu.externaltools.gnu-tools-for-stm32.9-2020-q2-update.win32_2.0.0.202105311346/tools/bin/../lib/gcc/arm-none-eabi/9.3.1/thumb/v7-m/nofp/crtend.o
LOAD f:/stm32cubeide_1.3.0/stm32cubeide/plugins/com.st.stm32cube.ide.mcu.externaltools.gnu-tools-for-stm32.9-2020-q2-update.win32_2.0.0.202105311346/tools/bin/../lib/gcc/arm-none-eabi/9.3.1/thumb/v7-m/nofp/crtn.o
                0x0000000020005000                _estack = (ORIGIN (RAM) + LENGTH (RAM))
                0x0000000000000200                _Min_Heap_Size = 0x200
                0x0000000000000400                _Min_Stack_Size = 0x400

.isr_vector     0x0000000008000000      0x10c
                0x0000000008000000                . = ALIGN (0x4)
 *(.isr_vector)
 .isr_vector    0x0000000008000000      0x10c ./Core/Startup/startup_stm32f103c8tx.o
                0x0000000008000000                g_pfnVectors
                0x000000000800010c                . = ALIGN (0x4)

.text           0x000000000800010c     0x9700
                0x000000000800010c                . = ALIGN (0x4)
 *(.text)
 .text          0x000000000800010c       0x40 f:/stm32cubeide_1.3.0/stm32cubeide/plugins/com.st.stm32cube.ide.mcu.externaltools.gnu-tools-for-stm32.9-2020-q2-update.win32_2.0.0.202105311346/tools/bin/../lib/gcc/arm-none-eabi/9.3.1/thumb/v7-m/nofp/crtbegin.o
 *(.text*)
 .text._ZN15FlickerFreeCharC2Etth
                0x000000000800014c       0x10 ./Core/Src/FlickerFreeChar.o
                0x000000000800014c                FlickerFreeChar::FlickerFreeChar(unsigned short, unsigned short, unsigned char)
                0x000000000800014c                FlickerFreeChar::FlickerFreeChar(unsigned short, unsigned short, unsigned char)
 .text._ZN15FlickerFreeChar9Draw_CharEh
                0x000000000800015c       0x24 ./Core/Src/FlickerFreeChar.o
                0x000000000800015c                FlickerFreeChar::Draw_Char(unsigned char)
 .text._ZN15FlickerFreeTextC2EtthPhh
                0x0000000008000180       0xa0 ./Core/Src/FlickerFreeText.o
                0x0000000008000180                FlickerFreeText::FlickerFreeText(unsigned short, unsigned short, unsigned char, unsigned char*, unsigned char)
                0x0000000008000180                FlickerFreeText::FlickerFreeText(unsigned short, unsigned short, unsigned char, unsigned char*, unsigned char)
 .text._ZN15FlickerFreeTextD2Ev
                0x0000000008000220       0x48 ./Core/Src/FlickerFreeText.o
                0x0000000008000220                FlickerFreeText::~FlickerFreeText()
                0x0000000008000220                FlickerFreeText::~FlickerFreeText()
 .text._ZN15FlickerFreeText9Draw_TextEPhh
                0x0000000008000268       0x80 ./Core/Src/FlickerFreeText.o
                0x0000000008000268                FlickerFreeText::Draw_Text(unsigned char*, unsigned char)
 .text._ZN12LCDTelemetryC2Ev
                0x00000000080002e8      0x10c ./Core/Src/LCDTelemetry.o
                0x00000000080002e8                LCDTelemetry::LCDTelemetry()
                0x00000000080002e8                LCDTelemetry::LCDTelemetry()
 .text._ZN12LCDTelemetry6UpdateE9Telemetry
                0x00000000080003f4      0x444 ./Core/Src/LCDTelemetry.o
                0x00000000080003f4                LCDTelemetry::Update(Telemetry)
 .text._ZN12LCDTelemetryD2Ev
                0x0000000008000838       0x54 ./Core/Src/LCDTelemetry.o
                0x0000000008000838                LCDTelemetry::~LCDTelemetry()
                0x0000000008000838                LCDTelemetry::~LCDTelemetry()
 .text._ZN8MainPageC2EP9Telemetry
                0x000000000800088c      0x2c4 ./Core/Src/MainPage.o
                0x000000000800088c                MainPage::MainPage(Telemetry*)
                0x000000000800088c                MainPage::MainPage(Telemetry*)
 .text._ZN8MainPage6StaticEv
                0x0000000008000b50       0xbc ./Core/Src/MainPage.o
                0x0000000008000b50                MainPage::Static()
 .text._ZN8MainPage6UpdateE9Telemetryh
                0x0000000008000c0c      0x9c4 ./Core/Src/MainPage.o
                0x0000000008000c0c                MainPage::Update(Telemetry, unsigned char)
 .text._ZN8MainPageD2Ev
                0x00000000080015d0       0xe0 ./Core/Src/MainPage.o
                0x00000000080015d0                MainPage::~MainPage()
                0x00000000080015d0                MainPage::~MainPage()
 .text.HAL_ADC_ConvCpltCallback
                0x00000000080016b0        0x4 ./Core/Src/cppmain.o
                0x00000000080016b0                HAL_ADC_ConvCpltCallback
 .text.HAL_I2C_ListenCpltCallback
                0x00000000080016b4        0xc ./Core/Src/cppmain.o
                0x00000000080016b4                HAL_I2C_ListenCpltCallback
 .text.HAL_I2C_AddrCallback
                0x00000000080016c0       0x1c ./Core/Src/cppmain.o
                0x00000000080016c0                HAL_I2C_AddrCallback
 .text.HAL_I2C_ErrorCallback
                0x00000000080016dc        0x4 ./Core/Src/cppmain.o
                0x00000000080016dc                HAL_I2C_ErrorCallback
 .text.HAL_TIM_PWM_PulseFinishedCallback
                0x00000000080016e0        0x8 ./Core/Src/cppmain.o
                0x00000000080016e0                HAL_TIM_PWM_PulseFinishedCallback
 .text.cppmain  0x00000000080016e8      0x12c ./Core/Src/cppmain.o
                0x00000000080016e8                cppmain
 .text.SystemClock_Config
                0x0000000008001814       0x94 ./Core/Src/main.o
                0x0000000008001814                SystemClock_Config
 .text.startup.main
                0x00000000080018a8      0x240 ./Core/Src/main.o
                0x00000000080018a8                main
 .text.Error_Handler
                0x0000000008001ae8        0x4 ./Core/Src/main.o
                0x0000000008001ae8                Error_Handler
 .text.HAL_MspInit
                0x0000000008001aec       0x44 ./Core/Src/stm32f1xx_hal_msp.o
                0x0000000008001aec                HAL_MspInit
 .text.HAL_ADC_MspInit
                0x0000000008001b30       0xa0 ./Core/Src/stm32f1xx_hal_msp.o
                0x0000000008001b30                HAL_ADC_MspInit
 .text.HAL_I2C_MspInit
                0x0000000008001bd0       0x84 ./Core/Src/stm32f1xx_hal_msp.o
                0x0000000008001bd0                HAL_I2C_MspInit
 .text.HAL_TIM_Base_MspInit
                0x0000000008001c54       0x74 ./Core/Src/stm32f1xx_hal_msp.o
                0x0000000008001c54                HAL_TIM_Base_MspInit
 .text.HAL_TIM_MspPostInit
                0x0000000008001cc8       0x68 ./Core/Src/stm32f1xx_hal_msp.o
                0x0000000008001cc8                HAL_TIM_MspPostInit
 .text.NMI_Handler
                0x0000000008001d30        0x4 ./Core/Src/stm32f1xx_it.o
                0x0000000008001d30                NMI_Handler
 .text.HardFault_Handler
                0x0000000008001d34        0x4 ./Core/Src/stm32f1xx_it.o
                0x0000000008001d34                HardFault_Handler
 .text.MemManage_Handler
                0x0000000008001d38        0x4 ./Core/Src/stm32f1xx_it.o
                0x0000000008001d38                MemManage_Handler
 .text.BusFault_Handler
                0x0000000008001d3c        0x4 ./Core/Src/stm32f1xx_it.o
                0x0000000008001d3c                BusFault_Handler
 .text.UsageFault_Handler
                0x0000000008001d40        0x4 ./Core/Src/stm32f1xx_it.o
                0x0000000008001d40                UsageFault_Handler
 .text.SVC_Handler
                0x0000000008001d44        0x4 ./Core/Src/stm32f1xx_it.o
                0x0000000008001d44                SVC_Handler
 .text.DebugMon_Handler
                0x0000000008001d48        0x4 ./Core/Src/stm32f1xx_it.o
                0x0000000008001d48                DebugMon_Handler
 .text.PendSV_Handler
                0x0000000008001d4c        0x4 ./Core/Src/stm32f1xx_it.o
                0x0000000008001d4c                PendSV_Handler
 .text.SysTick_Handler
                0x0000000008001d50        0x4 ./Core/Src/stm32f1xx_it.o
                0x0000000008001d50                SysTick_Handler
 .text.DMA1_Channel1_IRQHandler
                0x0000000008001d54        0xc ./Core/Src/stm32f1xx_it.o
                0x0000000008001d54                DMA1_Channel1_IRQHandler
 .text.DMA1_Channel5_IRQHandler
                0x0000000008001d60        0xc ./Core/Src/stm32f1xx_it.o
                0x0000000008001d60                DMA1_Channel5_IRQHandler
 .text.USB_LP_CAN1_RX0_IRQHandler
                0x0000000008001d6c        0xc ./Core/Src/stm32f1xx_it.o
                0x0000000008001d6c                USB_LP_CAN1_RX0_IRQHandler
 .text.I2C1_EV_IRQHandler
                0x0000000008001d78        0xc ./Core/Src/stm32f1xx_it.o
                0x0000000008001d78                I2C1_EV_IRQHandler
 .text.I2C1_ER_IRQHandler
                0x0000000008001d84        0xc ./Core/Src/stm32f1xx_it.o
                0x0000000008001d84                I2C1_ER_IRQHandler
 .text._getpid  0x0000000008001d90        0x4 ./Core/Src/syscalls.o
                0x0000000008001d90                _getpid
 .text._kill    0x0000000008001d94       0x14 ./Core/Src/syscalls.o
                0x0000000008001d94                _kill
 .text._exit    0x0000000008001da8        0xc ./Core/Src/syscalls.o
                0x0000000008001da8                _exit
 .text._sbrk    0x0000000008001db4       0x48 ./Core/Src/sysmem.o
                0x0000000008001db4                _sbrk
 .text.SystemInit
                0x0000000008001dfc        0x4 ./Core/Src/system_stm32f1xx.o
                0x0000000008001dfc                SystemInit
 .text._Z11ws2812_initv
                0x0000000008001e00       0x10 ./Core/Src/ws2812.o
                0x0000000008001e00                ws2812_init()
 .text._Z12ws1212_setup9Telemetry
                0x0000000008001e10      0x164 ./Core/Src/ws2812.o
                0x0000000008001e10                ws1212_setup(Telemetry)
 .text.ili9488_GetLcdPixelWidth
                0x0000000008001f74        0x8 ./Core/Src/Lcd/ili9488.o
                0x0000000008001f74                ili9488_GetLcdPixelWidth
 .text.ili9488_GetLcdPixelHeight
                0x0000000008001f7c        0x8 ./Core/Src/Lcd/ili9488.o
                0x0000000008001f7c                ili9488_GetLcdPixelHeight
 .text.ili9488_ts_GetXY
                0x0000000008001f84       0x18 ./Core/Src/Lcd/ili9488.o
                0x0000000008001f84                ili9488_ts_GetXY
 .text.ili9488_ts_Init
                0x0000000008001f9c       0x24 ./Core/Src/Lcd/ili9488.o
                0x0000000008001f9c                ili9488_ts_Init
 .text.ili9488_Init
                0x0000000008001fc0      0x108 ./Core/Src/Lcd/ili9488.o
                0x0000000008001fc0                ili9488_Init
 .text.ili9488_SetCursor
                0x00000000080020c8       0x50 ./Core/Src/Lcd/ili9488.o
                0x00000000080020c8                ili9488_SetCursor
 .text.ili9488_SetDisplayWindow
                0x0000000008002118       0x68 ./Core/Src/Lcd/ili9488.o
                0x0000000008002118                ili9488_SetDisplayWindow
 .text.ili9488_DisplayOn
                0x0000000008002180       0x14 ./Core/Src/Lcd/ili9488.o
                0x0000000008002180                ili9488_DisplayOn
 .text.ili9488_DisplayOff
                0x0000000008002194       0x14 ./Core/Src/Lcd/ili9488.o
                0x0000000008002194                ili9488_DisplayOff
 .text.ili9488_ReadID
                0x00000000080021a8       0x40 ./Core/Src/Lcd/ili9488.o
                0x00000000080021a8                ili9488_ReadID
 .text.ili9488_WritePixel
                0x00000000080021e8       0x5c ./Core/Src/Lcd/ili9488.o
                0x00000000080021e8                ili9488_WritePixel
 .text.ili9488_ReadPixel
                0x0000000008002244       0x64 ./Core/Src/Lcd/ili9488.o
                0x0000000008002244                ili9488_ReadPixel
 .text.ili9488_DrawBitmap
                0x00000000080022a8       0x40 ./Core/Src/Lcd/ili9488.o
                0x00000000080022a8                ili9488_DrawBitmap
 .text.ili9488_Scroll
                0x00000000080022e8       0x64 ./Core/Src/Lcd/ili9488.o
                0x00000000080022e8                ili9488_Scroll
 .text.ili9488_ts_DetectTouch
                0x000000000800234c       0x7c ./Core/Src/Lcd/ili9488.o
                0x000000000800234c                ili9488_ts_DetectTouch
 .text.ili9488_DrawVLine
                0x00000000080023c8       0x68 ./Core/Src/Lcd/ili9488.o
                0x00000000080023c8                ili9488_DrawVLine
 .text.ili9488_DrawHLine
                0x0000000008002430       0x64 ./Core/Src/Lcd/ili9488.o
                0x0000000008002430                ili9488_DrawHLine
 .text.ili9488_FillRect
                0x0000000008002494       0x78 ./Core/Src/Lcd/ili9488.o
                0x0000000008002494                ili9488_FillRect
 .text.ili9488_DrawRGBImage
                0x000000000800250c       0x78 ./Core/Src/Lcd/ili9488.o
                0x000000000800250c                ili9488_DrawRGBImage
 .text.ili9488_ReadRGBImage
                0x0000000008002584       0x7c ./Core/Src/Lcd/ili9488.o
                0x0000000008002584                ili9488_ReadRGBImage
 .text.LCD_IO_Delay
                0x0000000008002600       0x20 ./Core/Src/Lcd/lcdts_io_gpio8.o
                0x0000000008002600                LCD_IO_Delay
 .text.LCD_Delay
                0x0000000008002620        0x4 ./Core/Src/Lcd/lcdts_io_gpio8.o
                0x0000000008002620                LCD_Delay
 .text.LCD_IO_Bl_OnOff
                0x0000000008002624        0x4 ./Core/Src/Lcd/lcdts_io_gpio8.o
                0x0000000008002624                LCD_IO_Bl_OnOff
 .text.LCD_IO_Init
                0x0000000008002628       0xf0 ./Core/Src/Lcd/lcdts_io_gpio8.o
                0x0000000008002628                LCD_IO_Init
 .text.LCD_IO_WriteCmd8
                0x0000000008002718       0x44 ./Core/Src/Lcd/lcdts_io_gpio8.o
                0x0000000008002718                LCD_IO_WriteCmd8
 .text.LCD_IO_WriteData8
                0x000000000800275c       0x38 ./Core/Src/Lcd/lcdts_io_gpio8.o
                0x000000000800275c                LCD_IO_WriteData8
 .text.LCD_IO_WriteData16
                0x0000000008002794       0x4c ./Core/Src/Lcd/lcdts_io_gpio8.o
                0x0000000008002794                LCD_IO_WriteData16
 .text.LCD_IO_WriteCmd8DataFill16
                0x00000000080027e0       0x88 ./Core/Src/Lcd/lcdts_io_gpio8.o
                0x00000000080027e0                LCD_IO_WriteCmd8DataFill16
 .text.LCD_IO_WriteCmd8MultipleData8
                0x0000000008002868       0x74 ./Core/Src/Lcd/lcdts_io_gpio8.o
                0x0000000008002868                LCD_IO_WriteCmd8MultipleData8
 .text.LCD_IO_WriteCmd8MultipleData16
                0x00000000080028dc       0x8c ./Core/Src/Lcd/lcdts_io_gpio8.o
                0x00000000080028dc                LCD_IO_WriteCmd8MultipleData16
 .text.LCD_IO_ReadCmd8MultipleData8
                0x0000000008002968       0x98 ./Core/Src/Lcd/lcdts_io_gpio8.o
                0x0000000008002968                LCD_IO_ReadCmd8MultipleData8
 .text.LCD_IO_ReadCmd8MultipleData16
                0x0000000008002a00       0xb0 ./Core/Src/Lcd/lcdts_io_gpio8.o
                0x0000000008002a00                LCD_IO_ReadCmd8MultipleData16
 .text.TS_IO_DetectToch
                0x0000000008002ab0       0x88 ./Core/Src/Lcd/lcdts_io_gpio8.o
                0x0000000008002ab0                TS_IO_DetectToch
 .text.TS_IO_GetX
                0x0000000008002b38       0x88 ./Core/Src/Lcd/lcdts_io_gpio8.o
                0x0000000008002b38                TS_IO_GetX
 .text.TS_IO_GetY
                0x0000000008002bc0       0x88 ./Core/Src/Lcd/lcdts_io_gpio8.o
                0x0000000008002bc0                TS_IO_GetY
 .text.BSP_LCD_Init
                0x0000000008002c48       0x20 ./Core/Src/Lcd/stm32_adafruit_lcd.o
                0x0000000008002c48                BSP_LCD_Init
 .text.BSP_LCD_GetXSize
                0x0000000008002c68        0xc ./Core/Src/Lcd/stm32_adafruit_lcd.o
                0x0000000008002c68                BSP_LCD_GetXSize
 .text.BSP_LCD_GetYSize
                0x0000000008002c74        0xc ./Core/Src/Lcd/stm32_adafruit_lcd.o
                0x0000000008002c74                BSP_LCD_GetYSize
 .text.BSP_LCD_SetTextColor
                0x0000000008002c80        0xc ./Core/Src/Lcd/stm32_adafruit_lcd.o
                0x0000000008002c80                BSP_LCD_SetTextColor
 .text.BSP_LCD_SetBackColor
                0x0000000008002c8c        0xc ./Core/Src/Lcd/stm32_adafruit_lcd.o
                0x0000000008002c8c                BSP_LCD_SetBackColor
 .text.BSP_LCD_SetFont
                0x0000000008002c98        0xc ./Core/Src/Lcd/stm32_adafruit_lcd.o
                0x0000000008002c98                BSP_LCD_SetFont
 .text.BSP_LCD_GetFont
                0x0000000008002ca4        0xc ./Core/Src/Lcd/stm32_adafruit_lcd.o
                0x0000000008002ca4                BSP_LCD_GetFont
 .text.BSP_LCD_Clear
                0x0000000008002cb0       0x2c ./Core/Src/Lcd/stm32_adafruit_lcd.o
                0x0000000008002cb0                BSP_LCD_Clear
 .text.BSP_LCD_Draw_Char_Simple
                0x0000000008002cdc      0x14c ./Core/Src/Lcd/stm32_adafruit_lcd.o
                0x0000000008002cdc                BSP_LCD_Draw_Char_Simple
 .text.BSP_LCD_Draw_Text
                0x0000000008002e28       0x48 ./Core/Src/Lcd/stm32_adafruit_lcd.o
                0x0000000008002e28                BSP_LCD_Draw_Text
 .text.BSP_LCD_Draw_Char
                0x0000000008002e70      0x250 ./Core/Src/Lcd/stm32_adafruit_lcd.o
                0x0000000008002e70                BSP_LCD_Draw_Char
 .text.BSP_LCD_FillRect
                0x00000000080030c0       0x20 ./Core/Src/Lcd/stm32_adafruit_lcd.o
                0x00000000080030c0                BSP_LCD_FillRect
 .text.BSP_TS_Init
                0x00000000080030e0       0x2c ./Core/Src/Lcd/stm32_adafruit_ts.o
                0x00000000080030e0                BSP_TS_Init
 .text.Reset_Handler
                0x000000000800310c       0x48 ./Core/Startup/startup_stm32f103c8tx.o
                0x000000000800310c                Reset_Handler
 .text.Default_Handler
                0x0000000008003154        0x2 ./Core/Startup/startup_stm32f103c8tx.o
                0x0000000008003154                RTC_Alarm_IRQHandler
                0x0000000008003154                EXTI2_IRQHandler
                0x0000000008003154                TIM1_CC_IRQHandler
                0x0000000008003154                PVD_IRQHandler
                0x0000000008003154                EXTI3_IRQHandler
                0x0000000008003154                EXTI0_IRQHandler
                0x0000000008003154                I2C2_EV_IRQHandler
                0x0000000008003154                ADC1_2_IRQHandler
                0x0000000008003154                SPI1_IRQHandler
                0x0000000008003154                TAMPER_IRQHandler
                0x0000000008003154                DMA1_Channel4_IRQHandler
                0x0000000008003154                USART3_IRQHandler
                0x0000000008003154                RTC_IRQHandler
                0x0000000008003154                DMA1_Channel7_IRQHandler
                0x0000000008003154                CAN1_RX1_IRQHandler
                0x0000000008003154                TIM4_IRQHandler
                0x0000000008003154                DMA1_Channel6_IRQHandler
                0x0000000008003154                TIM3_IRQHandler
                0x0000000008003154                RCC_IRQHandler
                0x0000000008003154                TIM1_TRG_COM_IRQHandler
                0x0000000008003154                Default_Handler
                0x0000000008003154                EXTI15_10_IRQHandler
                0x0000000008003154                EXTI9_5_IRQHandler
                0x0000000008003154                SPI2_IRQHandler
                0x0000000008003154                EXTI4_IRQHandler
                0x0000000008003154                USB_HP_CAN1_TX_IRQHandler
                0x0000000008003154                DMA1_Channel3_IRQHandler
                0x0000000008003154                TIM1_UP_IRQHandler
                0x0000000008003154                WWDG_IRQHandler
                0x0000000008003154                TIM2_IRQHandler
                0x0000000008003154                TIM1_BRK_IRQHandler
                0x0000000008003154                EXTI1_IRQHandler
                0x0000000008003154                USART2_IRQHandler
                0x0000000008003154                I2C2_ER_IRQHandler
                0x0000000008003154                DMA1_Channel2_IRQHandler
                0x0000000008003154                CAN1_SCE_IRQHandler
                0x0000000008003154                FLASH_IRQHandler
                0x0000000008003154                USART1_IRQHandler
                0x0000000008003154                USBWakeUp_IRQHandler
 *fill*         0x0000000008003156        0x2 
 .text.HAL_InitTick
                0x0000000008003158       0x48 ./Drivers/STM32F1xx_HAL_Driver/Src/stm32f1xx_hal.o
                0x0000000008003158                HAL_InitTick
 .text.HAL_Init
                0x00000000080031a0       0x24 ./Drivers/STM32F1xx_HAL_Driver/Src/stm32f1xx_hal.o
                0x00000000080031a0                HAL_Init
 .text.HAL_IncTick
                0x00000000080031c4       0x18 ./Drivers/STM32F1xx_HAL_Driver/Src/stm32f1xx_hal.o
                0x00000000080031c4                HAL_IncTick
 .text.HAL_GetTick
                0x00000000080031dc        0xc ./Drivers/STM32F1xx_HAL_Driver/Src/stm32f1xx_hal.o
                0x00000000080031dc                HAL_GetTick
 .text.HAL_Delay
                0x00000000080031e8       0x24 ./Drivers/STM32F1xx_HAL_Driver/Src/stm32f1xx_hal.o
                0x00000000080031e8                HAL_Delay
 .text.HAL_ADC_Init
                0x000000000800320c      0x160 ./Drivers/STM32F1xx_HAL_Driver/Src/stm32f1xx_hal_adc.o
                0x000000000800320c                HAL_ADC_Init
 .text.ADC_DMAConvCplt
                0x000000000800336c       0x50 ./Drivers/STM32F1xx_HAL_Driver/Src/stm32f1xx_hal_adc.o
                0x000000000800336c                ADC_DMAConvCplt
 .text.HAL_ADC_ConvHalfCpltCallback
                0x00000000080033bc        0x4 ./Drivers/STM32F1xx_HAL_Driver/Src/stm32f1xx_hal_adc.o
                0x00000000080033bc                HAL_ADC_ConvHalfCpltCallback
 .text.ADC_DMAHalfConvCplt
                0x00000000080033c0        0xc ./Drivers/STM32F1xx_HAL_Driver/Src/stm32f1xx_hal_adc.o
                0x00000000080033c0                ADC_DMAHalfConvCplt
 .text.HAL_ADC_ErrorCallback
                0x00000000080033cc        0x4 ./Drivers/STM32F1xx_HAL_Driver/Src/stm32f1xx_hal_adc.o
                0x00000000080033cc                HAL_ADC_ErrorCallback
 .text.ADC_DMAError
                0x00000000080033d0       0x1c ./Drivers/STM32F1xx_HAL_Driver/Src/stm32f1xx_hal_adc.o
                0x00000000080033d0                ADC_DMAError
 .text.HAL_ADC_ConfigChannel
                0x00000000080033ec      0x118 ./Drivers/STM32F1xx_HAL_Driver/Src/stm32f1xx_hal_adc.o
                0x00000000080033ec                HAL_ADC_ConfigChannel
 .text.ADC_Enable
                0x0000000008003504       0x7c ./Drivers/STM32F1xx_HAL_Driver/Src/stm32f1xx_hal_adc.o
                0x0000000008003504                ADC_Enable
 .text.HAL_ADC_Start_DMA
                0x0000000008003580      0x11c ./Drivers/STM32F1xx_HAL_Driver/Src/stm32f1xx_hal_adc.o
                0x0000000008003580                HAL_ADC_Start_DMA
 .text.HAL_NVIC_SetPriorityGrouping
                0x000000000800369c       0x24 ./Drivers/STM32F1xx_HAL_Driver/Src/stm32f1xx_hal_cortex.o
                0x000000000800369c                HAL_NVIC_SetPriorityGrouping
 .text.HAL_NVIC_SetPriority
                0x00000000080036c0       0x70 ./Drivers/STM32F1xx_HAL_Driver/Src/stm32f1xx_hal_cortex.o
                0x00000000080036c0                HAL_NVIC_SetPriority
 .text.HAL_NVIC_EnableIRQ
                0x0000000008003730       0x1c ./Drivers/STM32F1xx_HAL_Driver/Src/stm32f1xx_hal_cortex.o
                0x0000000008003730                HAL_NVIC_EnableIRQ
 .text.HAL_SYSTICK_Config
                0x000000000800374c       0x30 ./Drivers/STM32F1xx_HAL_Driver/Src/stm32f1xx_hal_cortex.o
                0x000000000800374c                HAL_SYSTICK_Config
 .text.HAL_DMA_Init
                0x000000000800377c       0x64 ./Drivers/STM32F1xx_HAL_Driver/Src/stm32f1xx_hal_dma.o
                0x000000000800377c                HAL_DMA_Init
 .text.HAL_DMA_Start_IT
                0x00000000080037e0       0x84 ./Drivers/STM32F1xx_HAL_Driver/Src/stm32f1xx_hal_dma.o
                0x00000000080037e0                HAL_DMA_Start_IT
 .text.HAL_DMA_Abort_IT
                0x0000000008003864       0x94 ./Drivers/STM32F1xx_HAL_Driver/Src/stm32f1xx_hal_dma.o
                0x0000000008003864                HAL_DMA_Abort_IT
 .text.HAL_DMA_IRQHandler
                0x00000000080038f8      0x128 ./Drivers/STM32F1xx_HAL_Driver/Src/stm32f1xx_hal_dma.o
                0x00000000080038f8                HAL_DMA_IRQHandler
 .text.HAL_DMA_GetState
                0x0000000008003a20        0x8 ./Drivers/STM32F1xx_HAL_Driver/Src/stm32f1xx_hal_dma.o
                0x0000000008003a20                HAL_DMA_GetState
 .text.HAL_GPIO_Init
                0x0000000008003a28      0x218 ./Drivers/STM32F1xx_HAL_Driver/Src/stm32f1xx_hal_gpio.o
                0x0000000008003a28                HAL_GPIO_Init
 .text.HAL_GPIO_WritePin
                0x0000000008003c40        0x8 ./Drivers/STM32F1xx_HAL_Driver/Src/stm32f1xx_hal_gpio.o
                0x0000000008003c40                HAL_GPIO_WritePin
 .text.I2C_WaitOnMasterAddressFlagUntilTimeout.constprop.0
                0x0000000008003c48       0x8c ./Drivers/STM32F1xx_HAL_Driver/Src/stm32f1xx_hal_i2c.o
 .text.I2C_WaitOnMasterAddressFlagUntilTimeout.constprop.1
                0x0000000008003cd4       0x8c ./Drivers/STM32F1xx_HAL_Driver/Src/stm32f1xx_hal_i2c.o
 .text.HAL_I2C_Init
                0x0000000008003d60      0x188 ./Drivers/STM32F1xx_HAL_Driver/Src/stm32f1xx_hal_i2c.o
                0x0000000008003d60                HAL_I2C_Init
 .text.HAL_I2C_Master_Transmit
                0x0000000008003ee8      0x298 ./Drivers/STM32F1xx_HAL_Driver/Src/stm32f1xx_hal_i2c.o
                0x0000000008003ee8                HAL_I2C_Master_Transmit
 .text.HAL_I2C_Slave_Seq_Transmit_IT
                0x0000000008004180       0x84 ./Drivers/STM32F1xx_HAL_Driver/Src/stm32f1xx_hal_i2c.o
                0x0000000008004180                HAL_I2C_Slave_Seq_Transmit_IT
 .text.HAL_I2C_Slave_Seq_Receive_IT
                0x0000000008004204       0x84 ./Drivers/STM32F1xx_HAL_Driver/Src/stm32f1xx_hal_i2c.o
                0x0000000008004204                HAL_I2C_Slave_Seq_Receive_IT
 .text.HAL_I2C_EnableListen_IT
                0x0000000008004288       0x38 ./Drivers/STM32F1xx_HAL_Driver/Src/stm32f1xx_hal_i2c.o
                0x0000000008004288                HAL_I2C_EnableListen_IT
 .text.HAL_I2C_MasterTxCpltCallback
                0x00000000080042c0        0x4 ./Drivers/STM32F1xx_HAL_Driver/Src/stm32f1xx_hal_i2c.o
                0x00000000080042c0                HAL_I2C_MasterTxCpltCallback
 .text.HAL_I2C_MasterRxCpltCallback
                0x00000000080042c4        0x4 ./Drivers/STM32F1xx_HAL_Driver/Src/stm32f1xx_hal_i2c.o
                0x00000000080042c4                HAL_I2C_MasterRxCpltCallback
 .text.HAL_I2C_SlaveTxCpltCallback
                0x00000000080042c8        0x4 ./Drivers/STM32F1xx_HAL_Driver/Src/stm32f1xx_hal_i2c.o
                0x00000000080042c8                HAL_I2C_SlaveTxCpltCallback
 .text.HAL_I2C_SlaveRxCpltCallback
                0x00000000080042cc        0x4 ./Drivers/STM32F1xx_HAL_Driver/Src/stm32f1xx_hal_i2c.o
                0x00000000080042cc                HAL_I2C_SlaveRxCpltCallback
 .text.HAL_I2C_MemTxCpltCallback
                0x00000000080042d0        0x4 ./Drivers/STM32F1xx_HAL_Driver/Src/stm32f1xx_hal_i2c.o
                0x00000000080042d0                HAL_I2C_MemTxCpltCallback
 .text.I2C_MemoryTransmit_TXE_BTF
                0x00000000080042d4       0xb4 ./Drivers/STM32F1xx_HAL_Driver/Src/stm32f1xx_hal_i2c.o
 .text.HAL_I2C_MemRxCpltCallback
                0x0000000008004388        0x4 ./Drivers/STM32F1xx_HAL_Driver/Src/stm32f1xx_hal_i2c.o
                0x0000000008004388                HAL_I2C_MemRxCpltCallback
 .text.HAL_I2C_AbortCpltCallback
                0x000000000800438c        0x4 ./Drivers/STM32F1xx_HAL_Driver/Src/stm32f1xx_hal_i2c.o
                0x000000000800438c                HAL_I2C_AbortCpltCallback
 .text.I2C_DMAAbort
                0x0000000008004390       0xf4 ./Drivers/STM32F1xx_HAL_Driver/Src/stm32f1xx_hal_i2c.o
 .text.I2C_ITError
                0x0000000008004484      0x16c ./Drivers/STM32F1xx_HAL_Driver/Src/stm32f1xx_hal_i2c.o
 .text.HAL_I2C_EV_IRQHandler
                0x00000000080045f0      0x99c ./Drivers/STM32F1xx_HAL_Driver/Src/stm32f1xx_hal_i2c.o
                0x00000000080045f0                HAL_I2C_EV_IRQHandler
 .text.HAL_I2C_ER_IRQHandler
                0x0000000008004f8c      0x188 ./Drivers/STM32F1xx_HAL_Driver/Src/stm32f1xx_hal_i2c.o
                0x0000000008004f8c                HAL_I2C_ER_IRQHandler
 .text.HAL_PCD_Init
                0x0000000008005114       0xf8 ./Drivers/STM32F1xx_HAL_Driver/Src/stm32f1xx_hal_pcd.o
                0x0000000008005114                HAL_PCD_Init
 .text.HAL_PCD_Start
                0x000000000800520c       0x34 ./Drivers/STM32F1xx_HAL_Driver/Src/stm32f1xx_hal_pcd.o
                0x000000000800520c                HAL_PCD_Start
 .text.HAL_PCD_IRQHandler
                0x0000000008005240      0xa04 ./Drivers/STM32F1xx_HAL_Driver/Src/stm32f1xx_hal_pcd.o
                0x0000000008005240                HAL_PCD_IRQHandler
 .text.HAL_PCD_SetAddress
                0x0000000008005c44       0x28 ./Drivers/STM32F1xx_HAL_Driver/Src/stm32f1xx_hal_pcd.o
                0x0000000008005c44                HAL_PCD_SetAddress
 .text.HAL_PCD_EP_Open
                0x0000000008005c6c       0x68 ./Drivers/STM32F1xx_HAL_Driver/Src/stm32f1xx_hal_pcd.o
                0x0000000008005c6c                HAL_PCD_EP_Open
 .text.HAL_PCD_EP_Close
                0x0000000008005cd4       0x60 ./Drivers/STM32F1xx_HAL_Driver/Src/stm32f1xx_hal_pcd.o
                0x0000000008005cd4                HAL_PCD_EP_Close
 .text.HAL_PCD_EP_Receive
                0x0000000008005d34       0x30 ./Drivers/STM32F1xx_HAL_Driver/Src/stm32f1xx_hal_pcd.o
                0x0000000008005d34                HAL_PCD_EP_Receive
 .text.HAL_PCD_EP_GetRxCount
                0x0000000008005d64       0x14 ./Drivers/STM32F1xx_HAL_Driver/Src/stm32f1xx_hal_pcd.o
                0x0000000008005d64                HAL_PCD_EP_GetRxCount
 .text.HAL_PCD_EP_Transmit
                0x0000000008005d78       0x3c ./Drivers/STM32F1xx_HAL_Driver/Src/stm32f1xx_hal_pcd.o
                0x0000000008005d78                HAL_PCD_EP_Transmit
 .text.HAL_PCD_EP_SetStall
                0x0000000008005db4       0x78 ./Drivers/STM32F1xx_HAL_Driver/Src/stm32f1xx_hal_pcd.o
                0x0000000008005db4                HAL_PCD_EP_SetStall
 .text.HAL_PCD_EP_ClrStall
                0x0000000008005e2c       0x74 ./Drivers/STM32F1xx_HAL_Driver/Src/stm32f1xx_hal_pcd.o
                0x0000000008005e2c                HAL_PCD_EP_ClrStall
 .text.HAL_PCDEx_PMAConfig
                0x0000000008005ea0       0x38 ./Drivers/STM32F1xx_HAL_Driver/Src/stm32f1xx_hal_pcd_ex.o
                0x0000000008005ea0                HAL_PCDEx_PMAConfig
 .text.HAL_RCC_OscConfig
                0x0000000008005ed8      0x400 ./Drivers/STM32F1xx_HAL_Driver/Src/stm32f1xx_hal_rcc.o
                0x0000000008005ed8                HAL_RCC_OscConfig
 .text.HAL_RCC_ClockConfig
                0x00000000080062d8      0x19c ./Drivers/STM32F1xx_HAL_Driver/Src/stm32f1xx_hal_rcc.o
                0x00000000080062d8                HAL_RCC_ClockConfig
 .text.HAL_RCC_GetPCLK1Freq
                0x0000000008006474       0x20 ./Drivers/STM32F1xx_HAL_Driver/Src/stm32f1xx_hal_rcc.o
                0x0000000008006474                HAL_RCC_GetPCLK1Freq
 .text.HAL_RCCEx_PeriphCLKConfig
                0x0000000008006494      0x100 ./Drivers/STM32F1xx_HAL_Driver/Src/stm32f1xx_hal_rcc_ex.o
                0x0000000008006494                HAL_RCCEx_PeriphCLKConfig
 .text.HAL_TIM_Base_Init
                0x0000000008006594       0xc8 ./Drivers/STM32F1xx_HAL_Driver/Src/stm32f1xx_hal_tim.o
                0x0000000008006594                HAL_TIM_Base_Init
 .text.HAL_TIM_PWM_MspInit
                0x000000000800665c        0x4 ./Drivers/STM32F1xx_HAL_Driver/Src/stm32f1xx_hal_tim.o
                0x000000000800665c                HAL_TIM_PWM_MspInit
 .text.HAL_TIM_PWM_Init
                0x0000000008006660       0xc8 ./Drivers/STM32F1xx_HAL_Driver/Src/stm32f1xx_hal_tim.o
                0x0000000008006660                HAL_TIM_PWM_Init
 .text.HAL_TIM_PWM_Start_DMA
                0x0000000008006728      0x208 ./Drivers/STM32F1xx_HAL_Driver/Src/stm32f1xx_hal_tim.o
                0x0000000008006728                HAL_TIM_PWM_Start_DMA
 .text.HAL_TIM_PWM_Stop_DMA
                0x0000000008006930       0xe8 ./Drivers/STM32F1xx_HAL_Driver/Src/stm32f1xx_hal_tim.o
                0x0000000008006930                HAL_TIM_PWM_Stop_DMA
 .text.HAL_TIM_PWM_ConfigChannel
                0x0000000008006a18      0x20c ./Drivers/STM32F1xx_HAL_Driver/Src/stm32f1xx_hal_tim.o
                0x0000000008006a18                HAL_TIM_PWM_ConfigChannel
 .text.HAL_TIM_ConfigClockSource
                0x0000000008006c24      0x148 ./Drivers/STM32F1xx_HAL_Driver/Src/stm32f1xx_hal_tim.o
                0x0000000008006c24                HAL_TIM_ConfigClockSource
 .text.TIM_DMADelayPulseCplt
                0x0000000008006d6c       0x84 ./Drivers/STM32F1xx_HAL_Driver/Src/stm32f1xx_hal_tim.o
 .text.HAL_TIM_PWM_PulseFinishedHalfCpltCallback
                0x0000000008006df0        0x4 ./Drivers/STM32F1xx_HAL_Driver/Src/stm32f1xx_hal_tim.o
                0x0000000008006df0                HAL_TIM_PWM_PulseFinishedHalfCpltCallback
 .text.TIM_DMADelayPulseHalfCplt
                0x0000000008006df4       0x60 ./Drivers/STM32F1xx_HAL_Driver/Src/stm32f1xx_hal_tim.o
                0x0000000008006df4                TIM_DMADelayPulseHalfCplt
 .text.HAL_TIM_ErrorCallback
                0x0000000008006e54        0x4 ./Drivers/STM32F1xx_HAL_Driver/Src/stm32f1xx_hal_tim.o
                0x0000000008006e54                HAL_TIM_ErrorCallback
 .text.TIM_DMAError
                0x0000000008006e58       0x84 ./Drivers/STM32F1xx_HAL_Driver/Src/stm32f1xx_hal_tim.o
                0x0000000008006e58                TIM_DMAError
 .text.HAL_TIMEx_MasterConfigSynchronization
                0x0000000008006edc       0x64 ./Drivers/STM32F1xx_HAL_Driver/Src/stm32f1xx_hal_tim_ex.o
                0x0000000008006edc                HAL_TIMEx_MasterConfigSynchronization
 .text.USB_CoreInit
                0x0000000008006f40       0x10 ./Drivers/STM32F1xx_HAL_Driver/Src/stm32f1xx_ll_usb.o
                0x0000000008006f40                USB_CoreInit
 .text.USB_EnableGlobalInt
                0x0000000008006f50       0x14 ./Drivers/STM32F1xx_HAL_Driver/Src/stm32f1xx_ll_usb.o
                0x0000000008006f50                USB_EnableGlobalInt
 .text.USB_DisableGlobalInt
                0x0000000008006f64       0x14 ./Drivers/STM32F1xx_HAL_Driver/Src/stm32f1xx_ll_usb.o
                0x0000000008006f64                USB_DisableGlobalInt
 .text.USB_SetCurrentMode
                0x0000000008006f78        0x4 ./Drivers/STM32F1xx_HAL_Driver/Src/stm32f1xx_ll_usb.o
                0x0000000008006f78                USB_SetCurrentMode
 .text.USB_DevInit
                0x0000000008006f7c       0x28 ./Drivers/STM32F1xx_HAL_Driver/Src/stm32f1xx_ll_usb.o
                0x0000000008006f7c                USB_DevInit
 .text.USB_ActivateEndpoint
                0x0000000008006fa4      0x304 ./Drivers/STM32F1xx_HAL_Driver/Src/stm32f1xx_ll_usb.o
                0x0000000008006fa4                USB_ActivateEndpoint
 .text.USB_DeactivateEndpoint
                0x00000000080072a8      0x1ec ./Drivers/STM32F1xx_HAL_Driver/Src/stm32f1xx_ll_usb.o
                0x00000000080072a8                USB_DeactivateEndpoint
 .text.USB_EPStartXfer
                0x0000000008007494      0x7c8 ./Drivers/STM32F1xx_HAL_Driver/Src/stm32f1xx_ll_usb.o
                0x0000000008007494                USB_EPStartXfer
 .text.USB_EPSetStall
                0x0000000008007c5c       0x50 ./Drivers/STM32F1xx_HAL_Driver/Src/stm32f1xx_ll_usb.o
                0x0000000008007c5c                USB_EPSetStall
 .text.USB_EPClearStall
                0x0000000008007cac       0xb0 ./Drivers/STM32F1xx_HAL_Driver/Src/stm32f1xx_ll_usb.o
                0x0000000008007cac                USB_EPClearStall
 .text.USB_SetDevAddress
                0x0000000008007d5c        0xc ./Drivers/STM32F1xx_HAL_Driver/Src/stm32f1xx_ll_usb.o
                0x0000000008007d5c                USB_SetDevAddress
 .text.USB_DevConnect
                0x0000000008007d68        0x4 ./Drivers/STM32F1xx_HAL_Driver/Src/stm32f1xx_ll_usb.o
                0x0000000008007d68                USB_DevConnect
 .text.USB_DevDisconnect
                0x0000000008007d6c        0x4 ./Drivers/STM32F1xx_HAL_Driver/Src/stm32f1xx_ll_usb.o
                0x0000000008007d6c                USB_DevDisconnect
 .text.USB_ReadInterrupts
                0x0000000008007d70        0x8 ./Drivers/STM32F1xx_HAL_Driver/Src/stm32f1xx_ll_usb.o
                0x0000000008007d70                USB_ReadInterrupts
 .text.USB_EP0_OutStart
                0x0000000008007d78        0x4 ./Drivers/STM32F1xx_HAL_Driver/Src/stm32f1xx_ll_usb.o
                0x0000000008007d78                USB_EP0_OutStart
 .text.USB_WritePMA
                0x0000000008007d7c       0x20 ./Drivers/STM32F1xx_HAL_Driver/Src/stm32f1xx_ll_usb.o
                0x0000000008007d7c                USB_WritePMA
 .text.USB_ReadPMA
                0x0000000008007d9c       0x48 ./Drivers/STM32F1xx_HAL_Driver/Src/stm32f1xx_ll_usb.o
                0x0000000008007d9c                USB_ReadPMA
 .text.USBD_CDC_EP0_RxReady
                0x0000000008007de4       0x2c ./Middlewares/ST/STM32_USB_Device_Library/Class/CDC/Src/usbd_cdc.o
 .text.USBD_CDC_GetFSCfgDesc
                0x0000000008007e10       0x10 ./Middlewares/ST/STM32_USB_Device_Library/Class/CDC/Src/usbd_cdc.o
 .text.USBD_CDC_GetHSCfgDesc
                0x0000000008007e20       0x10 ./Middlewares/ST/STM32_USB_Device_Library/Class/CDC/Src/usbd_cdc.o
 .text.USBD_CDC_GetOtherSpeedCfgDesc
                0x0000000008007e30       0x10 ./Middlewares/ST/STM32_USB_Device_Library/Class/CDC/Src/usbd_cdc.o
 .text.USBD_CDC_GetDeviceQualifierDescriptor
                0x0000000008007e40       0x10 ./Middlewares/ST/STM32_USB_Device_Library/Class/CDC/Src/usbd_cdc.o
                0x0000000008007e40                USBD_CDC_GetDeviceQualifierDescriptor
 .text.USBD_CDC_DataOut
                0x0000000008007e50       0x30 ./Middlewares/ST/STM32_USB_Device_Library/Class/CDC/Src/usbd_cdc.o
 .text.USBD_CDC_DataIn
                0x0000000008007e80       0x44 ./Middlewares/ST/STM32_USB_Device_Library/Class/CDC/Src/usbd_cdc.o
 .text.USBD_CDC_Setup
                0x0000000008007ec4       0xc4 ./Middlewares/ST/STM32_USB_Device_Library/Class/CDC/Src/usbd_cdc.o
 .text.USBD_CDC_DeInit
                0x0000000008007f88       0x44 ./Middlewares/ST/STM32_USB_Device_Library/Class/CDC/Src/usbd_cdc.o
 .text.USBD_CDC_Init
                0x0000000008007fcc       0xb0 ./Middlewares/ST/STM32_USB_Device_Library/Class/CDC/Src/usbd_cdc.o
 .text.USBD_CDC_RegisterInterface
                0x000000000800807c       0x10 ./Middlewares/ST/STM32_USB_Device_Library/Class/CDC/Src/usbd_cdc.o
                0x000000000800807c                USBD_CDC_RegisterInterface
 .text.USBD_CDC_SetTxBuffer
                0x000000000800808c       0x10 ./Middlewares/ST/STM32_USB_Device_Library/Class/CDC/Src/usbd_cdc.o
                0x000000000800808c                USBD_CDC_SetTxBuffer
 .text.USBD_CDC_SetRxBuffer
                0x000000000800809c        0xc ./Middlewares/ST/STM32_USB_Device_Library/Class/CDC/Src/usbd_cdc.o
                0x000000000800809c                USBD_CDC_SetRxBuffer
 .text.USBD_CDC_ReceivePacket
                0x00000000080080a8       0x34 ./Middlewares/ST/STM32_USB_Device_Library/Class/CDC/Src/usbd_cdc.o
                0x00000000080080a8                USBD_CDC_ReceivePacket
 .text.USBD_Init
                0x00000000080080dc       0x2c ./Middlewares/ST/STM32_USB_Device_Library/Core/Src/usbd_core.o
                0x00000000080080dc                USBD_Init
 .text.USBD_RegisterClass
                0x0000000008008108       0x10 ./Middlewares/ST/STM32_USB_Device_Library/Core/Src/usbd_core.o
                0x0000000008008108                USBD_RegisterClass
 .text.USBD_Start
                0x0000000008008118        0xc ./Middlewares/ST/STM32_USB_Device_Library/Core/Src/usbd_core.o
                0x0000000008008118                USBD_Start
 .text.USBD_SetClassConfig
                0x0000000008008124       0x14 ./Middlewares/ST/STM32_USB_Device_Library/Core/Src/usbd_core.o
                0x0000000008008124                USBD_SetClassConfig
 .text.USBD_ClrClassConfig
                0x0000000008008138       0x10 ./Middlewares/ST/STM32_USB_Device_Library/Core/Src/usbd_core.o
                0x0000000008008138                USBD_ClrClassConfig
 .text.USBD_LL_SetupStage
                0x0000000008008148       0x5c ./Middlewares/ST/STM32_USB_Device_Library/Core/Src/usbd_core.o
                0x0000000008008148                USBD_LL_SetupStage
 .text.USBD_LL_DataOutStage
                0x00000000080081a4       0x7c ./Middlewares/ST/STM32_USB_Device_Library/Core/Src/usbd_core.o
                0x00000000080081a4                USBD_LL_DataOutStage
 .text.USBD_LL_DataInStage
                0x0000000008008220       0xc0 ./Middlewares/ST/STM32_USB_Device_Library/Core/Src/usbd_core.o
                0x0000000008008220                USBD_LL_DataInStage
 .text.USBD_LL_Reset
                0x00000000080082e0       0x50 ./Middlewares/ST/STM32_USB_Device_Library/Core/Src/usbd_core.o
                0x00000000080082e0                USBD_LL_Reset
 .text.USBD_LL_SetSpeed
                0x0000000008008330        0x8 ./Middlewares/ST/STM32_USB_Device_Library/Core/Src/usbd_core.o
                0x0000000008008330                USBD_LL_SetSpeed
 .text.USBD_LL_Suspend
                0x0000000008008338       0x14 ./Middlewares/ST/STM32_USB_Device_Library/Core/Src/usbd_core.o
                0x0000000008008338                USBD_LL_Suspend
 .text.USBD_LL_Resume
                0x000000000800834c       0x14 ./Middlewares/ST/STM32_USB_Device_Library/Core/Src/usbd_core.o
                0x000000000800834c                USBD_LL_Resume
 .text.USBD_LL_SOF
                0x0000000008008360       0x1c ./Middlewares/ST/STM32_USB_Device_Library/Core/Src/usbd_core.o
                0x0000000008008360                USBD_LL_SOF
 .text.USBD_StdDevReq
                0x000000000800837c      0x2f4 ./Middlewares/ST/STM32_USB_Device_Library/Core/Src/usbd_ctlreq.o
                0x000000000800837c                USBD_StdDevReq
 .text.USBD_StdItfReq
                0x0000000008008670       0x68 ./Middlewares/ST/STM32_USB_Device_Library/Core/Src/usbd_ctlreq.o
                0x0000000008008670                USBD_StdItfReq
 .text.USBD_StdEPReq
                0x00000000080086d8      0x130 ./Middlewares/ST/STM32_USB_Device_Library/Core/Src/usbd_ctlreq.o
                0x00000000080086d8                USBD_StdEPReq
 .text.USBD_ParseSetupRequest
                0x0000000008008808       0x28 ./Middlewares/ST/STM32_USB_Device_Library/Core/Src/usbd_ctlreq.o
                0x0000000008008808                USBD_ParseSetupRequest
 .text.USBD_CtlError
                0x0000000008008830       0x18 ./Middlewares/ST/STM32_USB_Device_Library/Core/Src/usbd_ctlreq.o
                0x0000000008008830                USBD_CtlError
 .text.USBD_GetString
                0x0000000008008848       0x4c ./Middlewares/ST/STM32_USB_Device_Library/Core/Src/usbd_ctlreq.o
                0x0000000008008848                USBD_GetString
 .text.USBD_CtlSendData
                0x0000000008008894       0x1c ./Middlewares/ST/STM32_USB_Device_Library/Core/Src/usbd_ioreq.o
                0x0000000008008894                USBD_CtlSendData
 .text.USBD_CtlContinueSendData
                0x00000000080088b0       0x14 ./Middlewares/ST/STM32_USB_Device_Library/Core/Src/usbd_ioreq.o
                0x00000000080088b0                USBD_CtlContinueSendData
 .text.USBD_CtlPrepareRx
                0x00000000080088c4       0x1c ./Middlewares/ST/STM32_USB_Device_Library/Core/Src/usbd_ioreq.o
                0x00000000080088c4                USBD_CtlPrepareRx
 .text.USBD_CtlContinueRx
                0x00000000080088e0       0x14 ./Middlewares/ST/STM32_USB_Device_Library/Core/Src/usbd_ioreq.o
                0x00000000080088e0                USBD_CtlContinueRx
 .text.USBD_CtlSendStatus
                0x00000000080088f4       0x18 ./Middlewares/ST/STM32_USB_Device_Library/Core/Src/usbd_ioreq.o
                0x00000000080088f4                USBD_CtlSendStatus
 .text.USBD_CtlReceiveStatus
                0x000000000800890c       0x18 ./Middlewares/ST/STM32_USB_Device_Library/Core/Src/usbd_ioreq.o
                0x000000000800890c                USBD_CtlReceiveStatus
 .text.MX_USB_DEVICE_Init
                0x0000000008008924       0x74 ./USB_DEVICE/App/usb_device.o
                0x0000000008008924                MX_USB_DEVICE_Init
 .text.CDC_DeInit_FS
                0x0000000008008998        0x4 ./USB_DEVICE/App/usbd_cdc_if.o
 .text.CDC_Control_FS
                0x000000000800899c        0x4 ./USB_DEVICE/App/usbd_cdc_if.o
 .text.CDC_Receive_FS
                0x00000000080089a0       0x1c ./USB_DEVICE/App/usbd_cdc_if.o
 .text.CDC_Init_FS
                0x00000000080089bc       0x28 ./USB_DEVICE/App/usbd_cdc_if.o
 .text.USBD_FS_DeviceDescriptor
                0x00000000080089e4        0xc ./USB_DEVICE/App/usbd_desc.o
                0x00000000080089e4                USBD_FS_DeviceDescriptor
 .text.USBD_FS_LangIDStrDescriptor
                0x00000000080089f0        0xc ./USB_DEVICE/App/usbd_desc.o
                0x00000000080089f0                USBD_FS_LangIDStrDescriptor
 .text.USBD_FS_ManufacturerStrDescriptor
                0x00000000080089fc       0x1c ./USB_DEVICE/App/usbd_desc.o
                0x00000000080089fc                USBD_FS_ManufacturerStrDescriptor
 .text.USBD_FS_ProductStrDescriptor
                0x0000000008008a18       0x1c ./USB_DEVICE/App/usbd_desc.o
                0x0000000008008a18                USBD_FS_ProductStrDescriptor
 .text.USBD_FS_ConfigStrDescriptor
                0x0000000008008a34       0x1c ./USB_DEVICE/App/usbd_desc.o
                0x0000000008008a34                USBD_FS_ConfigStrDescriptor
 .text.USBD_FS_InterfaceStrDescriptor
                0x0000000008008a50       0x1c ./USB_DEVICE/App/usbd_desc.o
                0x0000000008008a50                USBD_FS_InterfaceStrDescriptor
 .text.USBD_FS_SerialStrDescriptor
                0x0000000008008a6c      0x10c ./USB_DEVICE/App/usbd_desc.o
                0x0000000008008a6c                USBD_FS_SerialStrDescriptor
 .text.HAL_PCD_MspInit
                0x0000000008008b78       0x40 ./USB_DEVICE/Target/usbd_conf.o
                0x0000000008008b78                HAL_PCD_MspInit
 .text.HAL_PCD_SetupStageCallback
                0x0000000008008bb8        0xc ./USB_DEVICE/Target/usbd_conf.o
                0x0000000008008bb8                HAL_PCD_SetupStageCallback
 .text.HAL_PCD_DataOutStageCallback
                0x0000000008008bc4       0x14 ./USB_DEVICE/Target/usbd_conf.o
                0x0000000008008bc4                HAL_PCD_DataOutStageCallback
 .text.HAL_PCD_DataInStageCallback
                0x0000000008008bd8       0x14 ./USB_DEVICE/Target/usbd_conf.o
                0x0000000008008bd8                HAL_PCD_DataInStageCallback
 .text.HAL_PCD_SOFCallback
                0x0000000008008bec        0x8 ./USB_DEVICE/Target/usbd_conf.o
                0x0000000008008bec                HAL_PCD_SOFCallback
 .text.HAL_PCD_ResetCallback
                0x0000000008008bf4       0x24 ./USB_DEVICE/Target/usbd_conf.o
                0x0000000008008bf4                HAL_PCD_ResetCallback
 .text.HAL_PCD_SuspendCallback
                0x0000000008008c18       0x20 ./USB_DEVICE/Target/usbd_conf.o
                0x0000000008008c18                HAL_PCD_SuspendCallback
 .text.HAL_PCD_ResumeCallback
                0x0000000008008c38        0x8 ./USB_DEVICE/Target/usbd_conf.o
                0x0000000008008c38                HAL_PCD_ResumeCallback
 .text.USBD_LL_Init
                0x0000000008008c40       0x84 ./USB_DEVICE/Target/usbd_conf.o
                0x0000000008008c40                USBD_LL_Init
 .text.USBD_LL_Start
                0x0000000008008cc4       0x1c ./USB_DEVICE/Target/usbd_conf.o
                0x0000000008008cc4                USBD_LL_Start
 .text.USBD_LL_OpenEP
                0x0000000008008ce0       0x20 ./USB_DEVICE/Target/usbd_conf.o
                0x0000000008008ce0                USBD_LL_OpenEP
 .text.USBD_LL_CloseEP
                0x0000000008008d00       0x1c ./USB_DEVICE/Target/usbd_conf.o
                0x0000000008008d00                USBD_LL_CloseEP
 .text.USBD_LL_StallEP
                0x0000000008008d1c       0x1c ./USB_DEVICE/Target/usbd_conf.o
                0x0000000008008d1c                USBD_LL_StallEP
 .text.USBD_LL_ClearStallEP
                0x0000000008008d38       0x1c ./USB_DEVICE/Target/usbd_conf.o
                0x0000000008008d38                USBD_LL_ClearStallEP
 .text.USBD_LL_IsStallEP
                0x0000000008008d54       0x28 ./USB_DEVICE/Target/usbd_conf.o
                0x0000000008008d54                USBD_LL_IsStallEP
 .text.USBD_LL_SetUSBAddress
                0x0000000008008d7c       0x1c ./USB_DEVICE/Target/usbd_conf.o
                0x0000000008008d7c                USBD_LL_SetUSBAddress
 .text.USBD_LL_Transmit
                0x0000000008008d98       0x1c ./USB_DEVICE/Target/usbd_conf.o
                0x0000000008008d98                USBD_LL_Transmit
 .text.USBD_LL_PrepareReceive
                0x0000000008008db4       0x1c ./USB_DEVICE/Target/usbd_conf.o
                0x0000000008008db4                USBD_LL_PrepareReceive
 .text.USBD_LL_GetRxDataSize
                0x0000000008008dd0        0x8 ./USB_DEVICE/Target/usbd_conf.o
                0x0000000008008dd0                USBD_LL_GetRxDataSize
 .text.USBD_static_malloc
                0x0000000008008dd8        0x8 ./USB_DEVICE/Target/usbd_conf.o
                0x0000000008008dd8                USBD_static_malloc
 .text.USBD_static_free
                0x0000000008008de0        0x4 ./USB_DEVICE/Target/usbd_conf.o
                0x0000000008008de0                USBD_static_free
 .text.HAL_PCDEx_SetConnectionState
                0x0000000008008de4        0x4 ./USB_DEVICE/Target/usbd_conf.o
                0x0000000008008de4                HAL_PCDEx_SetConnectionState
 .text._ZdlPvj  0x0000000008008de8        0x4 f:/stm32cubeide_1.3.0/stm32cubeide/plugins/com.st.stm32cube.ide.mcu.externaltools.gnu-tools-for-stm32.9-2020-q2-update.win32_2.0.0.202105311346/tools/bin/../lib/gcc/arm-none-eabi/9.3.1/../../../../arm-none-eabi/lib/thumb/v7-m/nofp\libstdc++_nano.a(del_ops.o)
                0x0000000008008de8                operator delete(void*, unsigned int)
 .text._ZdaPv   0x0000000008008dec        0x4 f:/stm32cubeide_1.3.0/stm32cubeide/plugins/com.st.stm32cube.ide.mcu.externaltools.gnu-tools-for-stm32.9-2020-q2-update.win32_2.0.0.202105311346/tools/bin/../lib/gcc/arm-none-eabi/9.3.1/../../../../arm-none-eabi/lib/thumb/v7-m/nofp\libstdc++_nano.a(del_opv.o)
                0x0000000008008dec                operator delete[](void*)
 .text._Znwj    0x0000000008008df0       0x22 f:/stm32cubeide_1.3.0/stm32cubeide/plugins/com.st.stm32cube.ide.mcu.externaltools.gnu-tools-for-stm32.9-2020-q2-update.win32_2.0.0.202105311346/tools/bin/../lib/gcc/arm-none-eabi/9.3.1/../../../../arm-none-eabi/lib/thumb/v7-m/nofp\libstdc++_nano.a(new_op.o)
                0x0000000008008df0                operator new(unsigned int)
 .text._Znaj    0x0000000008008e12        0x4 f:/stm32cubeide_1.3.0/stm32cubeide/plugins/com.st.stm32cube.ide.mcu.externaltools.gnu-tools-for-stm32.9-2020-q2-update.win32_2.0.0.202105311346/tools/bin/../lib/gcc/arm-none-eabi/9.3.1/../../../../arm-none-eabi/lib/thumb/v7-m/nofp\libstdc++_nano.a(new_opv.o)
                0x0000000008008e12                operator new[](unsigned int)
 .text._ZdlPv   0x0000000008008e16        0x4 f:/stm32cubeide_1.3.0/stm32cubeide/plugins/com.st.stm32cube.ide.mcu.externaltools.gnu-tools-for-stm32.9-2020-q2-update.win32_2.0.0.202105311346/tools/bin/../lib/gcc/arm-none-eabi/9.3.1/../../../../arm-none-eabi/lib/thumb/v7-m/nofp\libstdc++_nano.a(del_op.o)
                0x0000000008008e16                operator delete(void*)
 *fill*         0x0000000008008e1a        0x2 
 .text._ZSt15get_new_handlerv
                0x0000000008008e1c       0x10 f:/stm32cubeide_1.3.0/stm32cubeide/plugins/com.st.stm32cube.ide.mcu.externaltools.gnu-tools-for-stm32.9-2020-q2-update.win32_2.0.0.202105311346/tools/bin/../lib/gcc/arm-none-eabi/9.3.1/../../../../arm-none-eabi/lib/thumb/v7-m/nofp\libstdc++_nano.a(new_handler.o)
                0x0000000008008e1c                std::get_new_handler()
 .text.abort    0x0000000008008e2c        0xe f:/stm32cubeide_1.3.0/stm32cubeide/plugins/com.st.stm32cube.ide.mcu.externaltools.gnu-tools-for-stm32.9-2020-q2-update.win32_2.0.0.202105311346/tools/bin/../lib/gcc/arm-none-eabi/9.3.1/../../../../arm-none-eabi/lib/thumb/v7-m/nofp\libc_nano.a(lib_a-abort.o)
                0x0000000008008e2c                abort
 *fill*         0x0000000008008e3a        0x2 
 .text.__errno  0x0000000008008e3c        0xc f:/stm32cubeide_1.3.0/stm32cubeide/plugins/com.st.stm32cube.ide.mcu.externaltools.gnu-tools-for-stm32.9-2020-q2-update.win32_2.0.0.202105311346/tools/bin/../lib/gcc/arm-none-eabi/9.3.1/../../../../arm-none-eabi/lib/thumb/v7-m/nofp\libc_nano.a(lib_a-errno.o)
                0x0000000008008e3c                __errno
 .text.__libc_init_array
                0x0000000008008e48       0x48 f:/stm32cubeide_1.3.0/stm32cubeide/plugins/com.st.stm32cube.ide.mcu.externaltools.gnu-tools-for-stm32.9-2020-q2-update.win32_2.0.0.202105311346/tools/bin/../lib/gcc/arm-none-eabi/9.3.1/../../../../arm-none-eabi/lib/thumb/v7-m/nofp\libc_nano.a(lib_a-init.o)
                0x0000000008008e48                __libc_init_array
 .text.malloc   0x0000000008008e90       0x10 f:/stm32cubeide_1.3.0/stm32cubeide/plugins/com.st.stm32cube.ide.mcu.externaltools.gnu-tools-for-stm32.9-2020-q2-update.win32_2.0.0.202105311346/tools/bin/../lib/gcc/arm-none-eabi/9.3.1/../../../../arm-none-eabi/lib/thumb/v7-m/nofp\libc_nano.a(lib_a-malloc.o)
                0x0000000008008e90                malloc
 .text.free     0x0000000008008ea0       0x10 f:/stm32cubeide_1.3.0/stm32cubeide/plugins/com.st.stm32cube.ide.mcu.externaltools.gnu-tools-for-stm32.9-2020-q2-update.win32_2.0.0.202105311346/tools/bin/../lib/gcc/arm-none-eabi/9.3.1/../../../../arm-none-eabi/lib/thumb/v7-m/nofp\libc_nano.a(lib_a-malloc.o)
                0x0000000008008ea0                free
 .text.memcpy   0x0000000008008eb0       0x1c f:/stm32cubeide_1.3.0/stm32cubeide/plugins/com.st.stm32cube.ide.mcu.externaltools.gnu-tools-for-stm32.9-2020-q2-update.win32_2.0.0.202105311346/tools/bin/../lib/gcc/arm-none-eabi/9.3.1/../../../../arm-none-eabi/lib/thumb/v7-m/nofp\libc_nano.a(lib_a-memcpy-stub.o)
                0x0000000008008eb0                memcpy
 .text.memset   0x0000000008008ecc       0x10 f:/stm32cubeide_1.3.0/stm32cubeide/plugins/com.st.stm32cube.ide.mcu.externaltools.gnu-tools-for-stm32.9-2020-q2-update.win32_2.0.0.202105311346/tools/bin/../lib/gcc/arm-none-eabi/9.3.1/../../../../arm-none-eabi/lib/thumb/v7-m/nofp\libc_nano.a(lib_a-memset.o)
                0x0000000008008ecc                memset
 .text._free_r  0x0000000008008edc       0x98 f:/stm32cubeide_1.3.0/stm32cubeide/plugins/com.st.stm32cube.ide.mcu.externaltools.gnu-tools-for-stm32.9-2020-q2-update.win32_2.0.0.202105311346/tools/bin/../lib/gcc/arm-none-eabi/9.3.1/../../../../arm-none-eabi/lib/thumb/v7-m/nofp\libc_nano.a(lib_a-nano-freer.o)
                0x0000000008008edc                _free_r
 .text._malloc_r
                0x0000000008008f74       0xb4 f:/stm32cubeide_1.3.0/stm32cubeide/plugins/com.st.stm32cube.ide.mcu.externaltools.gnu-tools-for-stm32.9-2020-q2-update.win32_2.0.0.202105311346/tools/bin/../lib/gcc/arm-none-eabi/9.3.1/../../../../arm-none-eabi/lib/thumb/v7-m/nofp\libc_nano.a(lib_a-nano-mallocr.o)
                0x0000000008008f74                _malloc_r
 .text._sbrk_r  0x0000000008009028       0x20 f:/stm32cubeide_1.3.0/stm32cubeide/plugins/com.st.stm32cube.ide.mcu.externaltools.gnu-tools-for-stm32.9-2020-q2-update.win32_2.0.0.202105311346/tools/bin/../lib/gcc/arm-none-eabi/9.3.1/../../../../arm-none-eabi/lib/thumb/v7-m/nofp\libc_nano.a(lib_a-sbrkr.o)
                0x0000000008009028                _sbrk_r
 .text._raise_r
                0x0000000008009048       0x50 f:/stm32cubeide_1.3.0/stm32cubeide/plugins/com.st.stm32cube.ide.mcu.externaltools.gnu-tools-for-stm32.9-2020-q2-update.win32_2.0.0.202105311346/tools/bin/../lib/gcc/arm-none-eabi/9.3.1/../../../../arm-none-eabi/lib/thumb/v7-m/nofp\libc_nano.a(lib_a-signal.o)
                0x0000000008009048                _raise_r
 .text.raise    0x0000000008009098       0x10 f:/stm32cubeide_1.3.0/stm32cubeide/plugins/com.st.stm32cube.ide.mcu.externaltools.gnu-tools-for-stm32.9-2020-q2-update.win32_2.0.0.202105311346/tools/bin/../lib/gcc/arm-none-eabi/9.3.1/../../../../arm-none-eabi/lib/thumb/v7-m/nofp\libc_nano.a(lib_a-signal.o)
                0x0000000008009098                raise
 .text._kill_r  0x00000000080090a8       0x24 f:/stm32cubeide_1.3.0/stm32cubeide/plugins/com.st.stm32cube.ide.mcu.externaltools.gnu-tools-for-stm32.9-2020-q2-update.win32_2.0.0.202105311346/tools/bin/../lib/gcc/arm-none-eabi/9.3.1/../../../../arm-none-eabi/lib/thumb/v7-m/nofp\libc_nano.a(lib_a-signalr.o)
                0x00000000080090a8                _kill_r
 .text._getpid_r
                0x00000000080090cc        0x4 f:/stm32cubeide_1.3.0/stm32cubeide/plugins/com.st.stm32cube.ide.mcu.externaltools.gnu-tools-for-stm32.9-2020-q2-update.win32_2.0.0.202105311346/tools/bin/../lib/gcc/arm-none-eabi/9.3.1/../../../../arm-none-eabi/lib/thumb/v7-m/nofp\libc_nano.a(lib_a-signalr.o)
                0x00000000080090cc                _getpid_r
 .text.snprintf
                0x00000000080090d0       0x68 f:/stm32cubeide_1.3.0/stm32cubeide/plugins/com.st.stm32cube.ide.mcu.externaltools.gnu-tools-for-stm32.9-2020-q2-update.win32_2.0.0.202105311346/tools/bin/../lib/gcc/arm-none-eabi/9.3.1/../../../../arm-none-eabi/lib/thumb/v7-m/nofp\libc_nano.a(lib_a-snprintf.o)
                0x00000000080090d0                sniprintf
                0x00000000080090d0                snprintf
 .text.strcpy   0x0000000008009138       0x10 f:/stm32cubeide_1.3.0/stm32cubeide/plugins/com.st.stm32cube.ide.mcu.externaltools.gnu-tools-for-stm32.9-2020-q2-update.win32_2.0.0.202105311346/tools/bin/../lib/gcc/arm-none-eabi/9.3.1/../../../../arm-none-eabi/lib/thumb/v7-m/nofp\libc_nano.a(lib_a-strcpy.o)
                0x0000000008009138                strcpy
 .text.__malloc_lock
                0x0000000008009148        0xc f:/stm32cubeide_1.3.0/stm32cubeide/plugins/com.st.stm32cube.ide.mcu.externaltools.gnu-tools-for-stm32.9-2020-q2-update.win32_2.0.0.202105311346/tools/bin/../lib/gcc/arm-none-eabi/9.3.1/../../../../arm-none-eabi/lib/thumb/v7-m/nofp\libc_nano.a(lib_a-mlock.o)
                0x0000000008009148                __malloc_lock
 .text.__malloc_unlock
                0x0000000008009154        0xc f:/stm32cubeide_1.3.0/stm32cubeide/plugins/com.st.stm32cube.ide.mcu.externaltools.gnu-tools-for-stm32.9-2020-q2-update.win32_2.0.0.202105311346/tools/bin/../lib/gcc/arm-none-eabi/9.3.1/../../../../arm-none-eabi/lib/thumb/v7-m/nofp\libc_nano.a(lib_a-mlock.o)
                0x0000000008009154                __malloc_unlock
 .text.__ssputs_r
                0x0000000008009160       0xb6 f:/stm32cubeide_1.3.0/stm32cubeide/plugins/com.st.stm32cube.ide.mcu.externaltools.gnu-tools-for-stm32.9-2020-q2-update.win32_2.0.0.202105311346/tools/bin/../lib/gcc/arm-none-eabi/9.3.1/../../../../arm-none-eabi/lib/thumb/v7-m/nofp\libc_nano.a(lib_a-nano-svfprintf.o)
                0x0000000008009160                __ssputs_r
 *fill*         0x0000000008009216        0x2 
 .text._svfprintf_r
                0x0000000008009218      0x200 f:/stm32cubeide_1.3.0/stm32cubeide/plugins/com.st.stm32cube.ide.mcu.externaltools.gnu-tools-for-stm32.9-2020-q2-update.win32_2.0.0.202105311346/tools/bin/../lib/gcc/arm-none-eabi/9.3.1/../../../../arm-none-eabi/lib/thumb/v7-m/nofp\libc_nano.a(lib_a-nano-svfprintf.o)
                0x0000000008009218                _svfiprintf_r
                0x0000000008009218                _svfprintf_r
 .text._printf_common
                0x0000000008009418       0xde f:/stm32cubeide_1.3.0/stm32cubeide/plugins/com.st.stm32cube.ide.mcu.externaltools.gnu-tools-for-stm32.9-2020-q2-update.win32_2.0.0.202105311346/tools/bin/../lib/gcc/arm-none-eabi/9.3.1/../../../../arm-none-eabi/lib/thumb/v7-m/nofp\libc_nano.a(lib_a-nano-vfprintf_i.o)
                0x0000000008009418                _printf_common
 *fill*         0x00000000080094f6        0x2 
 .text._printf_i
                0x00000000080094f8      0x24c f:/stm32cubeide_1.3.0/stm32cubeide/plugins/com.st.stm32cube.ide.mcu.externaltools.gnu-tools-for-stm32.9-2020-q2-update.win32_2.0.0.202105311346/tools/bin/../lib/gcc/arm-none-eabi/9.3.1/../../../../arm-none-eabi/lib/thumb/v7-m/nofp\libc_nano.a(lib_a-nano-vfprintf_i.o)
                0x00000000080094f8                _printf_i
 .text.__retarget_lock_acquire_recursive
                0x0000000008009744        0x2 f:/stm32cubeide_1.3.0/stm32cubeide/plugins/com.st.stm32cube.ide.mcu.externaltools.gnu-tools-for-stm32.9-2020-q2-update.win32_2.0.0.202105311346/tools/bin/../lib/gcc/arm-none-eabi/9.3.1/../../../../arm-none-eabi/lib/thumb/v7-m/nofp\libc_nano.a(lib_a-lock.o)
                0x0000000008009744                __retarget_lock_acquire_recursive
 .text.__retarget_lock_release_recursive
                0x0000000008009746        0x2 f:/stm32cubeide_1.3.0/stm32cubeide/plugins/com.st.stm32cube.ide.mcu.externaltools.gnu-tools-for-stm32.9-2020-q2-update.win32_2.0.0.202105311346/tools/bin/../lib/gcc/arm-none-eabi/9.3.1/../../../../arm-none-eabi/lib/thumb/v7-m/nofp\libc_nano.a(lib_a-lock.o)
                0x0000000008009746                __retarget_lock_release_recursive
 .text.memchr   0x0000000008009748       0x1c f:/stm32cubeide_1.3.0/stm32cubeide/plugins/com.st.stm32cube.ide.mcu.externaltools.gnu-tools-for-stm32.9-2020-q2-update.win32_2.0.0.202105311346/tools/bin/../lib/gcc/arm-none-eabi/9.3.1/../../../../arm-none-eabi/lib/thumb/v7-m/nofp\libc_nano.a(lib_a-memchr-stub.o)
                0x0000000008009748                memchr
 .text.memmove  0x0000000008009764       0x34 f:/stm32cubeide_1.3.0/stm32cubeide/plugins/com.st.stm32cube.ide.mcu.externaltools.gnu-tools-for-stm32.9-2020-q2-update.win32_2.0.0.202105311346/tools/bin/../lib/gcc/arm-none-eabi/9.3.1/../../../../arm-none-eabi/lib/thumb/v7-m/nofp\libc_nano.a(lib_a-memmove.o)
                0x0000000008009764                memmove
 .text._realloc_r
                0x0000000008009798       0x4c f:/stm32cubeide_1.3.0/stm32cubeide/plugins/com.st.stm32cube.ide.mcu.externaltools.gnu-tools-for-stm32.9-2020-q2-update.win32_2.0.0.202105311346/tools/bin/../lib/gcc/arm-none-eabi/9.3.1/../../../../arm-none-eabi/lib/thumb/v7-m/nofp\libc_nano.a(lib_a-nano-reallocr.o)
                0x0000000008009798                _realloc_r
 .text._malloc_usable_size_r
                0x00000000080097e4       0x10 f:/stm32cubeide_1.3.0/stm32cubeide/plugins/com.st.stm32cube.ide.mcu.externaltools.gnu-tools-for-stm32.9-2020-q2-update.win32_2.0.0.202105311346/tools/bin/../lib/gcc/arm-none-eabi/9.3.1/../../../../arm-none-eabi/lib/thumb/v7-m/nofp\libc_nano.a(lib_a-nano-msizer.o)
                0x00000000080097e4                _malloc_usable_size_r
 *(.glue_7)
 .glue_7        0x00000000080097f4        0x0 linker stubs
 *(.glue_7t)
 .glue_7t       0x00000000080097f4        0x0 linker stubs
 *(.eh_frame)
 .eh_frame      0x00000000080097f4        0x0 f:/stm32cubeide_1.3.0/stm32cubeide/plugins/com.st.stm32cube.ide.mcu.externaltools.gnu-tools-for-stm32.9-2020-q2-update.win32_2.0.0.202105311346/tools/bin/../lib/gcc/arm-none-eabi/9.3.1/thumb/v7-m/nofp/crtbegin.o
 *(.init)
 .init          0x00000000080097f4        0x4 f:/stm32cubeide_1.3.0/stm32cubeide/plugins/com.st.stm32cube.ide.mcu.externaltools.gnu-tools-for-stm32.9-2020-q2-update.win32_2.0.0.202105311346/tools/bin/../lib/gcc/arm-none-eabi/9.3.1/thumb/v7-m/nofp/crti.o
                0x00000000080097f4                _init
 .init          0x00000000080097f8        0x8 f:/stm32cubeide_1.3.0/stm32cubeide/plugins/com.st.stm32cube.ide.mcu.externaltools.gnu-tools-for-stm32.9-2020-q2-update.win32_2.0.0.202105311346/tools/bin/../lib/gcc/arm-none-eabi/9.3.1/thumb/v7-m/nofp/crtn.o
 *(.fini)
 .fini          0x0000000008009800        0x4 f:/stm32cubeide_1.3.0/stm32cubeide/plugins/com.st.stm32cube.ide.mcu.externaltools.gnu-tools-for-stm32.9-2020-q2-update.win32_2.0.0.202105311346/tools/bin/../lib/gcc/arm-none-eabi/9.3.1/thumb/v7-m/nofp/crti.o
                0x0000000008009800                _fini
 .fini          0x0000000008009804        0x8 f:/stm32cubeide_1.3.0/stm32cubeide/plugins/com.st.stm32cube.ide.mcu.externaltools.gnu-tools-for-stm32.9-2020-q2-update.win32_2.0.0.202105311346/tools/bin/../lib/gcc/arm-none-eabi/9.3.1/thumb/v7-m/nofp/crtn.o
                0x000000000800980c                . = ALIGN (0x4)
                0x000000000800980c                _etext = .

.vfp11_veneer   0x000000000800980c        0x0
 .vfp11_veneer  0x000000000800980c        0x0 linker stubs

.v4_bx          0x000000000800980c        0x0
 .v4_bx         0x000000000800980c        0x0 linker stubs

.iplt           0x000000000800980c        0x0
 .iplt          0x000000000800980c        0x0 f:/stm32cubeide_1.3.0/stm32cubeide/plugins/com.st.stm32cube.ide.mcu.externaltools.gnu-tools-for-stm32.9-2020-q2-update.win32_2.0.0.202105311346/tools/bin/../lib/gcc/arm-none-eabi/9.3.1/thumb/v7-m/nofp/crtbegin.o

.rodata         0x000000000800980c     0x6060
                0x000000000800980c                . = ALIGN (0x4)
 *(.rodata)
 .rodata        0x000000000800980c       0x24 ./Core/Src/Lcd/ili9488.o
 *(.rodata*)
 .rodata._ZN12LCDTelemetryC2Ev.str1.4
                0x0000000008009830       0x2a ./Core/Src/LCDTelemetry.o
 *fill*         0x000000000800985a        0x2 
 .rodata._ZN12LCDTelemetry6UpdateE9Telemetry.str1.4
                0x000000000800985c       0x46 ./Core/Src/LCDTelemetry.o
                                         0x4a (size before relaxing)
 *fill*         0x00000000080098a2        0x2 
 .rodata._ZL14FreeSans24pt7b
                0x00000000080098a4        0xc ./Core/Src/LCDTelemetry.o
 .rodata._ZL20FreeSans24pt7bGlyphs
                0x00000000080098b0      0x2f8 ./Core/Src/LCDTelemetry.o
 .rodata._ZL21FreeSans24pt7bBitmaps
                0x0000000008009ba8     0x1d28 ./Core/Src/LCDTelemetry.o
 .rodata._ZN8MainPageC2EP9Telemetry.str1.4
                0x000000000800b8d0       0x55 ./Core/Src/MainPage.o
                                         0x5d (size before relaxing)
 *fill*         0x000000000800b925        0x3 
 .rodata._ZN8MainPage6UpdateE9Telemetryh.str1.4
                0x000000000800b928       0x4a ./Core/Src/MainPage.o
                                         0x62 (size before relaxing)
 *fill*         0x000000000800b972        0x2 
 .rodata._ZL14FreeSans12pt7b
                0x000000000800b974        0xc ./Core/Src/MainPage.o
 .rodata._ZL14FreeSans18pt7b
                0x000000000800b980        0xc ./Core/Src/MainPage.o
 .rodata._ZL14FreeSans24pt7b
                0x000000000800b98c        0xc ./Core/Src/MainPage.o
 .rodata._ZL20FreeSans12pt7bGlyphs
                0x000000000800b998      0x2f8 ./Core/Src/MainPage.o
 .rodata._ZL20FreeSans18pt7bGlyphs
                0x000000000800bc90      0x2f8 ./Core/Src/MainPage.o
 .rodata._ZL20FreeSans24pt7bGlyphs
                0x000000000800bf88      0x2f8 ./Core/Src/MainPage.o
 .rodata._ZL21FreeSans12pt7bBitmaps
                0x000000000800c280      0x7b1 ./Core/Src/MainPage.o
 *fill*         0x000000000800ca31        0x3 
 .rodata._ZL21FreeSans18pt7bBitmaps
                0x000000000800ca34     0x103f ./Core/Src/MainPage.o
 *fill*         0x000000000800da73        0x1 
 .rodata._ZL21FreeSans24pt7bBitmaps
                0x000000000800da74     0x1d28 ./Core/Src/MainPage.o
 .rodata.cppmain.str1.4
                0x000000000800f79c       0x14 ./Core/Src/cppmain.o
 .rodata.AHBPrescTable
                0x000000000800f7b0       0x10 ./Core/Src/system_stm32f1xx.o
                0x000000000800f7b0                AHBPrescTable
 .rodata.APBPrescTable
                0x000000000800f7c0        0x8 ./Core/Src/system_stm32f1xx.o
                0x000000000800f7c0                APBPrescTable
 .rodata.ili9488_Init.str1.4
                0x000000000800f7c8        0xd ./Core/Src/Lcd/ili9488.o
 *fill*         0x000000000800f7d5        0x3 
 .rodata.HAL_RCC_ClockConfig.str1.4
                0x000000000800f7d8       0x11 ./Drivers/STM32F1xx_HAL_Driver/Src/stm32f1xx_hal_rcc.o
 *fill*         0x000000000800f7e9        0x3 
 .rodata.USBD_FS_ManufacturerStrDescriptor.str1.4
                0x000000000800f7ec       0x13 ./USB_DEVICE/App/usbd_desc.o
 *fill*         0x000000000800f7ff        0x1 
 .rodata.USBD_FS_ProductStrDescriptor.str1.4
                0x000000000800f800       0x16 ./USB_DEVICE/App/usbd_desc.o
 *fill*         0x000000000800f816        0x2 
 .rodata.USBD_FS_ConfigStrDescriptor.str1.4
                0x000000000800f818        0xb ./USB_DEVICE/App/usbd_desc.o
 *fill*         0x000000000800f823        0x1 
 .rodata.USBD_FS_InterfaceStrDescriptor.str1.4
                0x000000000800f824        0xe ./USB_DEVICE/App/usbd_desc.o
 *fill*         0x000000000800f832        0x2 
 .rodata.CSWTCH.3
                0x000000000800f834        0x4 ./USB_DEVICE/Target/usbd_conf.o
 .rodata._svfprintf_r.str1.1
                0x000000000800f838       0x11 f:/stm32cubeide_1.3.0/stm32cubeide/plugins/com.st.stm32cube.ide.mcu.externaltools.gnu-tools-for-stm32.9-2020-q2-update.win32_2.0.0.202105311346/tools/bin/../lib/gcc/arm-none-eabi/9.3.1/../../../../arm-none-eabi/lib/thumb/v7-m/nofp\libc_nano.a(lib_a-nano-svfprintf.o)
 .rodata._printf_i.str1.1
                0x000000000800f849       0x22 f:/stm32cubeide_1.3.0/stm32cubeide/plugins/com.st.stm32cube.ide.mcu.externaltools.gnu-tools-for-stm32.9-2020-q2-update.win32_2.0.0.202105311346/tools/bin/../lib/gcc/arm-none-eabi/9.3.1/../../../../arm-none-eabi/lib/thumb/v7-m/nofp\libc_nano.a(lib_a-nano-vfprintf_i.o)
                0x000000000800f86c                . = ALIGN (0x4)
 *fill*         0x000000000800f86b        0x1 

.rel.dyn        0x000000000800f86c        0x0
 .rel.iplt      0x000000000800f86c        0x0 f:/stm32cubeide_1.3.0/stm32cubeide/plugins/com.st.stm32cube.ide.mcu.externaltools.gnu-tools-for-stm32.9-2020-q2-update.win32_2.0.0.202105311346/tools/bin/../lib/gcc/arm-none-eabi/9.3.1/thumb/v7-m/nofp/crtbegin.o

.ARM.extab      0x000000000800f86c        0x0
                0x000000000800f86c                . = ALIGN (0x4)
 *(.ARM.extab* .gnu.linkonce.armextab.*)
                0x000000000800f86c                . = ALIGN (0x4)

.ARM            0x000000000800f86c        0x0
                0x000000000800f86c                . = ALIGN (0x4)
                0x000000000800f86c                __exidx_start = .
 *(.ARM.exidx*)
                0x000000000800f86c                __exidx_end = .
                0x000000000800f86c                . = ALIGN (0x4)

.preinit_array  0x000000000800f86c        0x0
                0x000000000800f86c                . = ALIGN (0x4)
                0x000000000800f86c                PROVIDE (__preinit_array_start = .)
 *(.preinit_array*)
                0x000000000800f86c                PROVIDE (__preinit_array_end = .)
                0x000000000800f86c                . = ALIGN (0x4)

.init_array     0x000000000800f86c        0x4
                0x000000000800f86c                . = ALIGN (0x4)
                0x000000000800f86c                PROVIDE (__init_array_start = .)
 *(SORT_BY_NAME(.init_array.*))
 *(.init_array*)
 .init_array    0x000000000800f86c        0x4 f:/stm32cubeide_1.3.0/stm32cubeide/plugins/com.st.stm32cube.ide.mcu.externaltools.gnu-tools-for-stm32.9-2020-q2-update.win32_2.0.0.202105311346/tools/bin/../lib/gcc/arm-none-eabi/9.3.1/thumb/v7-m/nofp/crtbegin.o
                0x000000000800f870                PROVIDE (__init_array_end = .)
                0x000000000800f870                . = ALIGN (0x4)

.fini_array     0x000000000800f870        0x4
                0x000000000800f870                . = ALIGN (0x4)
                [!provide]                        PROVIDE (__fini_array_start = .)
 *(SORT_BY_NAME(.fini_array.*))
 *(.fini_array*)
 .fini_array    0x000000000800f870        0x4 f:/stm32cubeide_1.3.0/stm32cubeide/plugins/com.st.stm32cube.ide.mcu.externaltools.gnu-tools-for-stm32.9-2020-q2-update.win32_2.0.0.202105311346/tools/bin/../lib/gcc/arm-none-eabi/9.3.1/thumb/v7-m/nofp/crtbegin.o
                [!provide]                        PROVIDE (__fini_array_end = .)
                0x000000000800f874                . = ALIGN (0x4)
                0x000000000800f874                _sidata = LOADADDR (.data)

.data           0x0000000020000000      0x258 load address 0x000000000800f874
                0x0000000020000000                . = ALIGN (0x4)
                0x0000000020000000                _sdata = .
 *(.data)
 *(.data*)
 .data.running  0x0000000020000000        0x1 ./Core/Src/cppmain.o
                0x0000000020000000                running
 *fill*         0x0000000020000001        0x3 
 .data.SystemCoreClock
                0x0000000020000004        0x4 ./Core/Src/system_stm32f1xx.o
                0x0000000020000004                SystemCoreClock
 .data.ili9488_drv
                0x0000000020000008       0x44 ./Core/Src/Lcd/ili9488.o
                0x0000000020000008                ili9488_drv
 .data.ili9488_ts_drv
                0x000000002000004c       0x28 ./Core/Src/Lcd/ili9488.o
                0x000000002000004c                ili9488_ts_drv
 .data.lcd_drv  0x0000000020000074        0x4 ./Core/Src/Lcd/ili9488.o
                0x0000000020000074                lcd_drv
 .data.ts_drv   0x0000000020000078        0x4 ./Core/Src/Lcd/ili9488.o
                0x0000000020000078                ts_drv
 .data.uwTickFreq
                0x000000002000007c        0x1 ./Drivers/STM32F1xx_HAL_Driver/Src/stm32f1xx_hal.o
                0x000000002000007c                uwTickFreq
 *fill*         0x000000002000007d        0x3 
 .data.uwTickPrio
                0x0000000020000080        0x4 ./Drivers/STM32F1xx_HAL_Driver/Src/stm32f1xx_hal.o
                0x0000000020000080                uwTickPrio
 .data.USBD_CDC
                0x0000000020000084       0x38 ./Middlewares/ST/STM32_USB_Device_Library/Class/CDC/Src/usbd_cdc.o
                0x0000000020000084                USBD_CDC
 .data.USBD_CDC_CfgFSDesc
                0x00000000200000bc       0x43 ./Middlewares/ST/STM32_USB_Device_Library/Class/CDC/Src/usbd_cdc.o
                0x00000000200000bc                USBD_CDC_CfgFSDesc
 *fill*         0x00000000200000ff        0x1 
 .data.USBD_CDC_CfgHSDesc
                0x0000000020000100       0x43 ./Middlewares/ST/STM32_USB_Device_Library/Class/CDC/Src/usbd_cdc.o
                0x0000000020000100                USBD_CDC_CfgHSDesc
 *fill*         0x0000000020000143        0x1 
 .data.USBD_CDC_DeviceQualifierDesc
                0x0000000020000144        0xa ./Middlewares/ST/STM32_USB_Device_Library/Class/CDC/Src/usbd_cdc.o
 *fill*         0x000000002000014e        0x2 
 .data.USBD_CDC_OtherSpeedCfgDesc
                0x0000000020000150       0x43 ./Middlewares/ST/STM32_USB_Device_Library/Class/CDC/Src/usbd_cdc.o
                0x0000000020000150                USBD_CDC_OtherSpeedCfgDesc
 *fill*         0x0000000020000193        0x1 
 .data.USBD_Interface_fops_FS
                0x0000000020000194       0x10 ./USB_DEVICE/App/usbd_cdc_if.o
                0x0000000020000194                USBD_Interface_fops_FS
 .data.FS_Desc  0x00000000200001a4       0x1c ./USB_DEVICE/App/usbd_desc.o
                0x00000000200001a4                FS_Desc
 .data.USBD_FS_DeviceDesc
                0x00000000200001c0       0x12 ./USB_DEVICE/App/usbd_desc.o
                0x00000000200001c0                USBD_FS_DeviceDesc
 *fill*         0x00000000200001d2        0x2 
 .data.USBD_LangIDDesc
                0x00000000200001d4        0x4 ./USB_DEVICE/App/usbd_desc.o
                0x00000000200001d4                USBD_LangIDDesc
 .data.USBD_StringSerial
                0x00000000200001d8       0x1a ./USB_DEVICE/App/usbd_desc.o
                0x00000000200001d8                USBD_StringSerial
 *fill*         0x00000000200001f2        0x2 
 .data._impure_ptr
                0x00000000200001f4        0x4 f:/stm32cubeide_1.3.0/stm32cubeide/plugins/com.st.stm32cube.ide.mcu.externaltools.gnu-tools-for-stm32.9-2020-q2-update.win32_2.0.0.202105311346/tools/bin/../lib/gcc/arm-none-eabi/9.3.1/../../../../arm-none-eabi/lib/thumb/v7-m/nofp\libc_nano.a(lib_a-impure.o)
                0x00000000200001f4                _impure_ptr
 .data.impure_data
                0x00000000200001f8       0x60 f:/stm32cubeide_1.3.0/stm32cubeide/plugins/com.st.stm32cube.ide.mcu.externaltools.gnu-tools-for-stm32.9-2020-q2-update.win32_2.0.0.202105311346/tools/bin/../lib/gcc/arm-none-eabi/9.3.1/../../../../arm-none-eabi/lib/thumb/v7-m/nofp\libc_nano.a(lib_a-impure.o)
                0x0000000020000258                . = ALIGN (0x4)
                0x0000000020000258                _edata = .

.igot.plt       0x0000000020000258        0x0 load address 0x000000000800facc
 .igot.plt      0x0000000020000258        0x0 f:/stm32cubeide_1.3.0/stm32cubeide/plugins/com.st.stm32cube.ide.mcu.externaltools.gnu-tools-for-stm32.9-2020-q2-update.win32_2.0.0.202105311346/tools/bin/../lib/gcc/arm-none-eabi/9.3.1/thumb/v7-m/nofp/crtbegin.o
                0x0000000020000258                . = ALIGN (0x4)

.bss            0x0000000020000258     0x18c0 load address 0x000000000800facc
                0x0000000020000258                _sbss = .
                0x0000000020000258                __bss_start__ = _sbss
 *(.bss)
 .bss           0x0000000020000258       0x1c f:/stm32cubeide_1.3.0/stm32cubeide/plugins/com.st.stm32cube.ide.mcu.externaltools.gnu-tools-for-stm32.9-2020-q2-update.win32_2.0.0.202105311346/tools/bin/../lib/gcc/arm-none-eabi/9.3.1/thumb/v7-m/nofp/crtbegin.o
 *(.bss*)
 .bss.ADC_BUF   0x0000000020000274       0x14 ./Core/Src/cppmain.o
                0x0000000020000274                ADC_BUF
 .bss.I2C_status
                0x0000000020000288        0x1 ./Core/Src/cppmain.o
                0x0000000020000288                I2C_status
 *fill*         0x0000000020000289        0x3 
 .bss.button_buf
                0x000000002000028c        0x4 ./Core/Src/cppmain.o
                0x000000002000028c                button_buf
 .bss.lastTick  0x0000000020000290        0x4 ./Core/Src/cppmain.o
                0x0000000020000290                lastTick
 .bss.listenEnded
                0x0000000020000294        0x1 ./Core/Src/cppmain.o
                0x0000000020000294                listenEnded
 *fill*         0x0000000020000295        0x3 
 .bss.telemetry
                0x0000000020000298       0x56 ./Core/Src/cppmain.o
                0x0000000020000298                telemetry
 *fill*         0x00000000200002ee        0x2 
 .bss.trans_str
                0x00000000200002f0       0x40 ./Core/Src/cppmain.o
                0x00000000200002f0                trans_str
 .bss.__sbrk_heap_end
                0x0000000020000330        0x4 ./Core/Src/sysmem.o
 .bss.BUF_DMA   0x0000000020000334      0x454 ./Core/Src/ws2812.o
                0x0000000020000334                BUF_DMA
 .bss.LED_Data  0x0000000020000788       0x54 ./Core/Src/ws2812.o
                0x0000000020000788                LED_Data
 .bss.Is_ili9488_Initialized
                0x00000000200007dc        0x1 ./Core/Src/Lcd/ili9488.o
 .bss.ret.6899  0x00000000200007dd        0x1 ./Core/Src/Lcd/ili9488.o
 *fill*         0x00000000200007de        0x2 
 .bss.scrparam.6857
                0x00000000200007e0        0x8 ./Core/Src/Lcd/ili9488.o
 .bss.TsXBoundary
                0x00000000200007e8        0x2 ./Core/Src/Lcd/stm32_adafruit_ts.o
 .bss.TsYBoundary
                0x00000000200007ea        0x2 ./Core/Src/Lcd/stm32_adafruit_ts.o
 .bss.cfgidx.8616
                0x00000000200007ec        0x1 ./Middlewares/ST/STM32_USB_Device_Library/Core/Src/usbd_ctlreq.o
 *fill*         0x00000000200007ed        0x3 
 .bss.mem.8686  0x00000000200007f0      0x220 ./USB_DEVICE/Target/usbd_conf.o
 .bss._ZN12_GLOBAL__N_113__new_handlerE
                0x0000000020000a10        0x4 f:/stm32cubeide_1.3.0/stm32cubeide/plugins/com.st.stm32cube.ide.mcu.externaltools.gnu-tools-for-stm32.9-2020-q2-update.win32_2.0.0.202105311346/tools/bin/../lib/gcc/arm-none-eabi/9.3.1/../../../../arm-none-eabi/lib/thumb/v7-m/nofp\libstdc++_nano.a(new_handler.o)
 .bss.__malloc_free_list
                0x0000000020000a14        0x4 f:/stm32cubeide_1.3.0/stm32cubeide/plugins/com.st.stm32cube.ide.mcu.externaltools.gnu-tools-for-stm32.9-2020-q2-update.win32_2.0.0.202105311346/tools/bin/../lib/gcc/arm-none-eabi/9.3.1/../../../../arm-none-eabi/lib/thumb/v7-m/nofp\libc_nano.a(lib_a-nano-mallocr.o)
                0x0000000020000a14                __malloc_free_list
 .bss.__malloc_sbrk_start
                0x0000000020000a18        0x4 f:/stm32cubeide_1.3.0/stm32cubeide/plugins/com.st.stm32cube.ide.mcu.externaltools.gnu-tools-for-stm32.9-2020-q2-update.win32_2.0.0.202105311346/tools/bin/../lib/gcc/arm-none-eabi/9.3.1/../../../../arm-none-eabi/lib/thumb/v7-m/nofp\libc_nano.a(lib_a-nano-mallocr.o)
                0x0000000020000a18                __malloc_sbrk_start
 *(COMMON)
 COMMON         0x0000000020000a1c      0x154 ./Core/Src/main.o
                0x0000000020000a1c                hdma_tim2_ch1
                0x0000000020000a60                hi2c1
                0x0000000020000ab4                hadc1
                0x0000000020000ae4                hdma_adc1
                0x0000000020000b28                htim2
 COMMON         0x0000000020000b70        0x4 ./Core/Src/Lcd/ili9488.o
                0x0000000020000b70                tx
                0x0000000020000b72                ty
 COMMON         0x0000000020000b74        0x1 ./Core/Src/Lcd/lcdts_io_gpio8.o
                0x0000000020000b74                lcd_data8
 *fill*         0x0000000020000b75        0x3 
 COMMON         0x0000000020000b78        0xc ./Core/Src/Lcd/stm32_adafruit_lcd.o
                0x0000000020000b78                DrawProp
 COMMON         0x0000000020000b84        0x4 ./Drivers/STM32F1xx_HAL_Driver/Src/stm32f1xx_hal.o
                0x0000000020000b84                uwTick
 COMMON         0x0000000020000b88      0x2c4 ./USB_DEVICE/App/usb_device.o
                0x0000000020000b88                hUsbDeviceFS
 COMMON         0x0000000020000e4c      0x7d0 ./USB_DEVICE/App/usbd_cdc_if.o
                0x0000000020000e4c                UserRxBufferFS
                0x0000000020001234                UserTxBufferFS
 COMMON         0x000000002000161c      0x200 ./USB_DEVICE/App/usbd_desc.o
                0x000000002000161c                USBD_StrDesc
 COMMON         0x000000002000181c      0x2ec ./USB_DEVICE/Target/usbd_conf.o
                0x000000002000181c                hpcd_USB_FS
 COMMON         0x0000000020001b08        0x4 f:/stm32cubeide_1.3.0/stm32cubeide/plugins/com.st.stm32cube.ide.mcu.externaltools.gnu-tools-for-stm32.9-2020-q2-update.win32_2.0.0.202105311346/tools/bin/../lib/gcc/arm-none-eabi/9.3.1/../../../../arm-none-eabi/lib/thumb/v7-m/nofp\libc_nano.a(lib_a-reent.o)
                0x0000000020001b08                errno
 COMMON         0x0000000020001b0c        0x9 f:/stm32cubeide_1.3.0/stm32cubeide/plugins/com.st.stm32cube.ide.mcu.externaltools.gnu-tools-for-stm32.9-2020-q2-update.win32_2.0.0.202105311346/tools/bin/../lib/gcc/arm-none-eabi/9.3.1/../../../../arm-none-eabi/lib/thumb/v7-m/nofp\libc_nano.a(lib_a-lock.o)
                0x0000000020001b0c                __lock___atexit_recursive_mutex
                0x0000000020001b0d                __lock___arc4random_mutex
                0x0000000020001b0e                __lock___env_recursive_mutex
                0x0000000020001b0f                __lock___sinit_recursive_mutex
                0x0000000020001b10                __lock___malloc_recursive_mutex
                0x0000000020001b11                __lock___at_quick_exit_mutex
                0x0000000020001b12                __lock___dd_hash_mutex
                0x0000000020001b13                __lock___tz_mutex
                0x0000000020001b14                __lock___sfp_recursive_mutex
                0x0000000020001b18                . = ALIGN (0x4)
 *fill*         0x0000000020001b15        0x3 
                0x0000000020001b18                _ebss = .
                0x0000000020001b18                __bss_end__ = _ebss

._user_heap_stack
                0x0000000020001b18      0x600 load address 0x000000000800facc
                0x0000000020001b18                . = ALIGN (0x8)
                [!provide]                        PROVIDE (end = .)
                0x0000000020001b18                PROVIDE (_end = .)
                0x0000000020001d18                . = (. + _Min_Heap_Size)
 *fill*         0x0000000020001b18      0x200 
                0x0000000020002118                . = (. + _Min_Stack_Size)
 *fill*         0x0000000020001d18      0x400 
                0x0000000020002118                . = ALIGN (0x8)

/DISCARD/
 libc.a(*)
 libm.a(*)
 libgcc.a(*)

.ARM.attributes
                0x0000000000000000       0x29
 *(.ARM.attributes)
 .ARM.attributes
                0x0000000000000000       0x1d f:/stm32cubeide_1.3.0/stm32cubeide/plugins/com.st.stm32cube.ide.mcu.externaltools.gnu-tools-for-stm32.9-2020-q2-update.win32_2.0.0.202105311346/tools/bin/../lib/gcc/arm-none-eabi/9.3.1/thumb/v7-m/nofp/crti.o
 .ARM.attributes
                0x000000000000001d       0x2d f:/stm32cubeide_1.3.0/stm32cubeide/plugins/com.st.stm32cube.ide.mcu.externaltools.gnu-tools-for-stm32.9-2020-q2-update.win32_2.0.0.202105311346/tools/bin/../lib/gcc/arm-none-eabi/9.3.1/thumb/v7-m/nofp/crtbegin.o
 .ARM.attributes
                0x000000000000004a       0x29 ./Core/Src/FlickerFreeChar.o
 .ARM.attributes
                0x0000000000000073       0x29 ./Core/Src/FlickerFreeText.o
 .ARM.attributes
                0x000000000000009c       0x29 ./Core/Src/LCDTelemetry.o
 .ARM.attributes
                0x00000000000000c5       0x29 ./Core/Src/MainPage.o
 .ARM.attributes
                0x00000000000000ee       0x29 ./Core/Src/cppmain.o
 .ARM.attributes
                0x0000000000000117       0x29 ./Core/Src/main.o
 .ARM.attributes
                0x0000000000000140       0x29 ./Core/Src/stm32f1xx_hal_msp.o
 .ARM.attributes
                0x0000000000000169       0x29 ./Core/Src/stm32f1xx_it.o
 .ARM.attributes